BL51 BANKED LINKER/LOCATER V6.22                                                        07/15/2016  17:46:19  PAGE 1


BL51 BANKED LINKER/LOCATER V6.22, INVOKED BY:
C:\\C51\BIN\BL51.EXE ..\OUT\STARTUP.obj, ..\OUT\crc.obj, ..\OUT\eeprom.obj, ..\OUT\key.obj, ..\OUT\led.obj, ..\OUT\main.
>> obj, ..\OUT\process.obj, ..\OUT\uart.obj, ..\OUT\timer.obj, ..\OUT\delay.obj, ..\OUT\init.obj, ..\OUT\commom.obj, ..\
>> OUT\mrc522_api.obj, ..\OUT\mrc522_hal.obj, ..\OUT\led_display.obj TO ..\OUT\X-DI10-RFID07.11 PRINT (.\X-DI10-RFID07.m
>> 51) RAMSIZE (256)


MEMORY MODEL: LARGE


INPUT MODULES INCLUDED:
  ..\OUT\STARTUP.obj (?C_STARTUP)
  ..\OUT\crc.obj (CRC)
  ..\OUT\eeprom.obj (EEPROM)
  ..\OUT\key.obj (KEY)
  ..\OUT\led.obj (LED)
  ..\OUT\main.obj (MAIN)
  ..\OUT\process.obj (PROCESS)
  ..\OUT\uart.obj (UART)
  ..\OUT\timer.obj (TIMER)
  ..\OUT\delay.obj (DELAY)
  ..\OUT\init.obj (INIT)
  ..\OUT\commom.obj (COMMOM)
  ..\OUT\mrc522_api.obj (MRC522_API)
  ..\OUT\mrc522_hal.obj (MRC522_HAL)
  ..\OUT\led_display.obj (LED_DISPLAY)
  C:\\C51\LIB\C51L.LIB (?C_INIT)
  C:\\C51\LIB\C51L.LIB (?C?CLDPTR)
  C:\\C51\LIB\C51L.LIB (?C?CLDOPTR)
  C:\\C51\LIB\C51L.LIB (?C?CSTPTR)
  C:\\C51\LIB\C51L.LIB (?C?CSTOPTR)
  C:\\C51\LIB\C51L.LIB (?C?IMUL)
  C:\\C51\LIB\C51L.LIB (?C?UIDIV)
  C:\\C51\LIB\C51L.LIB (?C?IILDX)
  C:\\C51\LIB\C51L.LIB (?C?ILDIX)
  C:\\C51\LIB\C51L.LIB (?C?ISTPTR)
  C:\\C51\LIB\C51L.LIB (?C?OFFXADD)


LINK MAP OF MODULE:  ..\OUT\X-DI10-RFID07.11 (?C_STARTUP)


            TYPE    BASE      LENGTH    RELOCATION   SEGMENT NAME
            -----------------------------------------------------

            * * * * * * *   D A T A   M E M O R Y   * * * * * * *
            REG     0000H     0008H     ABSOLUTE     "REG BANK 0"
            IDATA   0008H     000CH     UNIT         ?ID?LED
                    0014H     000CH                  *** GAP ***
            BIT     0020H.0   0000H.1   UNIT         ?BI?UART
                    0020H.1   0000H.7                *** GAP ***
            IDATA   0021H     0001H     UNIT         ?STACK

            * * * * * * *  X D A T A   M E M O R Y  * * * * * * *
            XDATA   0000H     00D3H     UNIT         ?XD?UART
            XDATA   00D3H     00B7H     UNIT         ?XD?LED
            XDATA   018AH     004EH     UNIT         ?XD?MAIN
            XDATA   01D8H     003BH     UNIT         _XDATA_GROUP_
BL51 BANKED LINKER/LOCATER V6.22                                                      07/15/2016  17:46:19  PAGE 2


            XDATA   0213H     0018H     UNIT         ?XD?_PCDVALUE?MRC522_API
            XDATA   022BH     0015H     UNIT         ?XD?_PCDBAKVALUE?MRC522_API
            XDATA   0240H     0010H     UNIT         ?XD?_READPARAINEEPROM?EEPROM
            XDATA   0250H     000BH     UNIT         ?XD?DISCODEPROTOCALV1?PROCESS
            XDATA   025BH     0008H     UNIT         ?XD?_EEPROM_READ_BLOCK?EEPROM
            XDATA   0263H     0008H     UNIT         ?XD?_EEPROM_WRITE_BLOCK?EEPROM
            XDATA   026BH     0006H     UNIT         ?XD?SAVEPARATOBLOCK?EEPROM
            XDATA   0271H     0005H     UNIT         ?XD?_CRC16?CRC
            XDATA   0276H     0005H     UNIT         ?XD?LOADPARAINEEPROM?EEPROM
            XDATA   027BH     0003H     UNIT         ?XD?PROCESS_KEYBOARD?KEY
            XDATA   027EH     0003H     UNIT         ?XD?KEY
            XDATA   0281H     0003H     UNIT         ?XD?MRC522_API
            XDATA   0284H     0002H     UNIT         ?XD?_BYTE_READ?EEPROM
            XDATA   0286H     0002H     UNIT         ?XD?_BYTE_PROGRAM?EEPROM
            XDATA   0288H     0002H     UNIT         ?XD?_SECTOR_ERASE?EEPROM
            XDATA   028AH     0002H     UNIT         ?XD?_GETLIGHTTOWERONTIME?LED
            XDATA   028CH     0002H     UNIT         ?XD?_GETLIGHTTOWEROFFTIME?LED
            XDATA   028EH     0002H     UNIT         ?XD?CMD_PROCESS?PROCESS
            XDATA   0290H     0001H     UNIT         ?XD?DELAY?KEY
            XDATA   0291H     0001H     UNIT         ?XD?START_INIT?INIT

            * * * * * * *   C O D E   M E M O R Y   * * * * * * *
            CODE    0000H     0003H     ABSOLUTE     
            CODE    0003H     001FH     UNIT         ?PR?INITT485?UART
                    0022H     0001H                  *** GAP ***
            CODE    0023H     0003H     ABSOLUTE     
            CODE    0026H     0018H     UNIT         ?PR?_DELAYMS?DELAY
            CODE    003EH     0004H     UNIT         ?PR?_EEPROM_ERASE_SECTOR?EEPROM
                    0042H     0001H                  *** GAP ***
            CODE    0043H     0003H     ABSOLUTE     
            CODE    0046H     0690H     UNIT         ?PR?DISCODEPROTOCALV1?PROCESS
            CODE    06D6H     023CH     UNIT         ?PR?DIGITAL_LED_DISP?LED
            CODE    0912H     0227H     UNIT         ?PR?_PCDCOMMF522?MRC522_API
            CODE    0B39H     0218H     UNIT         ?PR?CMD_LIGHETOWER_FLASH?LED
            CODE    0D51H     0200H     UNIT         ?CO?CRC
            CODE    0F51H     01A3H     UNIT         ?PR?START_INIT?INIT
            CODE    10F4H     016CH     UNIT         ?PR?_GETLIGHTTOWERONTIME?LED
            CODE    1260H     016CH     UNIT         ?PR?_GETLIGHTTOWEROFFTIME?LED
            CODE    13CCH     0138H     UNIT         ?C?LIB_CODE
            CODE    1504H     0132H     UNIT         ?PR?_PCDBAKVALUE?MRC522_API
            CODE    1636H     010BH     UNIT         ?PR?_READPARAINEEPROM?EEPROM
            CODE    1741H     00FBH     UNIT         ?PR?_PCDWRITE?MRC522_API
            CODE    183CH     00F9H     UNIT         ?C_INITSEG
            CODE    1935H     00E2H     UNIT         ?PR?ACK_MULTI_READ?PROCESS
            CODE    1A17H     00C2H     UNIT         ?PR?_PCDANTICOLL?MRC522_API
            CODE    1AD9H     00C0H     UNIT         ?PR?GETLEDONTIME?LED
            CODE    1B99H     00C0H     UNIT         ?PR?GETLEDOFFTIME?LED
            CODE    1C59H     00BFH     UNIT         ?PR?_PCDVALUE?MRC522_API
            CODE    1D18H     00B8H     UNIT         ?PR?LOADPARAINEEPROM?EEPROM
            CODE    1DD0H     00B8H     UNIT         ?PR?_CALULATECRC?MRC522_API
            CODE    1E88H     00B4H     UNIT         ?PR?_PCDSELECT?MRC522_API
            CODE    1F3CH     00A6H     UNIT         ?PR?_PCDAUTHSTATE?MRC522_API
            CODE    1FE2H     009CH     UNIT         ?PR?MAIN?MAIN
            CODE    207EH     0097H     UNIT         ?PR?_M1_READ?MRC522_API
            CODE    2115H     008EH     UNIT         ?PR?SAVEPARATOBLOCK?EEPROM
            CODE    21A3H     008DH     UNIT         ?PR?_PCDREQUEST?MRC522_API
            CODE    2230H     008CH     UNIT         ?C_C51STARTUP
BL51 BANKED LINKER/LOCATER V6.22                                                      07/15/2016  17:46:19  PAGE 3


            CODE    22BCH     008CH     UNIT         ?PR?_PCDREAD?MRC522_API
            CODE    2348H     0062H     UNIT         ?PR?CMD_LED_FLASH?LED
            CODE    23AAH     005FH     UNIT         ?PR?_LED_LIGHT_CTRL?LED
            CODE    2409H     005EH     UNIT         ?PR?SCON232_INT?UART
            CODE    2467H     005BH     UNIT         ?PR?LED_SCAN?LED
            CODE    24C2H     0054H     UNIT         ?PR?_EEPROM_READ_BLOCK?EEPROM
            CODE    2516H     0054H     UNIT         ?PR?ACK_MULTI_WRITE?PROCESS
            CODE    256AH     0052H     UNIT         ?PR?PCDHALT?MRC522_API
            CODE    25BCH     0051H     UNIT         ?PR?_EEPROM_WRITE_BLOCK?EEPROM
            CODE    260DH     004EH     UNIT         ?PR?PROCESS_KEYBOARD?KEY
            CODE    265BH     004EH     UNIT         ?PR?PCDRESET?MRC522_API
            CODE    26A9H     004DH     UNIT         ?PR?_CRC16?CRC
            CODE    26F6H     004BH     UNIT         ?PR?ACK_MULTI_READTESTADDR?PROCESS
            CODE    2741H     0048H     UNIT         ?PR?SCON485_INT?UART
            CODE    2789H     0045H     UNIT         ?PR?CLEARALL?COMMOM
            CODE    27CEH     0043H     UNIT         ?PR?_READRAWRC?MRC522_HAL
            CODE    2811H     003CH     UNIT         ?PR?LED_BLINK?LED
            CODE    284DH     003BH     UNIT         ?PR?_WRITERAWRC?MRC522_HAL
            CODE    2888H     0035H     UNIT         ?PR?IO_INIT?INIT
            CODE    28BDH     0031H     UNIT         ?PR?SCAN_KEYBOARD?KEY
            CODE    28EEH     0030H     UNIT         ?PR?INITT232?UART
            CODE    291EH     002CH     UNIT         ?PR?INITIALIZESYSTEM?MAIN
            CODE    294AH     002AH     UNIT         ?PR?_BYTE_READ?EEPROM
            CODE    2974H     002AH     UNIT         ?PR?_SEND485SERIALBYTE?UART
            CODE    299EH     0028H     UNIT         ?PR?_BYTE_PROGRAM?EEPROM
            CODE    29C6H     0024H     UNIT         ?PR?LED_SUPPLYPOWER?LED
            CODE    29EAH     0022H     UNIT         ?PR?_SECTOR_ERASE?EEPROM
            CODE    2A0CH     0021H     UNIT         ?PR?_LED_SHOW?LED
            CODE    2A2DH     0021H     UNIT         ?PR?DISPLAY_CLEAR?LED
            CODE    2A4EH     001EH     UNIT         ?PR?DIGITAL_LED_DISPADDR?LED
            CODE    2A6CH     0016H     UNIT         ?CO?MAIN
            CODE    2A82H     0015H     UNIT         ?PR?DELAY?KEY
            CODE    2A97H     0014H     UNIT         ?PR?CMD_PROCESS?PROCESS
            CODE    2AABH     0013H     UNIT         ?PR?RESETADDR?PROCESS
            CODE    2ABEH     0013H     UNIT         ?PR?INITT0?TIMER
            CODE    2AD1H     0012H     UNIT         ?PR?PCDANTENNAON?MRC522_API
            CODE    2AE3H     0011H     UNIT         ?PR?UART485_INIT?UART
            CODE    2AF4H     0011H     UNIT         ?PR?UART232_INIT?UART
            CODE    2B05H     0010H     UNIT         ?CO?EEPROM
            CODE    2B15H     0010H     UNIT         ?PR?ACK_SINGLE_WRITE?PROCESS
            CODE    2B25H     000EH     UNIT         ?PR?DIGITAL_LED_CNTRL_INIT?LED
            CODE    2B33H     000EH     UNIT         ?PR?_CLEARBITMASK?MRC522_HAL
            CODE    2B41H     000DH     UNIT         ?PR?_SETBITMASK?MRC522_HAL
            CODE    2B4EH     000CH     UNIT         ?PR?IAP_DISABLE?EEPROM
            CODE    2B5AH     000AH     UNIT         ?PR?DELAY1MS?DELAY
            CODE    2B64H     000AH     UNIT         ?CO?INIT
            CODE    2B6EH     0007H     UNIT         ?PR?KEYPROCESSOK?KEY
            CODE    2B75H     0007H     UNIT         ?PR?PCDANTENNAOFF?MRC522_API
            CODE    2B7CH     0003H     UNIT         ?PR?LED_ON?LED
            CODE    2B7FH     0003H     UNIT         ?PR?LED_OFF?LED



OVERLAY MAP OF MODULE:   ..\OUT\X-DI10-RFID07.11 (?C_STARTUP)


SEGMENT                                      XDATA_GROUP
BL51 BANKED LINKER/LOCATER V6.22                                                      07/15/2016  17:46:19  PAGE 4


  +--> CALLED SEGMENT                      START    LENGTH
----------------------------------------------------------
?C_C51STARTUP                              -----    -----
  +--> ?PR?MAIN?MAIN
  +--> ?C_INITSEG

?PR?MAIN?MAIN                              01D8H    0004H
  +--> ?PR?INITIALIZESYSTEM?MAIN
  +--> ?PR?PCDRESET?MRC522_API
  +--> ?PR?PCDANTENNAOFF?MRC522_API
  +--> ?PR?PCDANTENNAON?MRC522_API
  +--> ?PR?_PCDREQUEST?MRC522_API
  +--> ?PR?LED_ON?LED
  +--> ?PR?_PCDANTICOLL?MRC522_API
  +--> ?PR?_PCDSELECT?MRC522_API
  +--> ?CO?MAIN
  +--> ?PR?_PCDAUTHSTATE?MRC522_API
  +--> ?PR?_PCDWRITE?MRC522_API
  +--> ?PR?_M1_READ?MRC522_API

?PR?PCDRESET?MRC522_API                    01DCH    0001H
  +--> ?PR?_DELAYMS?DELAY
  +--> ?PR?_WRITERAWRC?MRC522_HAL
  +--> ?PR?_READRAWRC?MRC522_HAL

?PR?_DELAYMS?DELAY                         -----    -----
  +--> ?PR?DELAY1MS?DELAY

?PR?PCDANTENNAOFF?MRC522_API               -----    -----
  +--> ?PR?_CLEARBITMASK?MRC522_HAL

?PR?_CLEARBITMASK?MRC522_HAL               -----    -----
  +--> ?PR?_READRAWRC?MRC522_HAL
  +--> ?PR?_WRITERAWRC?MRC522_HAL

?PR?PCDANTENNAON?MRC522_API                -----    -----
  +--> ?PR?_READRAWRC?MRC522_HAL
  +--> ?PR?_SETBITMASK?MRC522_HAL

?PR?_SETBITMASK?MRC522_HAL                 -----    -----
  +--> ?PR?_READRAWRC?MRC522_HAL
  +--> ?PR?_WRITERAWRC?MRC522_HAL

?PR?_PCDREQUEST?MRC522_API                 01E5H    0018H
  +--> ?PR?_CLEARBITMASK?MRC522_HAL
  +--> ?PR?_WRITERAWRC?MRC522_HAL
  +--> ?PR?_SETBITMASK?MRC522_HAL
  +--> ?PR?_PCDCOMMF522?MRC522_API

?PR?_PCDCOMMF522?MRC522_API                0202H    0011H
  +--> ?PR?_WRITERAWRC?MRC522_HAL
  +--> ?PR?_CLEARBITMASK?MRC522_HAL
  +--> ?PR?_SETBITMASK?MRC522_HAL
  +--> ?PR?_READRAWRC?MRC522_HAL

?PR?_PCDANTICOLL?MRC522_API                01E5H    0019H
  +--> ?PR?_CLEARBITMASK?MRC522_HAL
BL51 BANKED LINKER/LOCATER V6.22                                                      07/15/2016  17:46:19  PAGE 5


  +--> ?PR?_WRITERAWRC?MRC522_HAL
  +--> ?PR?_PCDCOMMF522?MRC522_API
  +--> ?PR?_SETBITMASK?MRC522_HAL

?PR?_PCDSELECT?MRC522_API                  01E5H    0017H
  +--> ?PR?_CALULATECRC?MRC522_API
  +--> ?PR?_CLEARBITMASK?MRC522_HAL
  +--> ?PR?_PCDCOMMF522?MRC522_API

?PR?_CALULATECRC?MRC522_API                01FCH    0008H
  +--> ?PR?_CLEARBITMASK?MRC522_HAL
  +--> ?PR?_WRITERAWRC?MRC522_HAL
  +--> ?PR?_SETBITMASK?MRC522_HAL
  +--> ?PR?_READRAWRC?MRC522_HAL

?PR?_PCDAUTHSTATE?MRC522_API               01E5H    001DH
  +--> ?PR?_PCDCOMMF522?MRC522_API
  +--> ?PR?_READRAWRC?MRC522_HAL

?PR?_PCDWRITE?MRC522_API                   01DCH    0017H
  +--> ?PR?_CALULATECRC?MRC522_API
  +--> ?PR?_PCDCOMMF522?MRC522_API

?PR?_M1_READ?MRC522_API                    01DCH    0009H
  +--> ?PR?_PCDREQUEST?MRC522_API
  +--> ?PR?_PCDANTICOLL?MRC522_API
  +--> ?PR?_PCDSELECT?MRC522_API
  +--> ?PR?_PCDAUTHSTATE?MRC522_API
  +--> ?PR?_PCDREAD?MRC522_API
  +--> ?PR?LED_BLINK?LED
  +--> ?PR?PCDHALT?MRC522_API

?PR?_PCDREAD?MRC522_API                    01E5H    0017H
  +--> ?PR?_CALULATECRC?MRC522_API
  +--> ?PR?_PCDCOMMF522?MRC522_API

?PR?LED_BLINK?LED                          -----    -----
  +--> ?PR?LED_ON?LED
  +--> ?PR?_DELAYMS?DELAY
  +--> ?PR?LED_OFF?LED

?PR?PCDHALT?MRC522_API                     01E5H    0015H
  +--> ?PR?_CALULATECRC?MRC522_API
  +--> ?PR?_PCDCOMMF522?MRC522_API



SYMBOL TABLE OF MODULE:  ..\OUT\X-DI10-RFID07.11 (?C_STARTUP)

  VALUE           TYPE          NAME
  ----------------------------------

  -------         MODULE        ?C_STARTUP
  C:2230H         SEGMENT       ?C_C51STARTUP
  I:0021H         SEGMENT       ?STACK
  C:0000H         PUBLIC        ?C_STARTUP
  D:00E0H         SYMBOL        ACC
BL51 BANKED LINKER/LOCATER V6.22                                                      07/15/2016  17:46:19  PAGE 6


  D:00F0H         SYMBOL        B
  D:0083H         SYMBOL        DPH
  D:0082H         SYMBOL        DPL
  N:0000H         SYMBOL        IBPSTACK
  N:0100H         SYMBOL        IBPSTACKTOP
  N:0080H         SYMBOL        IDATALEN
  C:2233H         SYMBOL        IDATALOOP
  N:0000H         SYMBOL        PBPSTACK
  N:0100H         SYMBOL        PBPSTACKTOP
  N:0000H         SYMBOL        PDATALEN
  N:0000H         SYMBOL        PDATASTART
  N:0000H         SYMBOL        PPAGE
  N:0000H         SYMBOL        PPAGEENABLE
  D:00A0H         SYMBOL        PPAGE_SFR
  D:0081H         SYMBOL        SP
  C:2230H         SYMBOL        STARTUP1
  N:0000H         SYMBOL        XBPSTACK
  N:0000H         SYMBOL        XBPSTACKTOP
  N:0000H         SYMBOL        XDATALEN
  N:0000H         SYMBOL        XDATASTART
  C:0000H         LINE#         126
  C:2230H         LINE#         133
  C:2232H         LINE#         134
  C:2233H         LINE#         135
  C:2234H         LINE#         136
  C:2236H         LINE#         185
  C:2239H         LINE#         196
  -------         ENDMOD        ?C_STARTUP

  -------         MODULE        CRC
  C:0000H         SYMBOL        _ICE_DUMMY_
  D:0080H         PUBLIC        P0
  D:0090H         PUBLIC        P1
  D:00A0H         PUBLIC        P2
  D:00B0H         PUBLIC        P3
  D:00C0H         PUBLIC        P4
  D:00C8H         PUBLIC        P5
  D:00A8H         PUBLIC        IE
  D:00B8H         PUBLIC        IP
  D:00D8H         PUBLIC        CCON
  C:0D51H         PUBLIC        auchCRCHi
  D:0098H         PUBLIC        SCON
  D:0088H         PUBLIC        TCON
  C:0E51H         PUBLIC        auchCRCLo
  C:26A9H         PUBLIC        _CRC16
  D:00D0H         PUBLIC        PSW
  -------         PROC          _CRC16
  X:0271H         SYMBOL        puchMsg
  X:0274H         SYMBOL        usDataLen
  -------         DO            
  D:0007H         SYMBOL        uchCRCHi
  D:0005H         SYMBOL        uchCRCLo
  D:0002H         SYMBOL        uIndex
  -------         ENDDO         
  C:26A9H         LINE#         89
  C:26BAH         LINE#         90
  C:26BAH         LINE#         91
BL51 BANKED LINKER/LOCATER V6.22                                                      07/15/2016  17:46:19  PAGE 7


  C:26BCH         LINE#         92
  C:26BEH         LINE#         95
  C:26CCH         LINE#         96
  C:26CCH         LINE#         97
  C:26E3H         LINE#         98
  C:26E9H         LINE#         99
  C:26EFH         LINE#         100
  C:26F1H         LINE#         101
  C:26F5H         LINE#         102
  -------         ENDPROC       _CRC16
  -------         ENDMOD        CRC

  -------         MODULE        EEPROM
  C:0000H         SYMBOL        _ICE_DUMMY_
  D:0080H         PUBLIC        P0
  D:0090H         PUBLIC        P1
  D:00A0H         PUBLIC        P2
  D:00B0H         PUBLIC        P3
  D:00C0H         PUBLIC        P4
  D:00C8H         PUBLIC        P5
  C:25BCH         PUBLIC        _eeprom_write_block
  D:00A8H         PUBLIC        IE
  D:00C5H         PUBLIC        IAP_CMD
  D:00B8H         PUBLIC        IP
  D:00C3H         PUBLIC        IAP_ADDRH
  D:00C4H         PUBLIC        IAP_ADDRL
  D:00D8H         PUBLIC        CCON
  C:1636H         PUBLIC        _ReadParaInEeprom
  C:1D18H         PUBLIC        LoadParaInEeprom
  D:0098H         PUBLIC        SCON
  D:0088H         PUBLIC        TCON
  D:00C7H         PUBLIC        IAP_CONTR
  C:29EAH         PUBLIC        _Sector_Erase
  C:2115H         PUBLIC        SaveParaToBlock
  C:2B05H         PUBLIC        SECTOR_PAGE
  C:299EH         PUBLIC        _Byte_Program
  D:00C2H         PUBLIC        IAP_DATA
  D:00C6H         PUBLIC        IAP_TRIG
  C:2B4EH         PUBLIC        IAP_Disable
  C:294AH         PUBLIC        _Byte_Read
  C:003EH         PUBLIC        _eeprom_erase_sector
  C:24C2H         PUBLIC        _eeprom_read_block
  D:00D0H         PUBLIC        PSW
  -------         PROC          _BYTE_READ
  D:0001H         SYMBOL        add
  -------         DO            
  X:0284H         SYMBOL        my_unTemp16
  -------         ENDDO         
  C:294AH         LINE#         19
  C:294AH         LINE#         20
  C:294AH         LINE#         23
  C:294DH         LINE#         24
  C:2950H         LINE#         25
  C:2953H         LINE#         27
  C:295DH         LINE#         28
  C:2963H         LINE#         29
  C:2967H         LINE#         32
BL51 BANKED LINKER/LOCATER V6.22                                                      07/15/2016  17:46:19  PAGE 8


  C:296AH         LINE#         33
  C:296DH         LINE#         34
  C:296EH         LINE#         36
  C:2971H         LINE#         38
  C:2973H         LINE#         39
  -------         ENDPROC       _BYTE_READ
  -------         PROC          _BYTE_PROGRAM
  D:0001H         SYMBOL        add
  D:0005H         SYMBOL        ch
  -------         DO            
  X:0286H         SYMBOL        my_unTemp16
  -------         ENDDO         
  C:299EH         LINE#         42
  C:299EH         LINE#         43
  C:299EH         LINE#         46
  C:29A1H         LINE#         47
  C:29A4H         LINE#         49
  C:29AEH         LINE#         50
  C:29B4H         LINE#         51
  C:29B8H         LINE#         53
  C:29BCH         LINE#         55
  C:29BFH         LINE#         56
  C:29C2H         LINE#         57
  C:29C3H         LINE#         59
  -------         ENDPROC       _BYTE_PROGRAM
  -------         PROC          _SECTOR_ERASE
  D:0006H         SYMBOL        add
  -------         DO            
  X:0288H         SYMBOL        my_unTemp16
  -------         ENDDO         
  C:29EAH         LINE#         64
  C:29EAH         LINE#         65
  C:29EAH         LINE#         68
  C:29EDH         LINE#         69
  C:29F0H         LINE#         71
  C:29F8H         LINE#         72
  C:29FEH         LINE#         73
  C:2A02H         LINE#         76
  C:2A05H         LINE#         77
  C:2A08H         LINE#         78
  C:2A09H         LINE#         80
  -------         ENDPROC       _SECTOR_ERASE
  -------         PROC          IAP_DISABLE
  C:2B4EH         LINE#         84
  C:2B4EH         LINE#         85
  C:2B4EH         LINE#         88
  C:2B51H         LINE#         89
  C:2B53H         LINE#         90
  C:2B55H         LINE#         91
  C:2B57H         LINE#         92
  C:2B59H         LINE#         93
  -------         ENDPROC       IAP_DISABLE
  -------         PROC          _EEPROM_READ_BLOCK
  X:025BH         SYMBOL        Buffer
  X:025EH         SYMBOL        beginAddr
  X:0261H         SYMBOL        len
  -------         DO            
BL51 BANKED LINKER/LOCATER V6.22                                                      07/15/2016  17:46:19  PAGE 9


  X:0262H         SYMBOL        i
  -------         ENDDO         
  C:24C2H         LINE#         100
  C:24CDH         LINE#         101
  C:24CDH         LINE#         104
  C:24DDH         LINE#         105
  C:24DDH         LINE#         106
  C:2503H         LINE#         107
  C:250DH         LINE#         108
  C:2515H         LINE#         111
  -------         ENDPROC       _EEPROM_READ_BLOCK
  -------         PROC          _EEPROM_WRITE_BLOCK
  X:0263H         SYMBOL        Buffer
  X:0266H         SYMBOL        beginAddr
  X:0269H         SYMBOL        len
  -------         DO            
  X:026AH         SYMBOL        i
  -------         ENDDO         
  C:25BCH         LINE#         116
  C:25C7H         LINE#         117
  C:25C7H         LINE#         120
  C:25D8H         LINE#         121
  C:25D8H         LINE#         122
  C:25FAH         LINE#         123
  C:2604H         LINE#         124
  C:260CH         LINE#         127
  -------         ENDPROC       _EEPROM_WRITE_BLOCK
  -------         PROC          _EEPROM_ERASE_SECTOR
  D:0006H         SYMBOL        pageAddr
  C:003EH         LINE#         142
  C:003EH         LINE#         143
  C:003EH         LINE#         144
  C:0041H         LINE#         147
  -------         ENDPROC       _EEPROM_ERASE_SECTOR
  -------         PROC          _READPARAINEEPROM
  D:0007H         SYMBOL        offset
  -------         DO            
  X:0240H         SYMBOL        i
  X:0241H         SYMBOL        para_page_0
  X:0246H         SYMBOL        para_page_1
  X:024BH         SYMBOL        para_page_2
  -------         ENDDO         
  C:1636H         LINE#         154
  C:1636H         LINE#         155
  C:1636H         LINE#         156
  C:163BH         LINE#         161
  C:1643H         LINE#         163
  C:1667H         LINE#         164
  C:168BH         LINE#         165
  C:16AFH         LINE#         167
  C:16CEH         LINE#         168
  C:16CEH         LINE#         171
  C:16DDH         LINE#         176
  C:16EAH         LINE#         177
  C:16EAH         LINE#         178
  C:170CH         LINE#         179
  C:170CH         LINE#         180
BL51 BANKED LINKER/LOCATER V6.22                                                      07/15/2016  17:46:19  PAGE 10


  C:1718H         LINE#         184
  C:1725H         LINE#         185
  C:1725H         LINE#         187
  C:1725H         LINE#         188
  C:1731H         LINE#         191
  C:1740H         LINE#         192
  C:1740H         LINE#         193
  -------         ENDPROC       _READPARAINEEPROM
  -------         PROC          SAVEPARATOBLOCK
  -------         DO            
  X:026BH         SYMBOL        i
  X:026CH         SYMBOL        buffer
  -------         ENDDO         
  C:2115H         LINE#         199
  C:2115H         LINE#         200
  C:2115H         LINE#         203
  C:2131H         LINE#         204
  C:2139H         LINE#         205
  C:2141H         LINE#         206
  C:2149H         LINE#         207
  C:2151H         LINE#         208
  C:215EH         LINE#         209
  C:216DH         LINE#         210
  C:216DH         LINE#         212
  C:219AH         LINE#         213
  C:21A2H         LINE#         214
  -------         ENDPROC       SAVEPARATOBLOCK
  -------         PROC          LOADPARAINEEPROM
  -------         DO            
  X:0276H         SYMBOL        buffer
  -------         ENDDO         
  C:1D18H         LINE#         220
  C:1D18H         LINE#         221
  C:1D18H         LINE#         224
  C:1D22H         LINE#         225
  C:1D2CH         LINE#         226
  C:1D36H         LINE#         227
  C:1D40H         LINE#         228
  C:1D4AH         LINE#         230
  C:1D57H         LINE#         231
  C:1D57H         LINE#         232
  C:1D5AH         LINE#         233
  C:1D5AH         LINE#         234
  C:1D63H         LINE#         235
  C:1D63H         LINE#         236
  C:1D65H         LINE#         237
  C:1D65H         LINE#         238
  C:1D6EH         LINE#         239
  C:1D6EH         LINE#         240
  C:1D71H         LINE#         241
  C:1D71H         LINE#         242
  C:1D7AH         LINE#         243
  C:1D7AH         LINE#         244
  C:1D7CH         LINE#         245
  C:1D7CH         LINE#         246
  C:1D85H         LINE#         247
  C:1D85H         LINE#         248
BL51 BANKED LINKER/LOCATER V6.22                                                      07/15/2016  17:46:19  PAGE 11


  C:1D87H         LINE#         249
  C:1D87H         LINE#         251
  C:1D94H         LINE#         252
  C:1DA1H         LINE#         253
  C:1DAFH         LINE#         255
  C:1DB7H         LINE#         256
  C:1DBFH         LINE#         257
  C:1DC7H         LINE#         258
  C:1DCFH         LINE#         259
  -------         ENDPROC       LOADPARAINEEPROM
  -------         ENDMOD        EEPROM

  -------         MODULE        KEY
  C:0000H         SYMBOL        _ICE_DUMMY_
  D:0080H         PUBLIC        P0
  D:0090H         PUBLIC        P1
  D:00A0H         PUBLIC        P2
  D:00B0H         PUBLIC        P3
  D:00C0H         PUBLIC        P4
  D:00C8H         PUBLIC        P5
  D:00A8H         PUBLIC        IE
  D:00B8H         PUBLIC        IP
  C:28BDH         PUBLIC        Scan_Keyboard
  D:00D8H         PUBLIC        CCON
  C:2B6EH         PUBLIC        KeyProcessOK
  D:0098H         PUBLIC        SCON
  D:0088H         PUBLIC        TCON
  X:027EH         PUBLIC        IsOkPressed
  X:027FH         PUBLIC        keyStatus
  B:00A0H.0       PUBLIC        KEY_OK
  C:2A82H         PUBLIC        Delay
  C:260DH         PUBLIC        Process_Keyboard
  D:00D0H         PUBLIC        PSW
  X:0280H         PUBLIC        keyLastDown
  -------         PROC          DELAY
  -------         DO            
  X:0290H         SYMBOL        i
  -------         ENDDO         
  C:2A82H         LINE#         14
  C:2A82H         LINE#         15
  C:2A82H         LINE#         18
  C:2A87H         LINE#         19
  C:2A87H         LINE#         20
  C:2A8AH         LINE#         21
  C:2A96H         LINE#         22
  -------         ENDPROC       DELAY
  -------         PROC          SCAN_KEYBOARD
  C:28BDH         LINE#         28
  C:28BDH         LINE#         29
  C:28BDH         LINE#         30
  C:28C2H         LINE#         32
  C:28C7H         LINE#         33
  C:28C7H         LINE#         34
  C:28D1H         LINE#         35
  C:28D1H         LINE#         36
  C:28D6H         LINE#         37
  C:28D6H         LINE#         38
BL51 BANKED LINKER/LOCATER V6.22                                                      07/15/2016  17:46:19  PAGE 12


  C:28D6H         LINE#         40
  C:28DCH         LINE#         41
  C:28DCH         LINE#         42
  C:28DFH         LINE#         43
  C:28DFH         LINE#         44
  C:28E2H         LINE#         45
  C:28E5H         LINE#         46
  C:28E5H         LINE#         47
  C:28EBH         LINE#         48
  C:28EDH         LINE#         49
  C:28EDH         LINE#         50
  C:28EDH         LINE#         51
  C:28EDH         LINE#         52
  -------         ENDPROC       SCAN_KEYBOARD
  -------         PROC          KEYPROCESSOK
  C:2B6EH         LINE#         58
  C:2B6EH         LINE#         59
  C:2B6EH         LINE#         60
  C:2B74H         LINE#         61
  -------         ENDPROC       KEYPROCESSOK
  -------         PROC          PROCESS_KEYBOARD
  -------         DO            
  X:027BH         SYMBOL        updata_num
  X:027DH         SYMBOL        i
  -------         ENDDO         
  C:260DH         LINE#         67
  C:260DH         LINE#         68
  C:260DH         LINE#         69
  C:2614H         LINE#         70
  C:2616H         LINE#         72
  C:261CH         LINE#         73
  C:261CH         LINE#         74
  C:2622H         LINE#         76
  C:2622H         LINE#         78
  C:2629H         LINE#         79
  C:2629H         LINE#         81
  C:2641H         LINE#         82
  C:2644H         LINE#         83
  C:264AH         LINE#         84
  C:264FH         LINE#         85
  C:2650H         LINE#         87
  C:2650H         LINE#         88
  C:2657H         LINE#         89
  C:2657H         LINE#         90
  C:2657H         LINE#         91
  C:265AH         LINE#         92
  C:265AH         LINE#         93
  C:265AH         LINE#         94
  C:265AH         LINE#         95
  C:265AH         LINE#         96
  C:265AH         LINE#         97
  -------         ENDPROC       PROCESS_KEYBOARD
  -------         ENDMOD        KEY

  -------         MODULE        LED
  C:0000H         SYMBOL        _ICE_DUMMY_
  D:0080H         PUBLIC        P0
BL51 BANKED LINKER/LOCATER V6.22                                                      07/15/2016  17:46:19  PAGE 13


  D:0090H         PUBLIC        P1
  D:00A0H         PUBLIC        P2
  C:10F4H         PUBLIC        _GetLightTowerOnTime
  D:00B0H         PUBLIC        P3
  X:00D3H         PUBLIC        FnDefine
  D:00C0H         PUBLIC        P4
  D:00C8H         PUBLIC        P5
  X:00D4H         PUBLIC        FinishedLED
  C:1AD9H         PUBLIC        GetLedOnTime
  B:00C8H.5       PUBLIC        LED5
  C:06D6H         PUBLIC        digital_led_disp
  D:00A8H         PUBLIC        IE
  B:0080H.6       PUBLIC        p_led_blue
  X:00D5H         PUBLIC        LED_TBL
  I:0008H         PUBLIC        bled
  D:00B8H         PUBLIC        IP
  X:0155H         PUBLIC        DispMode
  C:2467H         PUBLIC        led_Scan
  B:0080H.4       PUBLIC        p_led_red
  D:00D8H         PUBLIC        CCON
  C:2A2DH         PUBLIC        Display_Clear
  B:00A0H.7       PUBLIC        p_oe
  C:0B39H         PUBLIC        CMD_LigheTower_flash
  C:2811H         PUBLIC        led_blink
  C:2A4EH         PUBLIC        digital_led_dispaddr
  D:0098H         PUBLIC        SCON
  X:0156H         PUBLIC        LightTowerCtl
  D:0088H         PUBLIC        TCON
  I:000EH         PUBLIC        led
  B:0080H.2       PUBLIC        CNTRL1
  B:0080H.0       PUBLIC        CNTRL2
  B:0080H.1       PUBLIC        CNTRL3
  C:29C6H         PUBLIC        led_SupplyPower
  B:0080H.3       PUBLIC        CNTRL4
  C:2A0CH         PUBLIC        _led_Show
  B:0090H.0       PUBLIC        CNTRL5
  B:0090H.1       PUBLIC        CNTRL6
  B:00A0H.5       PUBLIC        p_sh_clk
  C:23AAH         PUBLIC        _led_light_ctrl
  X:0180H         PUBLIC        baudrate
  C:2B7FH         PUBLIC        led_off
  B:0090H.6       PUBLIC        digital_led1_port
  B:00B0H.4       PUBLIC        digital_led2_port
  B:00A0H.6       PUBLIC        p_st_clk
  B:0090H.4       PUBLIC        digital_led3_port
  X:0181H         PUBLIC        ucAddr
  X:0184H         PUBLIC        ucBaud
  X:0185H         PUBLIC        ucShift
  C:2348H         PUBLIC        CMD_led_flash
  X:0186H         PUBLIC        WtTime
  B:00C0H.4       PUBLIC        p_sdata
  C:1260H         PUBLIC        _GetLightTowerOffTime
  C:1B99H         PUBLIC        GetLedOffTime
  X:0187H         PUBLIC        address
  B:00A0H.2       PUBLIC        LED_CNTRL1
  B:00B0H.6       PUBLIC        LED_CNTRL2
  B:00A0H.3       PUBLIC        LED_CNTRL3
BL51 BANKED LINKER/LOCATER V6.22                                                      07/15/2016  17:46:19  PAGE 14


  B:00B0H.7       PUBLIC        LED_CNTRL4
  B:00A0H.1       PUBLIC        LED_CNTRL5
  B:0090H.7       PUBLIC        LED_CNTRL6
  C:2B7CH         PUBLIC        led_on
  C:2B25H         PUBLIC        digital_led_cntrl_Init
  D:00D0H         PUBLIC        PSW
  B:0080H.5       PUBLIC        p_led_green
  -------         PROC          DIGITAL_LED_CNTRL_INIT
  C:2B25H         LINE#         69
  C:2B25H         LINE#         70
  C:2B25H         LINE#         71
  C:2B27H         LINE#         72
  C:2B29H         LINE#         73
  C:2B2BH         LINE#         74
  C:2B2DH         LINE#         76
  C:2B32H         LINE#         77
  -------         ENDPROC       DIGITAL_LED_CNTRL_INIT
  -------         PROC          LED_SUPPLYPOWER
  -------         DO            
  D:0007H         SYMBOL        led_pwr_no
  -------         ENDDO         
  C:29C6H         LINE#         83
  C:29C6H         LINE#         84
  C:29C6H         LINE#         87
  C:29CBH         LINE#         89
  C:29CDH         LINE#         90
  C:29CDH         LINE#         92
  C:29CFH         LINE#         93
  C:29D1H         LINE#         94
  C:29D3H         LINE#         95
  C:29D4H         LINE#         96
  C:29D8H         LINE#         97
  C:29D8H         LINE#         99
  C:29DAH         LINE#         100
  C:29DCH         LINE#         101
  C:29DEH         LINE#         102
  C:29DFH         LINE#         103
  C:29E3H         LINE#         104
  C:29E3H         LINE#         106
  C:29E5H         LINE#         107
  C:29E7H         LINE#         108
  C:29E9H         LINE#         109
  C:29E9H         LINE#         110
  -------         ENDPROC       LED_SUPPLYPOWER
  -------         PROC          _LED_SHOW
  D:0007H         SYMBOL        ucValue
  -------         DO            
  D:0006H         SYMBOL        i
  -------         ENDDO         
  C:2A0CH         LINE#         117
  C:2A0CH         LINE#         118
  C:2A0CH         LINE#         121
  C:2A0EH         LINE#         122
  C:2A10H         LINE#         123
  C:2A10H         LINE#         124
  C:2A14H         LINE#         125
  C:2A18H         LINE#         127
BL51 BANKED LINKER/LOCATER V6.22                                                      07/15/2016  17:46:19  PAGE 15


  C:2A1AH         LINE#         128
  C:2A1CH         LINE#         129
  C:2A1DH         LINE#         130
  C:2A1FH         LINE#         131
  C:2A23H         LINE#         132
  C:2A28H         LINE#         134
  C:2A2AH         LINE#         135
  -------         ENDPROC       _LED_SHOW
  -------         PROC          LED_SCAN
  -------         DO            
  D:0005H         SYMBOL        ucValue
  -------         ENDDO         
  C:2467H         LINE#         145
  C:2467H         LINE#         146
  C:2467H         LINE#         149
  C:246DH         LINE#         150
  C:2472H         LINE#         153
  C:2481H         LINE#         154
  C:2481H         LINE#         155
  C:248DH         LINE#         156
  C:248DH         LINE#         157
  C:2495H         LINE#         158
  C:2495H         LINE#         159
  C:24AAH         LINE#         160
  C:24ACH         LINE#         162
  C:24ACH         LINE#         163
  C:24AEH         LINE#         164
  C:24AEH         LINE#         165
  C:24B3H         LINE#         167
  C:24B9H         LINE#         168
  C:24BFH         LINE#         169
  C:24BFH         LINE#         170
  C:24C1H         LINE#         171
  C:24C1H         LINE#         172
  -------         ENDPROC       LED_SCAN
  -------         PROC          GETLEDONTIME
  -------         DO            
  D:0004H         SYMBOL        unRet
  -------         ENDDO         
  C:1AD9H         LINE#         175
  C:1AD9H         LINE#         176
  C:1AD9H         LINE#         177
  C:1AE4H         LINE#         178
  C:1B14H         LINE#         179
  C:1B14H         LINE#         180
  C:1B14H         LINE#         181
  C:1B14H         LINE#         182
  C:1B14H         LINE#         183
  C:1B1BH         LINE#         184
  C:1B1DH         LINE#         185
  C:1B1DH         LINE#         186
  C:1B29H         LINE#         187
  C:1B2BH         LINE#         188
  C:1B2BH         LINE#         189
  C:1B37H         LINE#         190
  C:1B39H         LINE#         191
  C:1B39H         LINE#         192
BL51 BANKED LINKER/LOCATER V6.22                                                      07/15/2016  17:46:19  PAGE 16


  C:1B48H         LINE#         193
  C:1B4AH         LINE#         194
  C:1B4AH         LINE#         195
  C:1B60H         LINE#         196
  C:1B62H         LINE#         197
  C:1B62H         LINE#         198
  C:1B78H         LINE#         199
  C:1B7AH         LINE#         200
  C:1B7AH         LINE#         201
  C:1B94H         LINE#         202
  C:1B94H         LINE#         203
  C:1B94H         LINE#         204
  C:1B94H         LINE#         205
  C:1B94H         LINE#         206
  C:1B98H         LINE#         207
  -------         ENDPROC       GETLEDONTIME
  -------         PROC          GETLEDOFFTIME
  -------         DO            
  D:0004H         SYMBOL        unRet
  -------         ENDDO         
  C:1B99H         LINE#         209
  C:1B99H         LINE#         210
  C:1B99H         LINE#         211
  C:1BA4H         LINE#         212
  C:1BD4H         LINE#         213
  C:1BD4H         LINE#         214
  C:1BD4H         LINE#         215
  C:1BD4H         LINE#         216
  C:1BD4H         LINE#         217
  C:1BDBH         LINE#         218
  C:1BDDH         LINE#         219
  C:1BDDH         LINE#         220
  C:1BE9H         LINE#         221
  C:1BEBH         LINE#         222
  C:1BEBH         LINE#         223
  C:1BF7H         LINE#         224
  C:1BF9H         LINE#         225
  C:1BF9H         LINE#         226
  C:1C08H         LINE#         227
  C:1C0AH         LINE#         228
  C:1C0AH         LINE#         229
  C:1C20H         LINE#         230
  C:1C22H         LINE#         231
  C:1C22H         LINE#         232
  C:1C38H         LINE#         233
  C:1C3AH         LINE#         234
  C:1C3AH         LINE#         235
  C:1C54H         LINE#         236
  C:1C54H         LINE#         237
  C:1C54H         LINE#         238
  C:1C54H         LINE#         239
  C:1C54H         LINE#         240
  C:1C58H         LINE#         241
  -------         ENDPROC       GETLEDOFFTIME
  -------         PROC          _GETLIGHTTOWERONTIME
  D:0006H         SYMBOL        LightTowIndex
  -------         DO            
BL51 BANKED LINKER/LOCATER V6.22                                                      07/15/2016  17:46:19  PAGE 17


  X:028AH         SYMBOL        unRet
  -------         ENDDO         
  C:10F4H         LINE#         243
  C:10F4H         LINE#         244
  C:10F4H         LINE#         245
  C:1114H         LINE#         246
  C:1154H         LINE#         247
  C:1154H         LINE#         248
  C:1154H         LINE#         249
  C:1154H         LINE#         250
  C:1154H         LINE#         251
  C:115EH         LINE#         252
  C:1161H         LINE#         253
  C:1161H         LINE#         254
  C:1184H         LINE#         255
  C:1187H         LINE#         256
  C:1187H         LINE#         257
  C:11AAH         LINE#         258
  C:11ADH         LINE#         259
  C:11ADH         LINE#         260
  C:11D0H         LINE#         261
  C:11D3H         LINE#         262
  C:11D3H         LINE#         263
  C:11FBH         LINE#         264
  C:11FDH         LINE#         265
  C:11FDH         LINE#         266
  C:1227H         LINE#         267
  C:1229H         LINE#         268
  C:1229H         LINE#         269
  C:1257H         LINE#         270
  C:1257H         LINE#         271
  C:1257H         LINE#         272
  C:1257H         LINE#         273
  C:1257H         LINE#         274
  C:125FH         LINE#         275
  -------         ENDPROC       _GETLIGHTTOWERONTIME
  -------         PROC          _GETLIGHTTOWEROFFTIME
  D:0006H         SYMBOL        LightTowIndex
  -------         DO            
  X:028CH         SYMBOL        unRet
  -------         ENDDO         
  C:1260H         LINE#         277
  C:1260H         LINE#         278
  C:1260H         LINE#         279
  C:1280H         LINE#         280
  C:12C0H         LINE#         281
  C:12C0H         LINE#         282
  C:12C0H         LINE#         283
  C:12C0H         LINE#         284
  C:12C0H         LINE#         285
  C:12CAH         LINE#         286
  C:12CDH         LINE#         287
  C:12CDH         LINE#         288
  C:12F0H         LINE#         289
  C:12F3H         LINE#         290
  C:12F3H         LINE#         291
  C:1316H         LINE#         292
BL51 BANKED LINKER/LOCATER V6.22                                                      07/15/2016  17:46:19  PAGE 18


  C:1319H         LINE#         293
  C:1319H         LINE#         294
  C:133CH         LINE#         295
  C:133FH         LINE#         296
  C:133FH         LINE#         297
  C:1367H         LINE#         298
  C:1369H         LINE#         299
  C:1369H         LINE#         300
  C:1393H         LINE#         301
  C:1395H         LINE#         302
  C:1395H         LINE#         303
  C:13C3H         LINE#         304
  C:13C3H         LINE#         305
  C:13C3H         LINE#         306
  C:13C3H         LINE#         307
  C:13C3H         LINE#         308
  C:13CBH         LINE#         309
  -------         ENDPROC       _GETLIGHTTOWEROFFTIME
  -------         PROC          CMD_LED_FLASH
  C:2348H         LINE#         310
  C:2348H         LINE#         311
  C:2348H         LINE#         312
  C:234FH         LINE#         313
  C:234FH         LINE#         317
  C:2353H         LINE#         319
  C:2353H         LINE#         322
  C:235AH         LINE#         323
  C:235AH         LINE#         330
  C:2360H         LINE#         331
  C:2360H         LINE#         333
  C:2360H         LINE#         334
  C:2362H         LINE#         336
  C:2362H         LINE#         338
  C:2368H         LINE#         339
  C:2368H         LINE#         341
  C:2372H         LINE#         342
  C:2372H         LINE#         344
  C:237AH         LINE#         345
  C:2380H         LINE#         346
  C:2383H         LINE#         347
  C:2383H         LINE#         348
  C:2385H         LINE#         351
  C:2385H         LINE#         353
  C:238FH         LINE#         354
  C:238FH         LINE#         356
  C:2393H         LINE#         357
  C:2398H         LINE#         358
  C:23A3H         LINE#         359
  C:23A3H         LINE#         360
  C:23A3H         LINE#         361
  C:23A3H         LINE#         362
  C:23A4H         LINE#         364
  C:23A4H         LINE#         368
  C:23A9H         LINE#         369
  C:23A9H         LINE#         370
  -------         ENDPROC       CMD_LED_FLASH
  -------         PROC          CMD_LIGHETOWER_FLASH
BL51 BANKED LINKER/LOCATER V6.22                                                      07/15/2016  17:46:19  PAGE 19


  C:0B39H         LINE#         372
  C:0B39H         LINE#         373
  C:0B39H         LINE#         376
  C:0B41H         LINE#         377
  C:0B41H         LINE#         379
  C:0B47H         LINE#         380
  C:0B47H         LINE#         381
  C:0B49H         LINE#         382
  C:0B4BH         LINE#         383
  C:0B4DH         LINE#         386
  C:0B4DH         LINE#         388
  C:0B53H         LINE#         389
  C:0B53H         LINE#         391
  C:0B5BH         LINE#         392
  C:0B5BH         LINE#         393
  C:0B5DH         LINE#         394
  C:0B5FH         LINE#         396
  C:0B64H         LINE#         397
  C:0B6AH         LINE#         398
  C:0B6AH         LINE#         399
  C:0B6CH         LINE#         402
  C:0B6CH         LINE#         404
  C:0B76H         LINE#         405
  C:0B76H         LINE#         406
  C:0B78H         LINE#         407
  C:0B7AH         LINE#         409
  C:0B7EH         LINE#         410
  C:0B8BH         LINE#         411
  C:0B8BH         LINE#         412
  C:0B8BH         LINE#         413
  C:0B8BH         LINE#         414
  C:0B8DH         LINE#         416
  C:0B8DH         LINE#         417
  C:0B8FH         LINE#         418
  C:0B91H         LINE#         419
  C:0B91H         LINE#         422
  C:0B99H         LINE#         423
  C:0B99H         LINE#         425
  C:0B9FH         LINE#         426
  C:0B9FH         LINE#         427
  C:0BA1H         LINE#         428
  C:0BA3H         LINE#         429
  C:0BA5H         LINE#         432
  C:0BA5H         LINE#         434
  C:0BABH         LINE#         435
  C:0BABH         LINE#         437
  C:0BB3H         LINE#         438
  C:0BB3H         LINE#         439
  C:0BB5H         LINE#         440
  C:0BB7H         LINE#         442
  C:0BBCH         LINE#         443
  C:0BC2H         LINE#         444
  C:0BC2H         LINE#         445
  C:0BC4H         LINE#         448
  C:0BC4H         LINE#         450
  C:0BCEH         LINE#         451
  C:0BCEH         LINE#         452
BL51 BANKED LINKER/LOCATER V6.22                                                      07/15/2016  17:46:19  PAGE 20


  C:0BD0H         LINE#         453
  C:0BD2H         LINE#         455
  C:0BD6H         LINE#         456
  C:0BE4H         LINE#         457
  C:0BE4H         LINE#         458
  C:0BE4H         LINE#         459
  C:0BE4H         LINE#         460
  C:0BE6H         LINE#         462
  C:0BE6H         LINE#         463
  C:0BE8H         LINE#         464
  C:0BEAH         LINE#         465
  C:0BEAH         LINE#         468
  C:0BF2H         LINE#         469
  C:0BF2H         LINE#         471
  C:0BF8H         LINE#         472
  C:0BF8H         LINE#         473
  C:0BFAH         LINE#         474
  C:0BFCH         LINE#         475
  C:0BFEH         LINE#         478
  C:0BFEH         LINE#         480
  C:0C04H         LINE#         481
  C:0C04H         LINE#         483
  C:0C0CH         LINE#         484
  C:0C0CH         LINE#         485
  C:0C0EH         LINE#         486
  C:0C10H         LINE#         488
  C:0C15H         LINE#         489
  C:0C1CH         LINE#         490
  C:0C1CH         LINE#         491
  C:0C1EH         LINE#         494
  C:0C1EH         LINE#         496
  C:0C28H         LINE#         497
  C:0C28H         LINE#         498
  C:0C2AH         LINE#         499
  C:0C2CH         LINE#         501
  C:0C30H         LINE#         502
  C:0C3EH         LINE#         503
  C:0C3EH         LINE#         504
  C:0C3EH         LINE#         505
  C:0C3EH         LINE#         506
  C:0C40H         LINE#         508
  C:0C40H         LINE#         509
  C:0C42H         LINE#         510
  C:0C44H         LINE#         511
  C:0C44H         LINE#         514
  C:0C4CH         LINE#         515
  C:0C4CH         LINE#         517
  C:0C52H         LINE#         518
  C:0C52H         LINE#         519
  C:0C54H         LINE#         520
  C:0C56H         LINE#         521
  C:0C58H         LINE#         524
  C:0C58H         LINE#         526
  C:0C5EH         LINE#         527
  C:0C5EH         LINE#         529
  C:0C66H         LINE#         530
  C:0C66H         LINE#         531
BL51 BANKED LINKER/LOCATER V6.22                                                      07/15/2016  17:46:19  PAGE 21


  C:0C68H         LINE#         532
  C:0C6AH         LINE#         534
  C:0C6FH         LINE#         535
  C:0C76H         LINE#         536
  C:0C76H         LINE#         537
  C:0C78H         LINE#         540
  C:0C78H         LINE#         542
  C:0C82H         LINE#         543
  C:0C82H         LINE#         544
  C:0C84H         LINE#         545
  C:0C86H         LINE#         547
  C:0C8AH         LINE#         548
  C:0C98H         LINE#         549
  C:0C98H         LINE#         550
  C:0C98H         LINE#         551
  C:0C98H         LINE#         552
  C:0C9AH         LINE#         554
  C:0C9AH         LINE#         555
  C:0C9CH         LINE#         556
  C:0C9EH         LINE#         557
  C:0C9EH         LINE#         560
  C:0CA6H         LINE#         561
  C:0CA6H         LINE#         563
  C:0CACH         LINE#         564
  C:0CACH         LINE#         565
  C:0CAEH         LINE#         566
  C:0CB0H         LINE#         567
  C:0CB2H         LINE#         570
  C:0CB2H         LINE#         572
  C:0CB8H         LINE#         573
  C:0CB8H         LINE#         575
  C:0CC0H         LINE#         576
  C:0CC0H         LINE#         577
  C:0CC2H         LINE#         578
  C:0CC4H         LINE#         580
  C:0CC9H         LINE#         581
  C:0CD0H         LINE#         582
  C:0CD0H         LINE#         583
  C:0CD2H         LINE#         586
  C:0CD2H         LINE#         588
  C:0CDCH         LINE#         589
  C:0CDCH         LINE#         590
  C:0CDEH         LINE#         591
  C:0CE0H         LINE#         593
  C:0CE4H         LINE#         594
  C:0CF2H         LINE#         595
  C:0CF2H         LINE#         596
  C:0CF2H         LINE#         597
  C:0CF2H         LINE#         598
  C:0CF4H         LINE#         600
  C:0CF4H         LINE#         601
  C:0CF6H         LINE#         602
  C:0CF8H         LINE#         603
  C:0CF8H         LINE#         606
  C:0D00H         LINE#         607
  C:0D00H         LINE#         609
  C:0D06H         LINE#         610
BL51 BANKED LINKER/LOCATER V6.22                                                      07/15/2016  17:46:19  PAGE 22


  C:0D06H         LINE#         611
  C:0D08H         LINE#         612
  C:0D0AH         LINE#         613
  C:0D0BH         LINE#         616
  C:0D0BH         LINE#         618
  C:0D11H         LINE#         619
  C:0D11H         LINE#         621
  C:0D19H         LINE#         622
  C:0D19H         LINE#         623
  C:0D1BH         LINE#         624
  C:0D1DH         LINE#         626
  C:0D22H         LINE#         627
  C:0D29H         LINE#         628
  C:0D29H         LINE#         629
  C:0D2BH         LINE#         632
  C:0D2BH         LINE#         634
  C:0D35H         LINE#         635
  C:0D35H         LINE#         636
  C:0D37H         LINE#         637
  C:0D39H         LINE#         639
  C:0D3DH         LINE#         640
  C:0D4BH         LINE#         641
  C:0D4BH         LINE#         642
  C:0D4BH         LINE#         643
  C:0D4BH         LINE#         644
  C:0D4CH         LINE#         646
  C:0D4CH         LINE#         647
  C:0D4EH         LINE#         648
  C:0D50H         LINE#         649
  C:0D50H         LINE#         650
  -------         ENDPROC       CMD_LIGHETOWER_FLASH
  -------         PROC          _LED_LIGHT_CTRL
  D:0007H         SYMBOL        ucValue
  C:23AAH         LINE#         691
  C:23AAH         LINE#         692
  C:23AAH         LINE#         693
  C:23D4H         LINE#         694
  C:23D4H         LINE#         695
  C:23DBH         LINE#         696
  C:23E2H         LINE#         697
  C:23E9H         LINE#         699
  C:23F0H         LINE#         700
  C:23F7H         LINE#         701
  C:23FBH         LINE#         702
  C:2402H         LINE#         703
  C:2408H         LINE#         704
  C:2408H         LINE#         705
  -------         ENDPROC       _LED_LIGHT_CTRL
  -------         PROC          DISPLAY_CLEAR
  -------         DO            
  D:0007H         SYMBOL        i
  -------         ENDDO         
  C:2A2DH         LINE#         709
  C:2A2DH         LINE#         710
  C:2A2DH         LINE#         713
  C:2A32H         LINE#         714
  C:2A33H         LINE#         715
BL51 BANKED LINKER/LOCATER V6.22                                                      07/15/2016  17:46:19  PAGE 23


  C:2A33H         LINE#         716
  C:2A3BH         LINE#         717
  C:2A43H         LINE#         718
  C:2A48H         LINE#         720
  C:2A4DH         LINE#         722
  -------         ENDPROC       DISPLAY_CLEAR
  -------         PROC          DIGITAL_LED_DISP
  -------         DO            
  D:0006H         SYMBOL        i
  D:0004H         SYMBOL        j
  -------         ENDDO         
  C:06D6H         LINE#         731
  C:06D6H         LINE#         732
  C:06D6H         LINE#         733
  C:06DBH         LINE#         735
  C:06DBH         LINE#         736
  C:06DBH         LINE#         737
  C:06E3H         LINE#         738
  C:06EEH         LINE#         740
  C:06F9H         LINE#         741
  C:06F9H         LINE#         742
  C:06FCH         LINE#         743
  C:071CH         LINE#         744
  C:071CH         LINE#         745
  C:073CH         LINE#         746
  C:073CH         LINE#         747
  C:0749H         LINE#         748
  C:0749H         LINE#         749
  C:074BH         LINE#         750
  C:076BH         LINE#         751
  C:076BH         LINE#         752
  C:0778H         LINE#         753
  C:0778H         LINE#         754
  C:077AH         LINE#         755
  C:079AH         LINE#         756
  C:079AH         LINE#         757
  C:07B2H         LINE#         758
  C:07B3H         LINE#         759
  C:07B5H         LINE#         760
  C:07C3H         LINE#         761
  C:07C3H         LINE#         762
  C:07CDH         LINE#         763
  C:07D5H         LINE#         764
  C:07D5H         LINE#         765
  C:07F3H         LINE#         766
  C:07F8H         LINE#         767
  C:0800H         LINE#         768
  C:0800H         LINE#         770
  C:080CH         LINE#         771
  C:080CH         LINE#         772
  C:0810H         LINE#         773
  C:082DH         LINE#         774
  C:082DH         LINE#         775
  C:084DH         LINE#         776
  C:084DH         LINE#         777
  C:085AH         LINE#         778
  C:085AH         LINE#         779
BL51 BANKED LINKER/LOCATER V6.22                                                      07/15/2016  17:46:19  PAGE 24


  C:085CH         LINE#         780
  C:087CH         LINE#         781
  C:087CH         LINE#         782
  C:0889H         LINE#         783
  C:0889H         LINE#         784
  C:088BH         LINE#         785
  C:08ABH         LINE#         786
  C:08ABH         LINE#         787
  C:08C3H         LINE#         788
  C:08C4H         LINE#         789
  C:08C6H         LINE#         790
  C:08D4H         LINE#         791
  C:08D4H         LINE#         792
  C:08DEH         LINE#         793
  C:08E6H         LINE#         794
  C:08E6H         LINE#         795
  C:0904H         LINE#         796
  C:0909H         LINE#         797
  C:0911H         LINE#         798
  C:0911H         LINE#         799
  -------         ENDPROC       DIGITAL_LED_DISP
  -------         PROC          DIGITAL_LED_DISPADDR
  C:2A4EH         LINE#         805
  C:2A4EH         LINE#         806
  C:2A4EH         LINE#         808
  C:2A55H         LINE#         809
  C:2A5AH         LINE#         810
  C:2A5FH         LINE#         812
  C:2A63H         LINE#         813
  C:2A67H         LINE#         814
  C:2A6BH         LINE#         815
  -------         ENDPROC       DIGITAL_LED_DISPADDR
  -------         PROC          LED_ON
  C:2B7CH         LINE#         816
  C:2B7CH         LINE#         817
  C:2B7CH         LINE#         820
  C:2B7EH         LINE#         821
  -------         ENDPROC       LED_ON
  -------         PROC          LED_OFF
  C:2B7FH         LINE#         828
  C:2B7FH         LINE#         829
  C:2B7FH         LINE#         832
  C:2B81H         LINE#         833
  -------         ENDPROC       LED_OFF
  -------         PROC          LED_BLINK
  C:2811H         LINE#         840
  C:2811H         LINE#         841
  C:2811H         LINE#         842
  C:2814H         LINE#         843
  C:281BH         LINE#         844
  C:281EH         LINE#         845
  C:2825H         LINE#         846
  C:2828H         LINE#         847
  C:282FH         LINE#         848
  C:2832H         LINE#         849
  C:2839H         LINE#         850
  C:283CH         LINE#         851
BL51 BANKED LINKER/LOCATER V6.22                                                      07/15/2016  17:46:19  PAGE 25


  C:2843H         LINE#         852
  C:2846H         LINE#         853
  -------         ENDPROC       LED_BLINK
  -------         ENDMOD        LED

  -------         MODULE        MAIN
  C:0000H         SYMBOL        _ICE_DUMMY_
  D:0080H         PUBLIC        P0
  D:0090H         PUBLIC        P1
  D:00A0H         PUBLIC        P2
  D:00B0H         PUBLIC        P3
  D:00C0H         PUBLIC        P4
  D:00C8H         PUBLIC        P5
  B:00A8H.7       PUBLIC        EA
  X:018AH         PUBLIC        timerc
  D:00A8H         PUBLIC        IE
  X:018CH         PUBLIC        led_flash_period
  X:018EH         PUBLIC        led_flash_NO_BK
  X:018FH         PUBLIC        task_finished_num
  B:00A8H.4       PUBLIC        ES
  D:00B8H         PUBLIC        IP
  B:0098H.0       PUBLIC        RI
  B:0098H.1       PUBLIC        TI
  C:291EH         PUBLIC        InitializeSystem
  D:00D8H         PUBLIC        CCON
  X:0190H         PUBLIC        led_flash_NO
  C:1FE2H         PUBLIC        main
  X:0191H         PUBLIC        beSettingAddr
  X:0192H         PUBLIC        digital_led_loading_static
  X:0194H         PUBLIC        led_flash_mode
  X:0195H         PUBLIC        led_flash_status
  X:0196H         PUBLIC        task_unfinish_num
  X:0197H         PUBLIC        task_unupdate_num
  D:0098H         PUBLIC        SCON
  D:0089H         PUBLIC        TMOD
  D:0088H         PUBLIC        TCON
  X:0198H         PUBLIC        digital_led_loading
  X:0199H         PUBLIC        led_static_warn
  X:019AH         PUBLIC        con_flag
  B:00A8H.1       PUBLIC        ET0
  D:008CH         PUBLIC        TH0
  C:2A6CH         PUBLIC        data1
  X:019BH         PUBLIC        DispInfoCur
  D:008DH         PUBLIC        TH1
  X:01B0H         PUBLIC        digital_led_refresh
  X:01B1H         PUBLIC        toSettedAddr
  D:008AH         PUBLIC        TL0
  D:008BH         PUBLIC        TL1
  B:0088H.4       PUBLIC        TR0
  B:0088H.6       PUBLIC        TR1
  X:01B4H         PUBLIC        task_ed_goods_numH
  X:01B6H         PUBLIC        task_ed_goods_numL
  X:01B8H         PUBLIC        SystemLocked
  X:01B9H         PUBLIC        sys
  X:01BCH         PUBLIC        task_finished_NO
  C:2A7CH         PUBLIC        DefaultKey
  X:01BEH         PUBLIC        task_un_goods_numH
BL51 BANKED LINKER/LOCATER V6.22                                                      07/15/2016  17:46:19  PAGE 26


  X:01C0H         PUBLIC        task_un_goods_numL
  X:01C2H         PUBLIC        g_ucTempbuf
  D:00D0H         PUBLIC        PSW
  X:01D6H         PUBLIC        task_unfinish_NO
  -------         PROC          MAIN
  -------         DO            
  X:01D8H         SYMBOL        status
  X:01D9H         SYMBOL        i
  X:01DAH         SYMBOL        temp
  -------         ENDDO         
  C:1FE2H         LINE#         69
  C:1FE2H         LINE#         70
  C:1FE2H         LINE#         133
  C:1FE5H         LINE#         134
  C:1FE8H         LINE#         135
  C:1FEBH         LINE#         136
  C:1FEEH         LINE#         137
  C:1FEEH         LINE#         138
  C:1FEEH         LINE#         139
  C:1FFEH         LINE#         140
  C:2000H         LINE#         141
  C:2000H         LINE#         142
  C:2003H         LINE#         143
  C:2006H         LINE#         144
  C:2009H         LINE#         145
  C:200CH         LINE#         146
  C:200FH         LINE#         147
  C:2011H         LINE#         148
  C:2011H         LINE#         156
  C:201FH         LINE#         157
  C:2021H         LINE#         158
  C:2021H         LINE#         159
  C:2021H         LINE#         160
  C:2021H         LINE#         169
  C:202FH         LINE#         170
  C:2031H         LINE#         171
  C:2031H         LINE#         172
  C:2031H         LINE#         173
  C:2031H         LINE#         174
  C:2051H         LINE#         175
  C:2053H         LINE#         176
  C:2053H         LINE#         177
  C:2053H         LINE#         178
  C:2053H         LINE#         180
  C:2063H         LINE#         181
  C:2065H         LINE#         182
  C:2065H         LINE#         183
  C:2065H         LINE#         184
  C:2065H         LINE#         186
  C:2065H         LINE#         187
  C:2065H         LINE#         188
  C:207CH         LINE#         189
  -------         ENDPROC       MAIN
  -------         PROC          INITIALIZESYSTEM
  C:291EH         LINE#         199
  C:291EH         LINE#         200
  C:291EH         LINE#         204
BL51 BANKED LINKER/LOCATER V6.22                                                      07/15/2016  17:46:19  PAGE 27


  C:292AH         LINE#         206
  C:292DH         LINE#         207
  C:2930H         LINE#         208
  C:2933H         LINE#         209
  C:2936H         LINE#         210
  C:2939H         LINE#         211
  C:293BH         LINE#         212
  C:293DH         LINE#         213
  C:293FH         LINE#         214
  C:2941H         LINE#         215
  C:2943H         LINE#         216
  C:2945H         LINE#         218
  C:2947H         LINE#         219
  C:2949H         LINE#         222
  -------         ENDPROC       INITIALIZESYSTEM
  -------         ENDMOD        MAIN

  -------         MODULE        PROCESS
  C:0000H         SYMBOL        _ICE_DUMMY_
  D:0080H         PUBLIC        P0
  D:0090H         PUBLIC        P1
  D:00A0H         PUBLIC        P2
  D:00B0H         PUBLIC        P3
  C:2AABH         PUBLIC        ResetAddr
  D:00C0H         PUBLIC        P4
  C:2B15H         PUBLIC        ACK_Single_Write
  D:00C8H         PUBLIC        P5
  D:00A8H         PUBLIC        IE
  C:0046H         PUBLIC        DiscodeProtocalV1
  D:00B8H         PUBLIC        IP
  C:1935H         PUBLIC        ACK_Multi_Read
  D:00D8H         PUBLIC        CCON
  C:2516H         PUBLIC        ACK_Multi_Write
  D:0098H         PUBLIC        SCON
  D:0088H         PUBLIC        TCON
  C:26F6H         PUBLIC        ACK_Multi_ReadTestAddr
  B:00C0H.1       PUBLIC        LED_RXD485
  B:00C0H.6       PUBLIC        LED_TXD485
  C:2A97H         PUBLIC        Cmd_Process
  D:00D0H         PUBLIC        PSW
  -------         PROC          ACK_MULTI_READ
  -------         DO            
  D:0007H         SYMBOL        tIndex
  D:0006H         SYMBOL        addr
  D:0006H         SYMBOL        usCRC
  -------         ENDDO         
  C:1935H         LINE#         10
  C:1935H         LINE#         11
  C:1935H         LINE#         12
  C:1937H         LINE#         16
  C:1950H         LINE#         18
  C:1954H         LINE#         19
  C:1958H         LINE#         21
  C:1964H         LINE#         22
  C:1964H         LINE#         23
  C:1964H         LINE#         24
  C:1964H         LINE#         25
BL51 BANKED LINKER/LOCATER V6.22                                                      07/15/2016  17:46:19  PAGE 28


  C:196AH         LINE#         26
  C:1970H         LINE#         27
  C:1978H         LINE#         29
  C:197DH         LINE#         30
  C:1983H         LINE#         31
  C:1985H         LINE#         32
  C:1985H         LINE#         33
  C:1985H         LINE#         34
  C:1985H         LINE#         35
  C:198DH         LINE#         36
  C:198DH         LINE#         37
  C:1995H         LINE#         38
  C:19A1H         LINE#         39
  C:19BCH         LINE#         40
  C:19C6H         LINE#         41
  C:19C8H         LINE#         43
  C:19C8H         LINE#         44
  C:19CDH         LINE#         45
  C:19D3H         LINE#         46
  C:19D3H         LINE#         47
  C:19D3H         LINE#         48
  C:19D3H         LINE#         49
  C:19D3H         LINE#         50
  C:19D3H         LINE#         51
  C:19D3H         LINE#         52
  C:19D3H         LINE#         53
  C:19D3H         LINE#         54
  C:19E3H         LINE#         55
  C:19F2H         LINE#         56
  C:1A03H         LINE#         57
  C:1A0AH         LINE#         59
  -------         ENDPROC       ACK_MULTI_READ
  -------         PROC          ACK_MULTI_READTESTADDR
  -------         DO            
  D:0007H         SYMBOL        addr
  D:0006H         SYMBOL        usCRC
  -------         ENDDO         
  C:26F6H         LINE#         61
  C:26F6H         LINE#         62
  C:26F6H         LINE#         66
  C:270FH         LINE#         68
  C:2713H         LINE#         69
  C:2717H         LINE#         70
  C:271AH         LINE#         71
  C:2726H         LINE#         72
  C:272BH         LINE#         73
  C:272EH         LINE#         74
  C:2734H         LINE#         75
  -------         ENDPROC       ACK_MULTI_READTESTADDR
  -------         PROC          ACK_SINGLE_WRITE
  C:2B15H         LINE#         82
  C:2B15H         LINE#         83
  C:2B15H         LINE#         84
  -------         ENDPROC       ACK_SINGLE_WRITE
  -------         PROC          ACK_MULTI_WRITE
  -------         DO            
  D:0007H         SYMBOL        addr
BL51 BANKED LINKER/LOCATER V6.22                                                      07/15/2016  17:46:19  PAGE 29


  D:0006H         SYMBOL        usCRC
  -------         ENDDO         
  C:2516H         LINE#         91
  C:2516H         LINE#         92
  C:2516H         LINE#         93
  C:252FH         LINE#         96
  C:2533H         LINE#         97
  C:2537H         LINE#         98
  C:253AH         LINE#         99
  C:253CH         LINE#         100
  C:253EH         LINE#         101
  C:2542H         LINE#         103
  C:254FH         LINE#         105
  C:2554H         LINE#         106
  C:2557H         LINE#         108
  C:255DH         LINE#         109
  -------         ENDPROC       ACK_MULTI_WRITE
  -------         PROC          RESETADDR
  C:2AABH         LINE#         115
  C:2AABH         LINE#         116
  C:2AABH         LINE#         118
  C:2AAEH         LINE#         119
  C:2AB3H         LINE#         121
  C:2ABBH         LINE#         122
  -------         ENDPROC       RESETADDR
  -------         PROC          DISCODEPROTOCALV1
  -------         DO            
  X:0250H         SYMBOL        addr
  X:0251H         SYMBOL        usCRC
  X:0253H         SYMBOL        retCRC
  X:0255H         SYMBOL        lightTowerIndex
  X:0256H         SYMBOL        tempValue
  X:0257H         SYMBOL        index
  X:0258H         SYMBOL        i
  X:0259H         SYMBOL        usValue
  -------         ENDDO         
  C:0046H         LINE#         148
  C:0046H         LINE#         149
  C:0046H         LINE#         150
  C:0062H         LINE#         152
  C:0067H         LINE#         153
  C:0069H         LINE#         154
  C:006DH         LINE#         155
  C:0071H         LINE#         157
  C:008EH         LINE#         158
  C:008EH         LINE#         159
  C:0090H         LINE#         160
  C:0092H         LINE#         162
  C:00ABH         LINE#         163
  C:00B2H         LINE#         168
  C:00C9H         LINE#         169
  C:00E5H         LINE#         170
  C:00F7H         LINE#         171
  C:00F7H         LINE#         173
  C:00FDH         LINE#         174
  C:00FDH         LINE#         175
  C:0100H         LINE#         176
BL51 BANKED LINKER/LOCATER V6.22                                                      07/15/2016  17:46:19  PAGE 30


  C:0103H         LINE#         178
  C:010BH         LINE#         179
  C:010BH         LINE#         180
  C:0116H         LINE#         181
  C:0116H         LINE#         182
  C:0119H         LINE#         183
  C:0125H         LINE#         184
  C:0137H         LINE#         185
  C:0145H         LINE#         187
  C:014AH         LINE#         188
  C:0150H         LINE#         189
  C:0155H         LINE#         190
  C:0155H         LINE#         191
  C:0158H         LINE#         194
  C:0163H         LINE#         195
  C:0163H         LINE#         196
  C:0176H         LINE#         197
  C:0181H         LINE#         198
  C:0181H         LINE#         199
  C:018EH         LINE#         200
  C:0190H         LINE#         201
  C:0196H         LINE#         202
  C:0196H         LINE#         203
  C:01A1H         LINE#         204
  C:01A3H         LINE#         205
  C:01B1H         LINE#         206
  C:01B1H         LINE#         207
  C:01BCH         LINE#         208
  C:01BEH         LINE#         209
  C:01C4H         LINE#         210
  C:01C4H         LINE#         211
  C:01CFH         LINE#         212
  C:01D1H         LINE#         213
  C:01DDH         LINE#         214
  C:01DDH         LINE#         215
  C:01ECH         LINE#         216
  C:01EEH         LINE#         218
  C:01EEH         LINE#         219
  C:0211H         LINE#         220
  C:022DH         LINE#         221
  C:0240H         LINE#         222
  C:0240H         LINE#         223
  C:024CH         LINE#         226
  C:0251H         LINE#         227
  C:0258H         LINE#         228
  C:025DH         LINE#         230
  C:026EH         LINE#         231
  C:026EH         LINE#         232
  C:027FH         LINE#         234
  C:0294H         LINE#         236
  C:02A5H         LINE#         238
  C:02B5H         LINE#         239
  C:02C7H         LINE#         240
  C:02CFH         LINE#         241
  C:02CFH         LINE#         243
  C:02D6H         LINE#         244
  C:02D6H         LINE#         245
BL51 BANKED LINKER/LOCATER V6.22                                                      07/15/2016  17:46:19  PAGE 31


  C:02D9H         LINE#         246
  C:02DEH         LINE#         247
  C:02E1H         LINE#         250
  C:02E9H         LINE#         251
  C:02E9H         LINE#         253
  C:02F8H         LINE#         254
  C:0304H         LINE#         256
  C:0309H         LINE#         257
  C:030EH         LINE#         258
  C:0316H         LINE#         259
  C:031BH         LINE#         260
  C:031DH         LINE#         261
  C:031DH         LINE#         262
  C:0320H         LINE#         264
  C:0328H         LINE#         265
  C:0328H         LINE#         267
  C:0337H         LINE#         268
  C:0343H         LINE#         270
  C:0348H         LINE#         271
  C:034EH         LINE#         272
  C:0351H         LINE#         273
  C:0351H         LINE#         274
  C:0353H         LINE#         276
  C:035BH         LINE#         277
  C:035BH         LINE#         279
  C:036AH         LINE#         280
  C:0376H         LINE#         282
  C:037BH         LINE#         283
  C:0381H         LINE#         284
  C:0383H         LINE#         285
  C:0383H         LINE#         286
  C:0385H         LINE#         288
  C:038DH         LINE#         289
  C:038DH         LINE#         291
  C:039CH         LINE#         292
  C:03A8H         LINE#         294
  C:03ADH         LINE#         295
  C:03B3H         LINE#         296
  C:03B5H         LINE#         297
  C:03B8H         LINE#         298
  C:03B8H         LINE#         299
  C:03B8H         LINE#         300
  C:03B8H         LINE#         301
  C:03B8H         LINE#         302
  C:03BBH         LINE#         304
  C:03CAH         LINE#         305
  C:03CAH         LINE#         306
  C:03CCH         LINE#         307
  C:03CEH         LINE#         309
  C:03EAH         LINE#         310
  C:0401H         LINE#         311
  C:041DH         LINE#         313
  C:042FH         LINE#         314
  C:042FH         LINE#         315
  C:0445H         LINE#         316
  C:0445H         LINE#         317
  C:0445H         LINE#         318
BL51 BANKED LINKER/LOCATER V6.22                                                      07/15/2016  17:46:19  PAGE 32


  C:0445H         LINE#         319
  C:0450H         LINE#         320
  C:0450H         LINE#         321
  C:0453H         LINE#         322
  C:0456H         LINE#         323
  C:0461H         LINE#         324
  C:0461H         LINE#         325
  C:0461H         LINE#         326
  C:0463H         LINE#         327
  C:0475H         LINE#         328
  C:0475H         LINE#         329
  C:0478H         LINE#         330
  C:0478H         LINE#         331
  C:047BH         LINE#         332
  C:047BH         LINE#         333
  C:047BH         LINE#         334
  C:047BH         LINE#         335
  C:0486H         LINE#         336
  C:0486H         LINE#         337
  C:0489H         LINE#         339
  C:048FH         LINE#         340
  C:048FH         LINE#         341
  C:0492H         LINE#         342
  C:0494H         LINE#         344
  C:04A0H         LINE#         345
  C:04A0H         LINE#         346
  C:04A3H         LINE#         347
  C:04A5H         LINE#         349
  C:04ACH         LINE#         350
  C:04ACH         LINE#         351
  C:04B1H         LINE#         352
  C:04B5H         LINE#         353
  C:04BAH         LINE#         354
  C:04BCH         LINE#         356
  C:04C3H         LINE#         357
  C:04C3H         LINE#         358
  C:04C8H         LINE#         359
  C:04C8H         LINE#         361
  C:04CFH         LINE#         362
  C:04CFH         LINE#         363
  C:04D5H         LINE#         364
  C:04D5H         LINE#         365
  C:04D9H         LINE#         366
  C:04DCH         LINE#         367
  C:04E7H         LINE#         368
  C:04E7H         LINE#         369
  C:04ECH         LINE#         370
  C:04ECH         LINE#         371
  C:04EFH         LINE#         372
  C:0504H         LINE#         373
  C:0504H         LINE#         374
  C:050BH         LINE#         375
  C:0517H         LINE#         377
  C:0534H         LINE#         379
  C:054AH         LINE#         380
  C:054AH         LINE#         381
  C:0560H         LINE#         382
BL51 BANKED LINKER/LOCATER V6.22                                                      07/15/2016  17:46:19  PAGE 33


  C:0576H         LINE#         383
  C:058DH         LINE#         384
  C:05A2H         LINE#         385
  C:05A2H         LINE#         387
  C:05BDH         LINE#         389
  C:05CDH         LINE#         390
  C:05DFH         LINE#         391
  C:05DFH         LINE#         392
  C:05DFH         LINE#         393
  C:05E2H         LINE#         394
  C:05E2H         LINE#         395
  C:05E2H         LINE#         396
  C:05E2H         LINE#         397
  C:05FCH         LINE#         398
  C:05FCH         LINE#         399
  C:05FFH         LINE#         404
  C:060BH         LINE#         406
  C:0621H         LINE#         407
  C:0621H         LINE#         408
  C:062CH         LINE#         409
  C:0637H         LINE#         410
  C:0643H         LINE#         411
  C:0643H         LINE#         412
  C:064DH         LINE#         413
  C:064DH         LINE#         415
  C:0657H         LINE#         417
  C:065CH         LINE#         418
  C:0662H         LINE#         420
  C:066AH         LINE#         421
  C:067DH         LINE#         422
  C:069DH         LINE#         423
  C:06A3H         LINE#         424
  C:06A3H         LINE#         425
  C:06A3H         LINE#         426
  C:06A3H         LINE#         427
  C:06A3H         LINE#         428
  C:06A3H         LINE#         429
  C:06A3H         LINE#         430
  C:06A3H         LINE#         431
  C:06A3H         LINE#         432
  C:06A3H         LINE#         433
  C:06A5H         LINE#         434
  C:06A7H         LINE#         435
  C:06A7H         LINE#         436
  C:06B6H         LINE#         437
  C:06B6H         LINE#         438
  C:06C2H         LINE#         439
  C:06CAH         LINE#         440
  C:06CFH         LINE#         441
  C:06D3H         LINE#         443
  C:06D5H         LINE#         444
  -------         ENDPROC       DISCODEPROTOCALV1
  -------         PROC          CMD_PROCESS
  -------         DO            
  X:028EH         SYMBOL        lightTowerIndex
  X:028FH         SYMBOL        tempDiscodeValue
  -------         ENDDO         
BL51 BANKED LINKER/LOCATER V6.22                                                      07/15/2016  17:46:19  PAGE 34


  C:2A97H         LINE#         460
  C:2A97H         LINE#         461
  C:2A97H         LINE#         463
  C:2A9CH         LINE#         464
  C:2A9EH         LINE#         465
  C:2AA7H         LINE#         470
  C:2AAAH         LINE#         471
  -------         ENDPROC       CMD_PROCESS
  -------         ENDMOD        PROCESS

  -------         MODULE        UART
  C:0000H         SYMBOL        _ICE_DUMMY_
  D:0080H         PUBLIC        P0
  D:0090H         PUBLIC        P1
  D:00A0H         PUBLIC        P2
  C:28EEH         PUBLIC        InitT232
  D:00B0H         PUBLIC        P3
  C:2741H         PUBLIC        SCON485_int
  D:00C0H         PUBLIC        P4
  D:00C8H         PUBLIC        P5
  B:00A0H.4       PUBLIC        M485_CTRL
  B:00A8H.7       PUBLIC        EA
  C:0003H         PUBLIC        InitT485
  D:00A8H         PUBLIC        IE
  D:00B8H         PUBLIC        IP
  B:0098H.0       PUBLIC        RI
  B:0098H.1       PUBLIC        TI
  D:00D8H         PUBLIC        CCON
  C:2974H         PUBLIC        _Send485SerialByte
  D:0099H         PUBLIC        SBUF
  D:0087H         PUBLIC        PCON
  D:0098H         PUBLIC        SCON
  D:0089H         PUBLIC        TMOD
  D:0088H         PUBLIC        TCON
  X:0000H         PUBLIC        uart
  D:00AFH         PUBLIC        IE2
  D:008EH         PUBLIC        AUXR
  B:0020H.0       PUBLIC        busy
  B:00C0H.6       PUBLIC        LED_TXD485
  B:00A8H.3       PUBLIC        ET1
  C:2AF4H         PUBLIC        UART232_Init
  D:008DH         PUBLIC        TH1
  X:0069H         PUBLIC        InTemp
  D:008BH         PUBLIC        TL1
  C:2AE3H         PUBLIC        UART485_Init
  X:006AH         PUBLIC        uart232
  B:0088H.6       PUBLIC        TR1
  D:009BH         PUBLIC        S2BUF
  D:009AH         PUBLIC        S2CON
  D:009CH         PUBLIC        BRT
  C:2409H         PUBLIC        SCON232_int
  D:00D0H         PUBLIC        PSW
  -------         PROC          INITT485
  C:0003H         LINE#         25
  C:0003H         LINE#         26
  C:0003H         LINE#         39
  C:0006H         LINE#         40
BL51 BANKED LINKER/LOCATER V6.22                                                      07/15/2016  17:46:19  PAGE 35


  C:0009H         LINE#         41
  C:000CH         LINE#         42
  C:000FH         LINE#         43
  C:0012H         LINE#         44
  C:0015H         LINE#         45
  C:0018H         LINE#         46
  C:001BH         LINE#         47
  C:001DH         LINE#         48
  C:001FH         LINE#         49
  C:0021H         LINE#         67
  -------         ENDPROC       INITT485
  -------         PROC          UART485_INIT
  C:2AE3H         LINE#         77
  C:2AE3H         LINE#         78
  C:2AE3H         LINE#         79
  C:2AE6H         LINE#         80
  C:2AEBH         LINE#         81
[...]
  C:1FE1H         LINE#         233
  -------         ENDPROC       _PCDAUTHSTATE
  -------         PROC          _PCDREAD
  D:0007H         SYMBOL        addr
  X:01E5H         SYMBOL        pData
  -------         DO            
  D:0007H         SYMBOL        status
  X:01E8H         SYMBOL        unLen
  D:0006H         SYMBOL        i
  X:01EAH         SYMBOL        ucComMF522Buf
  -------         ENDDO         
  C:22BCH         LINE#         241
  C:22C7H         LINE#         242
  C:22C7H         LINE#         247
  C:22CDH         LINE#         248
  C:22D0H         LINE#         249
  C:22E5H         LINE#         251
  C:230EH         LINE#         252
  C:231DH         LINE#         254
  C:231DH         LINE#         255
  C:231EH         LINE#         256
  C:2345H         LINE#         257
  C:2345H         LINE#         259
  C:2347H         LINE#         261
  C:2347H         LINE#         262
  -------         ENDPROC       _PCDREAD
  -------         PROC          _PCDWRITE
  D:0007H         SYMBOL        addr
  X:01DCH         SYMBOL        pData
  -------         DO            
  D:0007H         SYMBOL        status
  X:01DFH         SYMBOL        unLen
BL51 BANKED LINKER/LOCATER V6.22                                                      07/15/2016  17:46:19  PAGE 45


  D:0006H         SYMBOL        i
  X:01E1H         SYMBOL        ucComMF522Buf
  -------         ENDDO         
  C:1741H         LINE#         270
  C:174CH         LINE#         271
  C:174CH         LINE#         276
  C:1752H         LINE#         277
  C:1755H         LINE#         278
  C:176EH         LINE#         280
  C:1797H         LINE#         282
  C:17B0H         LINE#         283
  C:17B2H         LINE#         285
  C:17B8H         LINE#         286
  C:17B8H         LINE#         288
  C:17B9H         LINE#         289
  C:17DEH         LINE#         290
  C:17F7H         LINE#         292
  C:1820H         LINE#         293
  C:1839H         LINE#         294
  C:183BH         LINE#         295
  C:183BH         LINE#         297
  C:183BH         LINE#         298
  -------         ENDPROC       _PCDWRITE
  -------         PROC          _PCDVALUE
  D:0007H         SYMBOL        dd_mode
  X:0213H         SYMBOL        addr
  X:0214H         SYMBOL        pValue
  -------         DO            
  D:0007H         SYMBOL        status
  X:0217H         SYMBOL        unLen
  D:0006H         SYMBOL        i
  X:0219H         SYMBOL        ucComMF522Buf
  -------         ENDDO         
  C:1C59H         LINE#         309
  C:1C69H         LINE#         310
  C:1C69H         LINE#         315
  C:1C6EH         LINE#         316
  C:1C70H         LINE#         317
  C:1C73H         LINE#         319
  C:1C76H         LINE#         321
  C:1C8FH         LINE#         322
  C:1C91H         LINE#         324
  C:1C94H         LINE#         325
  C:1C94H         LINE#         327
  C:1C95H         LINE#         328
  C:1CBAH         LINE#         329
  C:1CD3H         LINE#         330
  C:1CDAH         LINE#         331
  C:1CDFH         LINE#         332
  C:1CE4H         LINE#         333
  C:1CE6H         LINE#         334
  C:1CE6H         LINE#         336
  C:1CE9H         LINE#         337
  C:1CE9H         LINE#         338
  C:1CEFH         LINE#         339
  C:1CF6H         LINE#         340
  C:1CF9H         LINE#         342
BL51 BANKED LINKER/LOCATER V6.22                                                      07/15/2016  17:46:19  PAGE 46


  C:1CFCH         LINE#         344
  C:1D15H         LINE#         345
  C:1D17H         LINE#         346
  C:1D17H         LINE#         347
  C:1D17H         LINE#         348
  -------         ENDPROC       _PCDVALUE
  -------         PROC          _PCDBAKVALUE
  D:0007H         SYMBOL        sourceaddr
  X:022BH         SYMBOL        goaladdr
  -------         DO            
  D:0007H         SYMBOL        status
  X:022CH         SYMBOL        unLen
  X:022EH         SYMBOL        ucComMF522Buf
  -------         ENDDO         
  C:1504H         LINE#         355
  C:1509H         LINE#         356
  C:1509H         LINE#         361
  C:150FH         LINE#         362
  C:1512H         LINE#         363
  C:152BH         LINE#         365
  C:1554H         LINE#         367
  C:156DH         LINE#         368
  C:156FH         LINE#         370
  C:1572H         LINE#         371
  C:1572H         LINE#         372
  C:1576H         LINE#         373
  C:1578H         LINE#         374
  C:157AH         LINE#         375
  C:157CH         LINE#         376
  C:1594H         LINE#         378
  C:15BDH         LINE#         379
  C:15C2H         LINE#         380
  C:15C4H         LINE#         381
  C:15C4H         LINE#         383
  C:15C7H         LINE#         384
  C:15CAH         LINE#         386
  C:15D0H         LINE#         387
  C:15D8H         LINE#         389
  C:15F1H         LINE#         391
  C:161AH         LINE#         393
  C:1633H         LINE#         394
  C:1635H         LINE#         396
  C:1635H         LINE#         397
  -------         ENDPROC       _PCDBAKVALUE
  -------         PROC          PCDHALT
  -------         DO            
  X:01E5H         SYMBOL        status
  X:01E6H         SYMBOL        unLen
  X:01E8H         SYMBOL        ucComMF522Buf
  -------         ENDDO         
  C:256AH         LINE#         404
  C:256AH         LINE#         405
  C:256AH         LINE#         410
  C:2570H         LINE#         411
  C:2573H         LINE#         412
  C:258BH         LINE#         414
  C:25B9H         LINE#         416
BL51 BANKED LINKER/LOCATER V6.22                                                      07/15/2016  17:46:19  PAGE 47


  C:25BBH         LINE#         417
  -------         ENDPROC       PCDHALT
  C:1DE3H         SYMBOL        L?0125
  -------         PROC          L?0124
  -------         ENDPROC       L?0124
  C:1DE3H         SYMBOL        L?0125
  -------         PROC          _CALULATECRC
  X:01FCH         SYMBOL        pIndata
  X:01FFH         SYMBOL        len
  X:0200H         SYMBOL        pOutData
  -------         DO            
  X:0203H         SYMBOL        i
  D:0007H         SYMBOL        n
  -------         ENDDO         
  C:1DE7H         LINE#         424
  C:1DF5H         LINE#         425
  C:1DF5H         LINE#         427
  C:1DFCH         LINE#         428
  C:1E03H         LINE#         429
  C:1E0AH         LINE#         430
  C:1E1DH         LINE#         431
  C:1E3EH         LINE#         432
  C:1E45H         LINE#         433
  C:1E4BH         LINE#         435
  C:1E4BH         LINE#         436
  C:1E50H         LINE#         437
  C:1E56H         LINE#         438
  C:1E56H         LINE#         439
  C:1E5DH         LINE#         440
  C:1E71H         LINE#         441
  -------         ENDPROC       _CALULATECRC
  -------         PROC          PCDRESET
  -------         DO            
  X:01DCH         SYMBOL        i
  -------         ENDDO         
  C:265BH         LINE#         449
  C:265BH         LINE#         450
  C:265BH         LINE#         452
  C:265DH         LINE#         454
  C:265EH         LINE#         456
  C:2660H         LINE#         458
  C:2661H         LINE#         460
  C:2663H         LINE#         462
  C:266AH         LINE#         464
  C:2671H         LINE#         466
  C:2672H         LINE#         469
  C:2679H         LINE#         470
  C:2680H         LINE#         471
  C:2687H         LINE#         472
  C:268EH         LINE#         473
  C:2695H         LINE#         474
  C:269CH         LINE#         475
  C:26A6H         LINE#         477
  C:26A8H         LINE#         478
  -------         ENDPROC       PCDRESET
  C:0914H         SYMBOL        L?0122
  C:0934H         SYMBOL        L?0123
BL51 BANKED LINKER/LOCATER V6.22                                                      07/15/2016  17:46:19  PAGE 48


  -------         PROC          L?0121
  -------         ENDPROC       L?0121
  C:0914H         SYMBOL        L?0122
  C:0934H         SYMBOL        L?0123
  -------         PROC          _PCDCOMMF522
  X:0202H         SYMBOL        Command
  X:0203H         SYMBOL        pInData
  X:0206H         SYMBOL        InLenByte
  X:0207H         SYMBOL        pOutData
  X:020AH         SYMBOL        pOutLenBit
  -------         DO            
  X:020DH         SYMBOL        status
  X:020EH         SYMBOL        irqEn
  X:020FH         SYMBOL        waitFor
  D:0005H         SYMBOL        lastBits
  X:0210H         SYMBOL        n
  X:0211H         SYMBOL        i
  -------         ENDDO         
  C:0938H         LINE#         489
  C:0948H         LINE#         494
  C:0948H         LINE#         495
  C:094EH         LINE#         496
  C:0951H         LINE#         497
  C:0953H         LINE#         501
  C:095CH         LINE#         502
  C:095CH         LINE#         503
  C:095CH         LINE#         504
  C:0962H         LINE#         505
  C:0966H         LINE#         506
  C:0968H         LINE#         507
  C:0968H         LINE#         508
  C:096EH         LINE#         509
  C:0972H         LINE#         510
  C:0972H         LINE#         511
  C:0972H         LINE#         512
  C:0972H         LINE#         513
  C:0972H         LINE#         515
  C:097EH         LINE#         516
  C:0985H         LINE#         517
  C:098CH         LINE#         518
  C:0993H         LINE#         520
  C:09AEH         LINE#         521
  C:09D6H         LINE#         522
  C:09E0H         LINE#         525
  C:09E7H         LINE#         526
  C:09EEH         LINE#         528
  C:09F8H         LINE#         530
  C:09F8H         LINE#         531
  C:0A02H         LINE#         532
  C:0A10H         LINE#         533
  C:0A10H         LINE#         534
  C:0A28H         LINE#         535
  C:0A2FH         LINE#         537
  C:0A3CH         LINE#         538
  C:0A3CH         LINE#         539
  C:0A49H         LINE#         540
  C:0A49H         LINE#         541
BL51 BANKED LINKER/LOCATER V6.22                                                      07/15/2016  17:46:19  PAGE 49


  C:0A4DH         LINE#         542
  C:0A58H         LINE#         543
  C:0A5EH         LINE#         544
  C:0A69H         LINE#         545
  C:0A69H         LINE#         546
  C:0A73H         LINE#         547
  C:0A7CH         LINE#         548
  C:0A7EH         LINE#         549
  C:0AA7H         LINE#         551
  C:0AC2H         LINE#         552
  C:0AC8H         LINE#         553
  C:0ACAH         LINE#         554
  C:0AD3H         LINE#         555
  C:0AD6H         LINE#         556
  C:0AF0H         LINE#         557
  C:0B1FH         LINE#         558
  C:0B1FH         LINE#         559
  C:0B1FH         LINE#         561
  C:0B25H         LINE#         563
  C:0B25H         LINE#         566
  C:0B2CH         LINE#         567
  C:0B33H         LINE#         568
  C:0B38H         LINE#         569
  -------         ENDPROC       _PCDCOMMF522
  -------         PROC          PCDANTENNAON
  -------         DO            
  D:0007H         SYMBOL        i
  -------         ENDDO         
  C:2AD1H         LINE#         576
  C:2AD1H         LINE#         577
  C:2AD1H         LINE#         579
  C:2AD6H         LINE#         580
  C:2ADBH         LINE#         581
  C:2ADBH         LINE#         582
  C:2AE2H         LINE#         583
  C:2AE2H         LINE#         584
  -------         ENDPROC       PCDANTENNAON
  -------         PROC          PCDANTENNAOFF
  C:2B75H         LINE#         591
  C:2B75H         LINE#         592
  C:2B75H         LINE#         593
  -------         ENDPROC       PCDANTENNAOFF
  -------         ENDMOD        MRC522_API

  -------         MODULE        MRC522_HAL
  C:0000H         SYMBOL        _ICE_DUMMY_
  D:0080H         PUBLIC        P0
  D:0090H         PUBLIC        P1
  D:00A0H         PUBLIC        P2
  D:00B0H         PUBLIC        P3
  D:00C0H         PUBLIC        P4
  D:00C8H         PUBLIC        P5
  D:00A8H         PUBLIC        IE
  D:00B8H         PUBLIC        IP
  C:2B33H         PUBLIC        _ClearBitMask
  D:00D8H         PUBLIC        CCON
  D:0098H         PUBLIC        SCON
BL51 BANKED LINKER/LOCATER V6.22                                                      07/15/2016  17:46:19  PAGE 50


  D:0088H         PUBLIC        TCON
  C:27D4H         PUBLIC        _ReadRawRC
  B:0080H.0       PUBLIC        MF522_MISO
  B:00A0H.7       PUBLIC        MF522_MOSI
  C:284DH         PUBLIC        _WriteRawRC
  C:2B41H         PUBLIC        _SetBitMask
  B:00A0H.4       PUBLIC        MF522_SDA
  B:00A0H.6       PUBLIC        MF522_SCK
  D:00D0H         PUBLIC        PSW
  -------         PROC          _WRITERAWRC
  D:0007H         SYMBOL        Address
  D:0005H         SYMBOL        value
  -------         DO            
  D:0006H         SYMBOL        i
  D:0007H         SYMBOL        ucAddr
  -------         ENDDO         
  C:284DH         LINE#         8
  C:284DH         LINE#         9
  C:284DH         LINE#         12
  C:284FH         LINE#         13
  C:2851H         LINE#         14
  C:2857H         LINE#         16
  C:2859H         LINE#         17
  C:2859H         LINE#         18
  C:2863H         LINE#         19
  C:2865H         LINE#         20
  C:2869H         LINE#         21
  C:286BH         LINE#         22
  C:286DH         LINE#         24
  C:286FH         LINE#         25
  C:286FH         LINE#         26
  C:2879H         LINE#         27
  C:287BH         LINE#         28
  C:287FH         LINE#         29
  C:2881H         LINE#         30
  C:2883H         LINE#         31
  C:2885H         LINE#         32
  C:2887H         LINE#         33
  -------         ENDPROC       _WRITERAWRC
  -------         PROC          L?0023
  -------         ENDPROC       L?0023
  -------         PROC          _READRAWRC
  D:0007H         SYMBOL        Address
  -------         DO            
  D:0005H         SYMBOL        i
  D:0007H         SYMBOL        ucAddr
  D:0006H         SYMBOL        ucResult
  -------         ENDDO         
  C:27D4H         LINE#         40
  C:27D4H         LINE#         41
  C:27D4H         LINE#         43
  C:27D6H         LINE#         45
  C:27D8H         LINE#         46
  C:27DAH         LINE#         47
  C:27E2H         LINE#         49
  C:27E4H         LINE#         50
  C:27E4H         LINE#         51
BL51 BANKED LINKER/LOCATER V6.22                                                      07/15/2016  17:46:19  PAGE 51


  C:27EEH         LINE#         52
  C:27F0H         LINE#         53
  C:27F4H         LINE#         54
  C:27F6H         LINE#         55
  C:27F8H         LINE#         57
  C:27FAH         LINE#         58
  C:27FAH         LINE#         59
  C:27FCH         LINE#         60
  C:2800H         LINE#         61
  C:2806H         LINE#         62
  C:2808H         LINE#         63
  C:280AH         LINE#         65
  C:280CH         LINE#         66
  C:280EH         LINE#         67
  C:2810H         LINE#         68
  -------         ENDPROC       _READRAWRC
  -------         PROC          _SETBITMASK
  D:0004H         SYMBOL        reg
  D:0003H         SYMBOL        mask
  -------         DO            
  D:0006H         SYMBOL        tmp
  -------         ENDDO         
  C:2B41H         LINE#         75
  C:2B41H         LINE#         76
  C:2B41H         LINE#         77
  C:2B41H         LINE#         78
  C:2B46H         LINE#         79
  -------         ENDPROC       _SETBITMASK
  -------         PROC          _CLEARBITMASK
  D:0004H         SYMBOL        reg
  D:0003H         SYMBOL        mask
  -------         DO            
  D:0006H         SYMBOL        tmp
  -------         ENDDO         
  C:2B33H         LINE#         87
  C:2B33H         LINE#         88
  C:2B33H         LINE#         89
  C:2B33H         LINE#         90
  C:2B38H         LINE#         91
  -------         ENDPROC       _CLEARBITMASK
  -------         ENDMOD        MRC522_HAL

  -------         MODULE        LED_DISPLAY
  C:0000H         SYMBOL        _ICE_DUMMY_
  D:0080H         PUBLIC        P0
  D:0090H         PUBLIC        P1
  D:00A0H         PUBLIC        P2
  D:00B0H         PUBLIC        P3
  D:00C0H         PUBLIC        P4
  D:00C8H         PUBLIC        P5
  D:00A8H         PUBLIC        IE
  D:00B8H         PUBLIC        IP
  D:00D8H         PUBLIC        CCON
  D:0098H         PUBLIC        SCON
  D:0088H         PUBLIC        TCON
  D:00D0H         PUBLIC        PSW
  -------         ENDMOD        LED_DISPLAY
BL51 BANKED LINKER/LOCATER V6.22                                                      07/15/2016  17:46:19  PAGE 52



  -------         MODULE        ?C?CLDPTR
  C:13CCH         PUBLIC        ?C?CLDPTR
  -------         ENDMOD        ?C?CLDPTR

  -------         MODULE        ?C?CLDOPTR
  C:13E5H         PUBLIC        ?C?CLDOPTR
  -------         ENDMOD        ?C?CLDOPTR

  -------         MODULE        ?C?CSTPTR
  C:1412H         PUBLIC        ?C?CSTPTR
  -------         ENDMOD        ?C?CSTPTR

  -------         MODULE        ?C?CSTOPTR
  C:1424H         PUBLIC        ?C?CSTOPTR
  -------         ENDMOD        ?C?CSTOPTR

  -------         MODULE        ?C?IMUL
  C:1446H         PUBLIC        ?C?IMUL
  -------         ENDMOD        ?C?IMUL

  -------         MODULE        ?C?UIDIV
  C:1458H         PUBLIC        ?C?UIDIV
  -------         ENDMOD        ?C?UIDIV

  -------         MODULE        ?C?IILDX
  C:14ADH         PUBLIC        ?C?IILDX
  -------         ENDMOD        ?C?IILDX

  -------         MODULE        ?C?ILDIX
  C:14C3H         PUBLIC        ?C?ILDIX
  -------         ENDMOD        ?C?ILDIX

  -------         MODULE        ?C?ISTPTR
  C:14D9H         PUBLIC        ?C?ISTPTR
  -------         ENDMOD        ?C?ISTPTR

  -------         MODULE        ?C?OFFXADD
  C:14F8H         PUBLIC        ?C?OFFXADD
  -------         ENDMOD        ?C?OFFXADD

*** WARNING L16: UNCALLED SEGMENT, IGNORED FOR OVERLAY PROCESS
    SEGMENT: ?PR?LOADPARAINEEPROM?EEPROM

*** WARNING L16: UNCALLED SEGMENT, IGNORED FOR OVERLAY PROCESS
    SEGMENT: ?PR?SCAN_KEYBOARD?KEY

*** WARNING L16: UNCALLED SEGMENT, IGNORED FOR OVERLAY PROCESS
    SEGMENT: ?PR?PROCESS_KEYBOARD?KEY

*** WARNING L16: UNCALLED SEGMENT, IGNORED FOR OVERLAY PROCESS
    SEGMENT: ?PR?DIGITAL_LED_CNTRL_INIT?LED

*** WARNING L16: UNCALLED SEGMENT, IGNORED FOR OVERLAY PROCESS
    SEGMENT: ?PR?LED_SCAN?LED

*** WARNING L16: UNCALLED SEGMENT, IGNORED FOR OVERLAY PROCESS
BL51 BANKED LINKER/LOCATER V6.22                                                      07/15/2016  17:46:19  PAGE 53


    SEGMENT: ?PR?CMD_LED_FLASH?LED

*** WARNING L16: UNCALLED SEGMENT, IGNORED FOR OVERLAY PROCESS
    SEGMENT: ?PR?CMD_LIGHETOWER_FLASH?LED

*** WARNING L16: UNCALLED SEGMENT, IGNORED FOR OVERLAY PROCESS
    SEGMENT: ?PR?DIGITAL_LED_DISP?LED

*** WARNING L16: UNCALLED SEGMENT, IGNORED FOR OVERLAY PROCESS
    SEGMENT: ?PR?DIGITAL_LED_DISPADDR?LED

*** WARNING L16: UNCALLED SEGMENT, IGNORED FOR OVERLAY PROCESS
    SEGMENT: ?PR?CMD_PROCESS?PROCESS

*** WARNING L16: UNCALLED SEGMENT, IGNORED FOR OVERLAY PROCESS
    SEGMENT: ?PR?UART485_INIT?UART

*** WARNING L16: UNCALLED SEGMENT, IGNORED FOR OVERLAY PROCESS
    SEGMENT: ?PR?UART232_INIT?UART

*** WARNING L16: UNCALLED SEGMENT, IGNORED FOR OVERLAY PROCESS
    SEGMENT: ?PR?INITT0?TIMER

*** WARNING L16: UNCALLED SEGMENT, IGNORED FOR OVERLAY PROCESS
    SEGMENT: ?PR?IO_INIT?INIT

*** WARNING L16: UNCALLED SEGMENT, IGNORED FOR OVERLAY PROCESS
    SEGMENT: ?PR?START_INIT?INIT

*** WARNING L16: UNCALLED SEGMENT, IGNORED FOR OVERLAY PROCESS
    SEGMENT: ?PR?_PCDVALUE?MRC522_API

*** WARNING L16: UNCALLED SEGMENT, IGNORED FOR OVERLAY PROCESS
    SEGMENT: ?PR?_PCDBAKVALUE?MRC522_API

Program Size: data=21.1 xdata=658 code=11136
LINK/LOCATE RUN COMPLETE.  17 WARNING(S),  0 ERROR(S)
