BL51 BANKED LINKER/LOCATER V6.22                                                        07/20/2016  13:38:28  PAGE 1


BL51 BANKED LINKER/LOCATER V6.22, INVOKED BY:
C:\\C51\BIN\BL51.EXE ..\OUT\STARTUP.obj, ..\OUT\crc.obj, ..\OUT\eeprom.obj, ..\OUT\key.obj, ..\OUT\led.obj, ..\OUT\main.
>> obj, ..\OUT\process.obj, ..\OUT\uart.obj, ..\OUT\timer.obj, ..\OUT\delay.obj, ..\OUT\init.obj, ..\OUT\commom.obj, ..\
>> OUT\mrc522_api.obj, ..\OUT\mrc522_hal.obj, ..\OUT\led_display.obj TO ..\OUT\X-DI10-RFID07.11 PRINT (.\X-DI10-RFID07.m
>> 51) RAMSIZE (256)


MEMORY MODEL: LARGE


INPUT MODULES INCLUDED:
  ..\OUT\STARTUP.obj (?C_STARTUP)
  ..\OUT\crc.obj (CRC)
  ..\OUT\eeprom.obj (EEPROM)
  ..\OUT\key.obj (KEY)
  ..\OUT\led.obj (LED)
  ..\OUT\main.obj (MAIN)
  ..\OUT\process.obj (PROCESS)
  ..\OUT\uart.obj (UART)
  ..\OUT\timer.obj (TIMER)
  ..\OUT\delay.obj (DELAY)
  ..\OUT\init.obj (INIT)
  ..\OUT\commom.obj (COMMOM)
  ..\OUT\mrc522_api.obj (MRC522_API)
  ..\OUT\mrc522_hal.obj (MRC522_HAL)
  ..\OUT\led_display.obj (LED_DISPLAY)
  C:\\C51\LIB\C51L.LIB (?C_INIT)
  C:\\C51\LIB\C51L.LIB (?C?CLDPTR)
  C:\\C51\LIB\C51L.LIB (?C?CLDOPTR)
  C:\\C51\LIB\C51L.LIB (?C?CSTPTR)
  C:\\C51\LIB\C51L.LIB (?C?CSTOPTR)
  C:\\C51\LIB\C51L.LIB (?C?IMUL)
  C:\\C51\LIB\C51L.LIB (?C?UIDIV)
  C:\\C51\LIB\C51L.LIB (?C?IILDX)
  C:\\C51\LIB\C51L.LIB (?C?ILDIX)
  C:\\C51\LIB\C51L.LIB (?C?ISTPTR)
  C:\\C51\LIB\C51L.LIB (?C?OFFXADD)
  C:\\C51\LIB\C51L.LIB (PRINTF)
  C:\\C51\LIB\C51L.LIB (?C?PLDIXDATA)
  C:\\C51\LIB\C51L.LIB (?C?PSTXDATA)
  C:\\C51\LIB\C51L.LIB (?C?CCASE)
  C:\\C51\LIB\C51L.LIB (PUTCHAR)


LINK MAP OF MODULE:  ..\OUT\X-DI10-RFID07.11 (?C_STARTUP)


            TYPE    BASE      LENGTH    RELOCATION   SEGMENT NAME
            -----------------------------------------------------

            * * * * * * *   D A T A   M E M O R Y   * * * * * * *
            REG     0000H     0008H     ABSOLUTE     "REG BANK 0"
            DATA    0008H     0005H     UNIT         _DATA_GROUP_
            IDATA   000DH     000CH     UNIT         ?ID?LED
                    0019H     0007H                  *** GAP ***
            BIT     0020H.0   0001H.1   UNIT         _BIT_GROUP_
            BIT     0021H.1   0000H.1   UNIT         ?BI?UART
                    0021H.2   0000H.6                *** GAP ***
BL51 BANKED LINKER/LOCATER V6.22                                                      07/20/2016  13:38:28  PAGE 2


            IDATA   0022H     0001H     UNIT         ?STACK

            * * * * * * *  X D A T A   M E M O R Y  * * * * * * *
            XDATA   0000H     00D3H     UNIT         ?XD?UART
            XDATA   00D3H     00B7H     UNIT         ?XD?LED
            XDATA   018AH     0053H     UNIT         ?XD?MAIN
            XDATA   01DDH     003AH     UNIT         _XDATA_GROUP_
            XDATA   0217H     0018H     UNIT         ?XD?_PCDVALUE?MRC522_API
            XDATA   022FH     0017H     UNIT         ?XD?_PCDWRITE?MRC522_API
            XDATA   0246H     0015H     UNIT         ?XD?_PCDBAKVALUE?MRC522_API
            XDATA   025BH     0010H     UNIT         ?XD?_READPARAINEEPROM?EEPROM
            XDATA   026BH     000BH     UNIT         ?XD?DISCODEPROTOCALV1?PROCESS
            XDATA   0276H     000AH     UNIT         ?XD?_M1_WRITE?MRC522_API
            XDATA   0280H     0008H     UNIT         ?XD?_EEPROM_READ_BLOCK?EEPROM
            XDATA   0288H     0008H     UNIT         ?XD?_EEPROM_WRITE_BLOCK?EEPROM
            XDATA   0290H     0008H     UNIT         ?XD?MRC522_API
            XDATA   0298H     0006H     UNIT         ?XD?SAVEPARATOBLOCK?EEPROM
            XDATA   029EH     0005H     UNIT         ?XD?_CRC16?CRC
            XDATA   02A3H     0005H     UNIT         ?XD?LOADPARAINEEPROM?EEPROM
            XDATA   02A8H     0003H     UNIT         ?XD?PROCESS_KEYBOARD?KEY
            XDATA   02ABH     0003H     UNIT         ?XD?KEY
            XDATA   02AEH     0002H     UNIT         ?XD?_BYTE_READ?EEPROM
            XDATA   02B0H     0002H     UNIT         ?XD?_BYTE_PROGRAM?EEPROM
            XDATA   02B2H     0002H     UNIT         ?XD?_SECTOR_ERASE?EEPROM
            XDATA   02B4H     0002H     UNIT         ?XD?_GETLIGHTTOWERONTIME?LED
            XDATA   02B6H     0002H     UNIT         ?XD?_GETLIGHTTOWEROFFTIME?LED
            XDATA   02B8H     0002H     UNIT         ?XD?CMD_PROCESS?PROCESS
            XDATA   02BAH     0001H     UNIT         ?XD?DELAY?KEY
            XDATA   02BBH     0001H     UNIT         ?XD?START_INIT?INIT

            * * * * * * *   C O D E   M E M O R Y   * * * * * * *
            CODE    0000H     0003H     ABSOLUTE     
            CODE    0003H     0007H     UNIT         ?PR?KEYPROCESSOK?KEY
                    000AH     0001H                  *** GAP ***
            CODE    000BH     0003H     ABSOLUTE     
            CODE    000EH     0015H     UNIT         ?PR?DELAY?KEY
            CODE    0023H     0003H     ABSOLUTE     
            CODE    0026H     0018H     UNIT         ?PR?INITT485?UART
            CODE    003EH     0004H     UNIT         ?PR?_EEPROM_ERASE_SECTOR?EEPROM
                    0042H     0001H                  *** GAP ***
            CODE    0043H     0003H     ABSOLUTE     
            CODE    0046H     0690H     UNIT         ?PR?DISCODEPROTOCALV1?PROCESS
            CODE    06D6H     0365H     UNIT         ?PR?PRINTF?PRINTF
            CODE    0A3BH     023CH     UNIT         ?PR?DIGITAL_LED_DISP?LED
            CODE    0C77H     0227H     UNIT         ?PR?_PCDCOMMF522?MRC522_API
            CODE    0E9EH     0218H     UNIT         ?PR?CMD_LIGHETOWER_FLASH?LED
            CODE    10B6H     0200H     UNIT         ?CO?CRC
            CODE    12B6H     01A3H     UNIT         ?PR?START_INIT?INIT
            CODE    1459H     018DH     UNIT         ?PR?_M1_READ?MRC522_API
            CODE    15E6H     017FH     UNIT         ?PR?_GETLIGHTTOWERONTIME?LED
            CODE    1765H     017FH     UNIT         ?PR?_GETLIGHTTOWEROFFTIME?LED
            CODE    18E4H     017EH     UNIT         ?C?LIB_CODE
            CODE    1A62H     0154H     UNIT         ?PR?_M1_WRITE?MRC522_API
            CODE    1BB6H     0132H     UNIT         ?PR?_PCDBAKVALUE?MRC522_API
            CODE    1CE8H     010BH     UNIT         ?PR?_READPARAINEEPROM?EEPROM
            CODE    1DF3H     0102H     UNIT         ?C_INITSEG
            CODE    1EF5H     0102H     UNIT         ?PR?_PCDWRITE?MRC522_API
BL51 BANKED LINKER/LOCATER V6.22                                                      07/20/2016  13:38:28  PAGE 3


            CODE    1FF7H     00E2H     UNIT         ?PR?ACK_MULTI_READ?PROCESS
            CODE    20D9H     00C9H     UNIT         ?PR?TIMER0_INT?MAIN
            CODE    21A2H     00C2H     UNIT         ?PR?_PCDANTICOLL?MRC522_API
            CODE    2264H     00C0H     UNIT         ?PR?GETLEDONTIME?LED
            CODE    2324H     00C0H     UNIT         ?PR?GETLEDOFFTIME?LED
            CODE    23E4H     00BFH     UNIT         ?PR?_PCDVALUE?MRC522_API
            CODE    24A3H     00B8H     UNIT         ?PR?LOADPARAINEEPROM?EEPROM
            CODE    255BH     00B8H     UNIT         ?PR?_CALULATECRC?MRC522_API
            CODE    2613H     00B4H     UNIT         ?PR?_PCDSELECT?MRC522_API
            CODE    26C7H     00AEH     UNIT         ?PR?_PCDAUTHSTATE?MRC522_API
            CODE    2775H     008EH     UNIT         ?PR?SAVEPARATOBLOCK?EEPROM
            CODE    2803H     008DH     UNIT         ?PR?_PCDREQUEST?MRC522_API
            CODE    2890H     008CH     UNIT         ?C_C51STARTUP
            CODE    291CH     008CH     UNIT         ?PR?_PCDREAD?MRC522_API
            CODE    29A8H     0062H     UNIT         ?PR?CMD_LED_FLASH?LED
            CODE    2A0AH     005FH     UNIT         ?PR?_LED_LIGHT_CTRL?LED
            CODE    2A69H     005EH     UNIT         ?PR?SCON232_INT?UART
            CODE    2AC7H     005BH     UNIT         ?PR?LED_SCAN?LED
            CODE    2B22H     0054H     UNIT         ?PR?_EEPROM_READ_BLOCK?EEPROM
            CODE    2B76H     0054H     UNIT         ?PR?ACK_MULTI_WRITE?PROCESS
            CODE    2BCAH     0052H     UNIT         ?PR?PCDHALT?MRC522_API
            CODE    2C1CH     0051H     UNIT         ?PR?_EEPROM_WRITE_BLOCK?EEPROM
            CODE    2C6DH     004EH     UNIT         ?PR?PROCESS_KEYBOARD?KEY
            CODE    2CBBH     004EH     UNIT         ?PR?PCDRESET?MRC522_API
            CODE    2D09H     004DH     UNIT         ?PR?_CRC16?CRC
            CODE    2D56H     004BH     UNIT         ?PR?ACK_MULTI_READTESTADDR?PROCESS
            CODE    2DA1H     0048H     UNIT         ?PR?SCON485_INT?UART
            CODE    2DE9H     0045H     UNIT         ?PR?CLEARALL?COMMOM
            CODE    2E2EH     0043H     UNIT         ?PR?_READRAWRC?MRC522_HAL
            CODE    2E71H     003CH     UNIT         ?PR?LED_BLINK?LED
            CODE    2EADH     003BH     UNIT         ?PR?_WRITERAWRC?MRC522_HAL
            CODE    2EE8H     0035H     UNIT         ?PR?IO_INIT?INIT
            CODE    2F1DH     0032H     UNIT         ?PR?INITIALIZESYSTEM?MAIN
            CODE    2F4FH     0031H     UNIT         ?PR?SCAN_KEYBOARD?KEY
            CODE    2F80H     0030H     UNIT         ?PR?INITT232?UART
            CODE    2FB0H     002EH     UNIT         ?CO?MRC522_API
            CODE    2FDEH     002AH     UNIT         ?PR?_BYTE_READ?EEPROM
            CODE    3008H     002AH     UNIT         ?PR?_SEND485SERIALBYTE?UART
            CODE    3032H     0028H     UNIT         ?PR?_BYTE_PROGRAM?EEPROM
            CODE    305AH     0027H     UNIT         ?PR?PUTCHAR?PUTCHAR
            CODE    3081H     0024H     UNIT         ?PR?LED_SUPPLYPOWER?LED
            CODE    30A5H     0022H     UNIT         ?PR?_SECTOR_ERASE?EEPROM
            CODE    30C7H     0021H     UNIT         ?PR?_LED_SHOW?LED
            CODE    30E8H     0021H     UNIT         ?PR?DISPLAY_CLEAR?LED
            CODE    3109H     001EH     UNIT         ?PR?DIGITAL_LED_DISPADDR?LED
            CODE    3127H     0018H     UNIT         ?PR?_DELAYMS?DELAY
            CODE    313FH     0014H     UNIT         ?PR?CMD_PROCESS?PROCESS
            CODE    3153H     0013H     UNIT         ?PR?RESETADDR?PROCESS
            CODE    3166H     0013H     UNIT         ?PR?INITT0?TIMER
            CODE    3179H     0012H     UNIT         ?PR?PCDANTENNAON?MRC522_API
            CODE    318BH     0011H     UNIT         ?PR?UART485_INIT?UART
            CODE    319CH     0011H     UNIT         ?PR?UART232_INIT?UART
            CODE    31ADH     0010H     UNIT         ?CO?EEPROM
            CODE    31BDH     0010H     UNIT         ?CO?MAIN
            CODE    31CDH     0010H     UNIT         ?PR?ACK_SINGLE_WRITE?PROCESS
            CODE    31DDH     000EH     UNIT         ?PR?DIGITAL_LED_CNTRL_INIT?LED
            CODE    31EBH     000EH     UNIT         ?PR?MAIN?MAIN
BL51 BANKED LINKER/LOCATER V6.22                                                      07/20/2016  13:38:28  PAGE 4


            CODE    31F9H     000EH     UNIT         ?PR?_CLEARBITMASK?MRC522_HAL
            CODE    3207H     000DH     UNIT         ?PR?_SETBITMASK?MRC522_HAL
            CODE    3214H     000CH     UNIT         ?PR?IAP_DISABLE?EEPROM
            CODE    3220H     000AH     UNIT         ?PR?DELAY1MS?DELAY
            CODE    322AH     000AH     UNIT         ?CO?INIT
            CODE    3234H     0007H     UNIT         ?PR?PCDANTENNAOFF?MRC522_API
            CODE    323BH     0003H     UNIT         ?PR?LED_ON?LED
            CODE    323EH     0003H     UNIT         ?PR?LED_OFF?LED



OVERLAY MAP OF MODULE:   ..\OUT\X-DI10-RFID07.11 (?C_STARTUP)


SEGMENT                                       BIT_GROUP          DATA_GROUP          XDATA_GROUP
  +--> CALLED SEGMENT                      START    LENGTH     START    LENGTH     START    LENGTH
--------------------------------------------------------------------------------------------------
?C_C51STARTUP                              -----    -----      -----    -----      -----    -----
  +--> ?PR?MAIN?MAIN
  +--> ?C_INITSEG

?PR?MAIN?MAIN                              -----    -----      -----    -----      -----    -----
  +--> ?PR?INITIALIZESYSTEM?MAIN
  +--> ?PR?PCDRESET?MRC522_API
  +--> ?PR?PCDANTENNAOFF?MRC522_API
  +--> ?PR?PCDANTENNAON?MRC522_API

?PR?PCDRESET?MRC522_API                    -----    -----      -----    -----      01E9H    0001H
  +--> ?PR?_DELAYMS?DELAY
  +--> ?PR?_WRITERAWRC?MRC522_HAL
  +--> ?PR?_READRAWRC?MRC522_HAL

?PR?_DELAYMS?DELAY                         -----    -----      -----    -----      -----    -----
  +--> ?PR?DELAY1MS?DELAY

?PR?PCDANTENNAOFF?MRC522_API               -----    -----      -----    -----      -----    -----
  +--> ?PR?_CLEARBITMASK?MRC522_HAL

?PR?_CLEARBITMASK?MRC522_HAL               -----    -----      -----    -----      -----    -----
  +--> ?PR?_READRAWRC?MRC522_HAL
  +--> ?PR?_WRITERAWRC?MRC522_HAL

?PR?PCDANTENNAON?MRC522_API                -----    -----      -----    -----      -----    -----
  +--> ?PR?_READRAWRC?MRC522_HAL
  +--> ?PR?_SETBITMASK?MRC522_HAL

?PR?_SETBITMASK?MRC522_HAL                 -----    -----      -----    -----      -----    -----
  +--> ?PR?_READRAWRC?MRC522_HAL
  +--> ?PR?_WRITERAWRC?MRC522_HAL

*** NEW ROOT ***************************************************

?PR?TIMER0_INT?MAIN                        -----    -----      -----    -----      -----    -----
  +--> ?PR?_M1_READ?MRC522_API
  +--> ?PR?LED_ON?LED
  +--> ?PR?LED_OFF?LED

BL51 BANKED LINKER/LOCATER V6.22                                                      07/20/2016  13:38:28  PAGE 5


?PR?_M1_READ?MRC522_API                    -----    -----      -----    -----      01DEH    000BH
  +--> ?PR?_PCDREQUEST?MRC522_API
  +--> ?PR?_PCDANTICOLL?MRC522_API
  +--> ?CO?MRC522_API
  +--> ?PR?PRINTF?PRINTF
  +--> ?PR?_PCDSELECT?MRC522_API
  +--> ?PR?_PCDAUTHSTATE?MRC522_API
  +--> ?PR?_PCDREAD?MRC522_API
  +--> ?PR?PCDHALT?MRC522_API
  +--> ?PR?PCDRESET?MRC522_API
  +--> ?PR?PCDANTENNAOFF?MRC522_API
  +--> ?PR?PCDANTENNAON?MRC522_API

?PR?_PCDREQUEST?MRC522_API                 -----    -----      -----    -----      01E9H    0018H
  +--> ?PR?_CLEARBITMASK?MRC522_HAL
  +--> ?PR?_WRITERAWRC?MRC522_HAL
  +--> ?PR?_SETBITMASK?MRC522_HAL
  +--> ?PR?_PCDCOMMF522?MRC522_API

?PR?_PCDCOMMF522?MRC522_API                -----    -----      -----    -----      0206H    0011H
  +--> ?PR?_WRITERAWRC?MRC522_HAL
  +--> ?PR?_CLEARBITMASK?MRC522_HAL
  +--> ?PR?_SETBITMASK?MRC522_HAL
  +--> ?PR?_READRAWRC?MRC522_HAL

?PR?_PCDANTICOLL?MRC522_API                -----    -----      -----    -----      01E9H    0019H
  +--> ?PR?_CLEARBITMASK?MRC522_HAL
  +--> ?PR?_WRITERAWRC?MRC522_HAL
  +--> ?PR?_PCDCOMMF522?MRC522_API
  +--> ?PR?_SETBITMASK?MRC522_HAL

?PR?PRINTF?PRINTF                          0020H.0  0001H.1    0008H    0005H      01E9H    0028H
  +--> ?PR?PUTCHAR?PUTCHAR

?PR?_PCDSELECT?MRC522_API                  -----    -----      -----    -----      01E9H    0017H
  +--> ?PR?_CALULATECRC?MRC522_API
  +--> ?PR?_CLEARBITMASK?MRC522_HAL
  +--> ?PR?_PCDCOMMF522?MRC522_API

?PR?_CALULATECRC?MRC522_API                -----    -----      -----    -----      0200H    0008H
  +--> ?PR?_CLEARBITMASK?MRC522_HAL
  +--> ?PR?_WRITERAWRC?MRC522_HAL
  +--> ?PR?_SETBITMASK?MRC522_HAL
  +--> ?PR?_READRAWRC?MRC522_HAL

?PR?_PCDAUTHSTATE?MRC522_API               -----    -----      -----    -----      01E9H    001DH
  +--> ?PR?_PCDCOMMF522?MRC522_API
  +--> ?PR?_READRAWRC?MRC522_HAL

?PR?_PCDREAD?MRC522_API                    -----    -----      -----    -----      01E9H    0017H
  +--> ?PR?_CALULATECRC?MRC522_API
  +--> ?PR?_PCDCOMMF522?MRC522_API

?PR?PCDHALT?MRC522_API                     -----    -----      -----    -----      01E9H    0015H
  +--> ?PR?_CALULATECRC?MRC522_API
  +--> ?PR?_PCDCOMMF522?MRC522_API

BL51 BANKED LINKER/LOCATER V6.22                                                      07/20/2016  13:38:28  PAGE 6




SYMBOL TABLE OF MODULE:  ..\OUT\X-DI10-RFID07.11 (?C_STARTUP)

  VALUE           TYPE          NAME
  ----------------------------------

  -------         MODULE        ?C_STARTUP
  C:2890H         SEGMENT       ?C_C51STARTUP
  I:0022H         SEGMENT       ?STACK
  C:0000H         PUBLIC        ?C_STARTUP
  D:00E0H         SYMBOL        ACC
  D:00F0H         SYMBOL        B
  D:0083H         SYMBOL        DPH
  D:0082H         SYMBOL        DPL
  N:0000H         SYMBOL        IBPSTACK
  N:0100H         SYMBOL        IBPSTACKTOP
  N:0080H         SYMBOL        IDATALEN
  C:2893H         SYMBOL        IDATALOOP
  N:0000H         SYMBOL        PBPSTACK
  N:0100H         SYMBOL        PBPSTACKTOP
  N:0000H         SYMBOL        PDATALEN
  N:0000H         SYMBOL        PDATASTART
  N:0000H         SYMBOL        PPAGE
  N:0000H         SYMBOL        PPAGEENABLE
  D:00A0H         SYMBOL        PPAGE_SFR
  D:0081H         SYMBOL        SP
  C:2890H         SYMBOL        STARTUP1
  N:0000H         SYMBOL        XBPSTACK
  N:0000H         SYMBOL        XBPSTACKTOP
  N:0000H         SYMBOL        XDATALEN
  N:0000H         SYMBOL        XDATASTART
  C:0000H         LINE#         126
  C:2890H         LINE#         133
  C:2892H         LINE#         134
  C:2893H         LINE#         135
  C:2894H         LINE#         136
  C:2896H         LINE#         185
  C:2899H         LINE#         196
  -------         ENDMOD        ?C_STARTUP

  -------         MODULE        CRC
  C:0000H         SYMBOL        _ICE_DUMMY_
  D:0080H         PUBLIC        P0
  D:0090H         PUBLIC        P1
  D:00A0H         PUBLIC        P2
  D:00B0H         PUBLIC        P3
  D:00C0H         PUBLIC        P4
  D:00A8H         PUBLIC        IE
  D:00B8H         PUBLIC        IP
  D:00D8H         PUBLIC        CCON
  C:10B6H         PUBLIC        auchCRCHi
  D:0098H         PUBLIC        SCON
  D:0088H         PUBLIC        TCON
  C:11B6H         PUBLIC        auchCRCLo
  C:2D09H         PUBLIC        _CRC16
  D:00D0H         PUBLIC        PSW
BL51 BANKED LINKER/LOCATER V6.22                                                      07/20/2016  13:38:28  PAGE 7


  -------         PROC          _CRC16
  X:029EH         SYMBOL        puchMsg
  X:02A1H         SYMBOL        usDataLen
  -------         DO            
  D:0007H         SYMBOL        uchCRCHi
  D:0005H         SYMBOL        uchCRCLo
  D:0002H         SYMBOL        uIndex
  -------         ENDDO         
  C:2D09H         LINE#         89
  C:2D1AH         LINE#         90
  C:2D1AH         LINE#         91
  C:2D1CH         LINE#         92
  C:2D1EH         LINE#         95
  C:2D2CH         LINE#         96
  C:2D2CH         LINE#         97
  C:2D43H         LINE#         98
  C:2D49H         LINE#         99
  C:2D4FH         LINE#         100
  C:2D51H         LINE#         101
  C:2D55H         LINE#         102
  -------         ENDPROC       _CRC16
  -------         ENDMOD        CRC

  -------         MODULE        EEPROM
  C:0000H         SYMBOL        _ICE_DUMMY_
  D:0080H         PUBLIC        P0
  D:0090H         PUBLIC        P1
  D:00A0H         PUBLIC        P2
  D:00B0H         PUBLIC        P3
  D:00C0H         PUBLIC        P4
  C:2C1CH         PUBLIC        _eeprom_write_block
  D:00A8H         PUBLIC        IE
  D:00C5H         PUBLIC        IAP_CMD
  D:00B8H         PUBLIC        IP
  D:00C3H         PUBLIC        IAP_ADDRH
  D:00C4H         PUBLIC        IAP_ADDRL
  D:00D8H         PUBLIC        CCON
  C:1CE8H         PUBLIC        _ReadParaInEeprom
  C:24A3H         PUBLIC        LoadParaInEeprom
  D:0098H         PUBLIC        SCON
  D:0088H         PUBLIC        TCON
  D:00C7H         PUBLIC        IAP_CONTR
  C:30A5H         PUBLIC        _Sector_Erase
  C:2775H         PUBLIC        SaveParaToBlock
  C:31ADH         PUBLIC        SECTOR_PAGE
  C:3032H         PUBLIC        _Byte_Program
  D:00C2H         PUBLIC        IAP_DATA
  D:00C6H         PUBLIC        IAP_TRIG
  C:3214H         PUBLIC        IAP_Disable
  C:2FDEH         PUBLIC        _Byte_Read
  C:003EH         PUBLIC        _eeprom_erase_sector
  C:2B22H         PUBLIC        _eeprom_read_block
  D:00D0H         PUBLIC        PSW
  -------         PROC          _BYTE_READ
  D:0001H         SYMBOL        add
  -------         DO            
  X:02AEH         SYMBOL        my_unTemp16
BL51 BANKED LINKER/LOCATER V6.22                                                      07/20/2016  13:38:28  PAGE 8


  -------         ENDDO         
  C:2FDEH         LINE#         19
  C:2FDEH         LINE#         20
  C:2FDEH         LINE#         23
  C:2FE1H         LINE#         24
  C:2FE4H         LINE#         25
  C:2FE7H         LINE#         27
  C:2FF1H         LINE#         28
  C:2FF7H         LINE#         29
  C:2FFBH         LINE#         32
  C:2FFEH         LINE#         33
  C:3001H         LINE#         34
  C:3002H         LINE#         36
  C:3005H         LINE#         38
  C:3007H         LINE#         39
  -------         ENDPROC       _BYTE_READ
  -------         PROC          _BYTE_PROGRAM
  D:0001H         SYMBOL        add
  D:0005H         SYMBOL        ch
  -------         DO            
  X:02B0H         SYMBOL        my_unTemp16
  -------         ENDDO         
  C:3032H         LINE#         42
  C:3032H         LINE#         43
  C:3032H         LINE#         46
  C:3035H         LINE#         47
  C:3038H         LINE#         49
  C:3042H         LINE#         50
  C:3048H         LINE#         51
  C:304CH         LINE#         53
  C:3050H         LINE#         55
  C:3053H         LINE#         56
  C:3056H         LINE#         57
  C:3057H         LINE#         59
  -------         ENDPROC       _BYTE_PROGRAM
  -------         PROC          _SECTOR_ERASE
  D:0006H         SYMBOL        add
  -------         DO            
  X:02B2H         SYMBOL        my_unTemp16
  -------         ENDDO         
  C:30A5H         LINE#         64
  C:30A5H         LINE#         65
  C:30A5H         LINE#         68
  C:30A8H         LINE#         69
  C:30ABH         LINE#         71
  C:30B3H         LINE#         72
  C:30B9H         LINE#         73
  C:30BDH         LINE#         76
  C:30C0H         LINE#         77
  C:30C3H         LINE#         78
  C:30C4H         LINE#         80
  -------         ENDPROC       _SECTOR_ERASE
  -------         PROC          IAP_DISABLE
  C:3214H         LINE#         84
  C:3214H         LINE#         85
  C:3214H         LINE#         88
  C:3217H         LINE#         89
BL51 BANKED LINKER/LOCATER V6.22                                                      07/20/2016  13:38:28  PAGE 9


  C:3219H         LINE#         90
  C:321BH         LINE#         91
  C:321DH         LINE#         92
  C:321FH         LINE#         93
  -------         ENDPROC       IAP_DISABLE
  -------         PROC          _EEPROM_READ_BLOCK
  X:0280H         SYMBOL        Buffer
  X:0283H         SYMBOL        beginAddr
  X:0286H         SYMBOL        len
  -------         DO            
  X:0287H         SYMBOL        i
  -------         ENDDO         
  C:2B22H         LINE#         100
  C:2B2DH         LINE#         101
  C:2B2DH         LINE#         104
  C:2B3DH         LINE#         105
  C:2B3DH         LINE#         106
  C:2B63H         LINE#         107
  C:2B6DH         LINE#         108
  C:2B75H         LINE#         111
  -------         ENDPROC       _EEPROM_READ_BLOCK
  -------         PROC          _EEPROM_WRITE_BLOCK
  X:0288H         SYMBOL        Buffer
  X:028BH         SYMBOL        beginAddr
  X:028EH         SYMBOL        len
  -------         DO            
  X:028FH         SYMBOL        i
  -------         ENDDO         
  C:2C1CH         LINE#         116
  C:2C27H         LINE#         117
  C:2C27H         LINE#         120
  C:2C38H         LINE#         121
  C:2C38H         LINE#         122
  C:2C5AH         LINE#         123
  C:2C64H         LINE#         124
  C:2C6CH         LINE#         127
  -------         ENDPROC       _EEPROM_WRITE_BLOCK
  -------         PROC          _EEPROM_ERASE_SECTOR
  D:0006H         SYMBOL        pageAddr
  C:003EH         LINE#         142
  C:003EH         LINE#         143
  C:003EH         LINE#         144
  C:0041H         LINE#         147
  -------         ENDPROC       _EEPROM_ERASE_SECTOR
  -------         PROC          _READPARAINEEPROM
  D:0007H         SYMBOL        offset
  -------         DO            
  X:025BH         SYMBOL        i
  X:025CH         SYMBOL        para_page_0
  X:0261H         SYMBOL        para_page_1
  X:0266H         SYMBOL        para_page_2
  -------         ENDDO         
  C:1CE8H         LINE#         154
  C:1CE8H         LINE#         155
  C:1CE8H         LINE#         156
  C:1CEDH         LINE#         161
  C:1CF5H         LINE#         163
BL51 BANKED LINKER/LOCATER V6.22                                                      07/20/2016  13:38:28  PAGE 10


  C:1D19H         LINE#         164
  C:1D3DH         LINE#         165
  C:1D61H         LINE#         167
  C:1D80H         LINE#         168
  C:1D80H         LINE#         171
  C:1D8FH         LINE#         176
  C:1D9CH         LINE#         177
  C:1D9CH         LINE#         178
  C:1DBEH         LINE#         179
  C:1DBEH         LINE#         180
  C:1DCAH         LINE#         184
  C:1DD7H         LINE#         185
  C:1DD7H         LINE#         187
  C:1DD7H         LINE#         188
  C:1DE3H         LINE#         191
  C:1DF2H         LINE#         192
  C:1DF2H         LINE#         193
  -------         ENDPROC       _READPARAINEEPROM
  -------         PROC          SAVEPARATOBLOCK
  -------         DO            
  X:0298H         SYMBOL        i
  X:0299H         SYMBOL        buffer
  -------         ENDDO         
  C:2775H         LINE#         199
  C:2775H         LINE#         200
  C:2775H         LINE#         203
  C:2791H         LINE#         204
  C:2799H         LINE#         205
  C:27A1H         LINE#         206
  C:27A9H         LINE#         207
  C:27B1H         LINE#         208
  C:27BEH         LINE#         209
  C:27CDH         LINE#         210
  C:27CDH         LINE#         212
  C:27FAH         LINE#         213
  C:2802H         LINE#         214
  -------         ENDPROC       SAVEPARATOBLOCK
  -------         PROC          LOADPARAINEEPROM
  -------         DO            
  X:02A3H         SYMBOL        buffer
  -------         ENDDO         
  C:24A3H         LINE#         220
  C:24A3H         LINE#         221
  C:24A3H         LINE#         224
  C:24ADH         LINE#         225
  C:24B7H         LINE#         226
  C:24C1H         LINE#         227
  C:24CBH         LINE#         228
  C:24D5H         LINE#         230
  C:24E2H         LINE#         231
  C:24E2H         LINE#         232
  C:24E5H         LINE#         233
  C:24E5H         LINE#         234
  C:24EEH         LINE#         235
  C:24EEH         LINE#         236
  C:24F0H         LINE#         237
  C:24F0H         LINE#         238
BL51 BANKED LINKER/LOCATER V6.22                                                      07/20/2016  13:38:28  PAGE 11


  C:24F9H         LINE#         239
  C:24F9H         LINE#         240
  C:24FCH         LINE#         241
  C:24FCH         LINE#         242
  C:2505H         LINE#         243
  C:2505H         LINE#         244
  C:2507H         LINE#         245
  C:2507H         LINE#         246
  C:2510H         LINE#         247
  C:2510H         LINE#         248
  C:2512H         LINE#         249
  C:2512H         LINE#         251
  C:251FH         LINE#         252
  C:252CH         LINE#         253
  C:253AH         LINE#         255
  C:2542H         LINE#         256
  C:254AH         LINE#         257
  C:2552H         LINE#         258
  C:255AH         LINE#         259
  -------         ENDPROC       LOADPARAINEEPROM
  -------         ENDMOD        EEPROM

  -------         MODULE        KEY
  C:0000H         SYMBOL        _ICE_DUMMY_
  D:0080H         PUBLIC        P0
  D:0090H         PUBLIC        P1
  D:00A0H         PUBLIC        P2
  D:00B0H         PUBLIC        P3
  D:00C0H         PUBLIC        P4
  D:00A8H         PUBLIC        IE
  D:00B8H         PUBLIC        IP
  C:2F4FH         PUBLIC        Scan_Keyboard
  D:00D8H         PUBLIC        CCON
  C:0003H         PUBLIC        KeyProcessOK
  D:0098H         PUBLIC        SCON
  D:0088H         PUBLIC        TCON
  X:02ABH         PUBLIC        IsOkPressed
  X:02ACH         PUBLIC        keyStatus
  B:00A0H.0       PUBLIC        KEY_OK
  C:000EH         PUBLIC        Delay
  C:2C6DH         PUBLIC        Process_Keyboard
  D:00D0H         PUBLIC        PSW
  X:02ADH         PUBLIC        keyLastDown
  -------         PROC          DELAY
  -------         DO            
  X:02BAH         SYMBOL        i
  -------         ENDDO         
  C:000EH         LINE#         14
  C:000EH         LINE#         15
  C:000EH         LINE#         18
  C:0013H         LINE#         19
  C:0013H         LINE#         20
  C:0016H         LINE#         21
  C:0022H         LINE#         22
  -------         ENDPROC       DELAY
  -------         PROC          SCAN_KEYBOARD
  C:2F4FH         LINE#         28
BL51 BANKED LINKER/LOCATER V6.22                                                      07/20/2016  13:38:28  PAGE 12


  C:2F4FH         LINE#         29
  C:2F4FH         LINE#         30
  C:2F54H         LINE#         32
  C:2F59H         LINE#         33
  C:2F59H         LINE#         34
  C:2F63H         LINE#         35
  C:2F63H         LINE#         36
  C:2F68H         LINE#         37
  C:2F68H         LINE#         38
  C:2F68H         LINE#         40
  C:2F6EH         LINE#         41
  C:2F6EH         LINE#         42
  C:2F71H         LINE#         43
  C:2F71H         LINE#         44
  C:2F74H         LINE#         45
  C:2F77H         LINE#         46
  C:2F77H         LINE#         47
  C:2F7DH         LINE#         48
  C:2F7FH         LINE#         49
  C:2F7FH         LINE#         50
  C:2F7FH         LINE#         51
  C:2F7FH         LINE#         52
  -------         ENDPROC       SCAN_KEYBOARD
  -------         PROC          KEYPROCESSOK
  C:0003H         LINE#         58
  C:0003H         LINE#         59
  C:0003H         LINE#         60
  C:0009H         LINE#         61
  -------         ENDPROC       KEYPROCESSOK
  -------         PROC          PROCESS_KEYBOARD
  -------         DO            
  X:02A8H         SYMBOL        updata_num
  X:02AAH         SYMBOL        i
  -------         ENDDO         
  C:2C6DH         LINE#         67
  C:2C6DH         LINE#         68
  C:2C6DH         LINE#         69
  C:2C74H         LINE#         70
  C:2C76H         LINE#         72
  C:2C7CH         LINE#         73
  C:2C7CH         LINE#         74
  C:2C82H         LINE#         76
  C:2C82H         LINE#         78
  C:2C89H         LINE#         79
  C:2C89H         LINE#         81
  C:2CA1H         LINE#         82
  C:2CA4H         LINE#         83
  C:2CAAH         LINE#         84
  C:2CAFH         LINE#         85
  C:2CB0H         LINE#         87
  C:2CB0H         LINE#         88
  C:2CB7H         LINE#         89
  C:2CB7H         LINE#         90
  C:2CB7H         LINE#         91
  C:2CBAH         LINE#         92
  C:2CBAH         LINE#         93
  C:2CBAH         LINE#         94
BL51 BANKED LINKER/LOCATER V6.22                                                      07/20/2016  13:38:28  PAGE 13


  C:2CBAH         LINE#         95
  C:2CBAH         LINE#         96
  C:2CBAH         LINE#         97
  -------         ENDPROC       PROCESS_KEYBOARD
  -------         ENDMOD        KEY

  -------         MODULE        LED
  C:0000H         SYMBOL        _ICE_DUMMY_
  D:0080H         PUBLIC        P0
  D:0090H         PUBLIC        P1
  D:00A0H         PUBLIC        P2
  C:15E6H         PUBLIC        _GetLightTowerOnTime
  D:00B0H         PUBLIC        P3
  X:00D3H         PUBLIC        FnDefine
  D:00C0H         PUBLIC        P4
  X:00D4H         PUBLIC        FinishedLED
  C:2264H         PUBLIC        GetLedOnTime
  B:0080H.5       PUBLIC        LED5
  C:0A3BH         PUBLIC        digital_led_disp
  D:00A8H         PUBLIC        IE
  B:0080H.6       PUBLIC        p_led_blue
  X:00D5H         PUBLIC        LED_TBL
  I:000DH         PUBLIC        bled
  D:00B8H         PUBLIC        IP
  X:0155H         PUBLIC        DispMode
  C:2AC7H         PUBLIC        led_Scan
  B:0080H.4       PUBLIC        p_led_red
  D:00D8H         PUBLIC        CCON
  C:30E8H         PUBLIC        Display_Clear
  B:00A0H.7       PUBLIC        p_oe
  C:0E9EH         PUBLIC        CMD_LigheTower_flash
  C:2E71H         PUBLIC        led_blink
  C:3109H         PUBLIC        digital_led_dispaddr
  D:0098H         PUBLIC        SCON
  X:0156H         PUBLIC        LightTowerCtl
  D:0088H         PUBLIC        TCON
  I:0013H         PUBLIC        led
  B:0080H.2       PUBLIC        CNTRL1
  B:0080H.0       PUBLIC        CNTRL2
  B:0080H.1       PUBLIC        CNTRL3
  C:3081H         PUBLIC        led_SupplyPower
  B:0080H.3       PUBLIC        CNTRL4
  C:30C7H         PUBLIC        _led_Show
  B:0090H.0       PUBLIC        CNTRL5
  B:0090H.1       PUBLIC        CNTRL6
  B:00A0H.5       PUBLIC        p_sh_clk
  C:2A0AH         PUBLIC        _led_light_ctrl
  X:0180H         PUBLIC        baudrate
  C:323EH         PUBLIC        led_off
  B:0090H.6       PUBLIC        digital_led1_port
  B:00B0H.4       PUBLIC        digital_led2_port
  B:00A0H.6       PUBLIC        p_st_clk
  B:0090H.4       PUBLIC        digital_led3_port
  X:0181H         PUBLIC        ucAddr
  X:0184H         PUBLIC        ucBaud
  X:0185H         PUBLIC        ucShift
  C:29A8H         PUBLIC        CMD_led_flash
BL51 BANKED LINKER/LOCATER V6.22                                                      07/20/2016  13:38:28  PAGE 14


  X:0186H         PUBLIC        WtTime
  B:00C0H.4       PUBLIC        p_sdata
  C:1765H         PUBLIC        _GetLightTowerOffTime
  C:2324H         PUBLIC        GetLedOffTime
  X:0187H         PUBLIC        address
  B:00A0H.2       PUBLIC        LED_CNTRL1
  B:00B0H.6       PUBLIC        LED_CNTRL2
  B:00A0H.3       PUBLIC        LED_CNTRL3
  B:00B0H.7       PUBLIC        LED_CNTRL4
  B:00A0H.1       PUBLIC        LED_CNTRL5
  B:0090H.7       PUBLIC        LED_CNTRL6
  C:323BH         PUBLIC        led_on
  C:31DDH         PUBLIC        digital_led_cntrl_Init
  D:00D0H         PUBLIC        PSW
  B:0080H.5       PUBLIC        p_led_green
  -------         PROC          DIGITAL_LED_CNTRL_INIT
  C:31DDH         LINE#         69
  C:31DDH         LINE#         70
  C:31DDH         LINE#         71
  C:31DFH         LINE#         72
  C:31E1H         LINE#         73
  C:31E3H         LINE#         74
  C:31E5H         LINE#         76
  C:31EAH         LINE#         77
  -------         ENDPROC       DIGITAL_LED_CNTRL_INIT
  -------         PROC          LED_SUPPLYPOWER
  -------         DO            
  D:0007H         SYMBOL        led_pwr_no
  -------         ENDDO         
  C:3081H         LINE#         83
  C:3081H         LINE#         84
  C:3081H         LINE#         87
  C:3086H         LINE#         89
  C:3088H         LINE#         90
  C:3088H         LINE#         92
  C:308AH         LINE#         93
  C:308CH         LINE#         94
  C:308EH         LINE#         95
  C:308FH         LINE#         96
  C:3093H         LINE#         97
  C:3093H         LINE#         99
  C:3095H         LINE#         100
  C:3097H         LINE#         101
  C:3099H         LINE#         102
  C:309AH         LINE#         103
  C:309EH         LINE#         104
  C:309EH         LINE#         106
  C:30A0H         LINE#         107
  C:30A2H         LINE#         108
  C:30A4H         LINE#         109
  C:30A4H         LINE#         110
  -------         ENDPROC       LED_SUPPLYPOWER
  -------         PROC          _LED_SHOW
  D:0007H         SYMBOL        ucValue
  -------         DO            
  D:0006H         SYMBOL        i
  -------         ENDDO         
BL51 BANKED LINKER/LOCATER V6.22                                                      07/20/2016  13:38:28  PAGE 15


  C:30C7H         LINE#         117
  C:30C7H         LINE#         118
  C:30C7H         LINE#         121
  C:30C9H         LINE#         122
  C:30CBH         LINE#         123
  C:30CBH         LINE#         124
  C:30CFH         LINE#         125
  C:30D3H         LINE#         127
  C:30D5H         LINE#         128
  C:30D7H         LINE#         129
  C:30D8H         LINE#         130
  C:30DAH         LINE#         131
  C:30DEH         LINE#         132
  C:30E3H         LINE#         134
  C:30E5H         LINE#         135
  -------         ENDPROC       _LED_SHOW
  -------         PROC          LED_SCAN
  -------         DO            
  D:0005H         SYMBOL        ucValue
  -------         ENDDO         
  C:2AC7H         LINE#         145
  C:2AC7H         LINE#         146
  C:2AC7H         LINE#         149
  C:2ACDH         LINE#         150
  C:2AD2H         LINE#         153
  C:2AE1H         LINE#         154
  C:2AE1H         LINE#         155
  C:2AEDH         LINE#         156
  C:2AEDH         LINE#         157
  C:2AF5H         LINE#         158
  C:2AF5H         LINE#         159
  C:2B0AH         LINE#         160
  C:2B0CH         LINE#         162
  C:2B0CH         LINE#         163
  C:2B0EH         LINE#         164
  C:2B0EH         LINE#         165
  C:2B13H         LINE#         167
  C:2B19H         LINE#         168
  C:2B1FH         LINE#         169
  C:2B1FH         LINE#         170
  C:2B21H         LINE#         171
  C:2B21H         LINE#         172
  -------         ENDPROC       LED_SCAN
  -------         PROC          GETLEDONTIME
  -------         DO            
  D:0004H         SYMBOL        unRet
  -------         ENDDO         
  C:2264H         LINE#         175
  C:2264H         LINE#         176
  C:2264H         LINE#         177
  C:226FH         LINE#         178
  C:229FH         LINE#         179
  C:229FH         LINE#         180
  C:229FH         LINE#         181
  C:229FH         LINE#         182
  C:229FH         LINE#         183
  C:22A6H         LINE#         184
BL51 BANKED LINKER/LOCATER V6.22                                                      07/20/2016  13:38:28  PAGE 16


  C:22A8H         LINE#         185
  C:22A8H         LINE#         186
  C:22B4H         LINE#         187
  C:22B6H         LINE#         188
  C:22B6H         LINE#         189
  C:22C2H         LINE#         190
  C:22C4H         LINE#         191
  C:22C4H         LINE#         192
  C:22D3H         LINE#         193
  C:22D5H         LINE#         194
  C:22D5H         LINE#         195
  C:22EBH         LINE#         196
  C:22EDH         LINE#         197
  C:22EDH         LINE#         198
  C:2303H         LINE#         199
  C:2305H         LINE#         200
  C:2305H         LINE#         201
  C:231FH         LINE#         202
  C:231FH         LINE#         203
  C:231FH         LINE#         204
  C:231FH         LINE#         205
  C:231FH         LINE#         206
  C:2323H         LINE#         207
  -------         ENDPROC       GETLEDONTIME
  -------         PROC          GETLEDOFFTIME
  -------         DO            
  D:0004H         SYMBOL        unRet
  -------         ENDDO         
  C:2324H         LINE#         209
  C:2324H         LINE#         210
  C:2324H         LINE#         211
  C:232FH         LINE#         212
  C:235FH         LINE#         213
  C:235FH         LINE#         214
  C:235FH         LINE#         215
  C:235FH         LINE#         216
  C:235FH         LINE#         217
  C:2366H         LINE#         218
  C:2368H         LINE#         219
  C:2368H         LINE#         220
  C:2374H         LINE#         221
  C:2376H         LINE#         222
  C:2376H         LINE#         223
  C:2382H         LINE#         224
  C:2384H         LINE#         225
  C:2384H         LINE#         226
  C:2393H         LINE#         227
  C:2395H         LINE#         228
  C:2395H         LINE#         229
  C:23ABH         LINE#         230
  C:23ADH         LINE#         231
  C:23ADH         LINE#         232
  C:23C3H         LINE#         233
  C:23C5H         LINE#         234
  C:23C5H         LINE#         235
  C:23DFH         LINE#         236
  C:23DFH         LINE#         237
BL51 BANKED LINKER/LOCATER V6.22                                                      07/20/2016  13:38:28  PAGE 17


  C:23DFH         LINE#         238
  C:23DFH         LINE#         239
  C:23DFH         LINE#         240
  C:23E3H         LINE#         241
  -------         ENDPROC       GETLEDOFFTIME
  -------         PROC          _GETLIGHTTOWERONTIME
  D:0006H         SYMBOL        LightTowIndex
  -------         DO            
  X:02B4H         SYMBOL        unRet
  -------         ENDDO         
  C:15E6H         LINE#         243
  C:15E6H         LINE#         244
  C:15E6H         LINE#         245
  C:1605H         LINE#         246
  C:1645H         LINE#         247
  C:1645H         LINE#         248
  C:1645H         LINE#         249
  C:1645H         LINE#         250
  C:1645H         LINE#         251
  C:1663H         LINE#         252
  C:1666H         LINE#         253
  C:1666H         LINE#         254
  C:1689H         LINE#         255
  C:168CH         LINE#         256
  C:168CH         LINE#         257
  C:16AFH         LINE#         258
  C:16B2H         LINE#         259
  C:16B2H         LINE#         260
  C:16D5H         LINE#         261
  C:16D8H         LINE#         262
  C:16D8H         LINE#         263
  C:1700H         LINE#         264
  C:1702H         LINE#         265
  C:1702H         LINE#         266
  C:172CH         LINE#         267
  C:172EH         LINE#         268
  C:172EH         LINE#         269
  C:175CH         LINE#         270
  C:175CH         LINE#         271
  C:175CH         LINE#         272
  C:175CH         LINE#         273
  C:175CH         LINE#         274
  C:1764H         LINE#         275
  -------         ENDPROC       _GETLIGHTTOWERONTIME
  -------         PROC          _GETLIGHTTOWEROFFTIME
  D:0006H         SYMBOL        LightTowIndex
  -------         DO            
  X:02B6H         SYMBOL        unRet
  -------         ENDDO         
  C:1765H         LINE#         277
  C:1765H         LINE#         278
  C:1765H         LINE#         279
  C:1784H         LINE#         280
  C:17C4H         LINE#         281
  C:17C4H         LINE#         282
  C:17C4H         LINE#         283
  C:17C4H         LINE#         284
BL51 BANKED LINKER/LOCATER V6.22                                                      07/20/2016  13:38:28  PAGE 18


  C:17C4H         LINE#         285
  C:17E2H         LINE#         286
  C:17E5H         LINE#         287
  C:17E5H         LINE#         288
  C:1808H         LINE#         289
  C:180BH         LINE#         290
  C:180BH         LINE#         291
  C:182EH         LINE#         292
  C:1831H         LINE#         293
  C:1831H         LINE#         294
  C:1854H         LINE#         295
  C:1857H         LINE#         296
  C:1857H         LINE#         297
  C:187FH         LINE#         298
  C:1881H         LINE#         299
  C:1881H         LINE#         300
  C:18ABH         LINE#         301
  C:18ADH         LINE#         302
  C:18ADH         LINE#         303
  C:18DBH         LINE#         304
  C:18DBH         LINE#         305
  C:18DBH         LINE#         306
  C:18DBH         LINE#         307
  C:18DBH         LINE#         308
  C:18E3H         LINE#         309
  -------         ENDPROC       _GETLIGHTTOWEROFFTIME
  -------         PROC          CMD_LED_FLASH
  C:29A8H         LINE#         310
  C:29A8H         LINE#         311
  C:29A8H         LINE#         312
  C:29AFH         LINE#         313
  C:29AFH         LINE#         317
  C:29B3H         LINE#         319
  C:29B3H         LINE#         322
  C:29BAH         LINE#         323
  C:29BAH         LINE#         330
  C:29C0H         LINE#         331
  C:29C0H         LINE#         333
  C:29C0H         LINE#         334
  C:29C2H         LINE#         336
  C:29C2H         LINE#         338
  C:29C8H         LINE#         339
  C:29C8H         LINE#         341
  C:29D2H         LINE#         342
  C:29D2H         LINE#         344
  C:29DAH         LINE#         345
  C:29E0H         LINE#         346
  C:29E3H         LINE#         347
  C:29E3H         LINE#         348
  C:29E5H         LINE#         351
  C:29E5H         LINE#         353
  C:29EFH         LINE#         354
  C:29EFH         LINE#         356
  C:29F3H         LINE#         357
  C:29F8H         LINE#         358
  C:2A03H         LINE#         359
  C:2A03H         LINE#         360
BL51 BANKED LINKER/LOCATER V6.22                                                      07/20/2016  13:38:28  PAGE 19


  C:2A03H         LINE#         361
  C:2A03H         LINE#         362
  C:2A04H         LINE#         364
  C:2A04H         LINE#         368
  C:2A09H         LINE#         369
  C:2A09H         LINE#         370
  -------         ENDPROC       CMD_LED_FLASH
  -------         PROC          CMD_LIGHETOWER_FLASH
  C:0E9EH         LINE#         372
  C:0E9EH         LINE#         373
  C:0E9EH         LINE#         376
  C:0EA6H         LINE#         377
  C:0EA6H         LINE#         379
  C:0EACH         LINE#         380
  C:0EACH         LINE#         381
  C:0EAEH         LINE#         382
  C:0EB0H         LINE#         383
  C:0EB2H         LINE#         386
  C:0EB2H         LINE#         388
  C:0EB8H         LINE#         389
  C:0EB8H         LINE#         391
  C:0EC0H         LINE#         392
  C:0EC0H         LINE#         393
  C:0EC2H         LINE#         394
  C:0EC4H         LINE#         396
  C:0EC9H         LINE#         397
  C:0ECFH         LINE#         398
  C:0ECFH         LINE#         399
  C:0ED1H         LINE#         402
  C:0ED1H         LINE#         404
  C:0EDBH         LINE#         405
  C:0EDBH         LINE#         406
  C:0EDDH         LINE#         407
  C:0EDFH         LINE#         409
  C:0EE3H         LINE#         410
  C:0EF0H         LINE#         411
  C:0EF0H         LINE#         412
  C:0EF0H         LINE#         413
  C:0EF0H         LINE#         414
  C:0EF2H         LINE#         416
  C:0EF2H         LINE#         417
  C:0EF4H         LINE#         418
  C:0EF6H         LINE#         419
  C:0EF6H         LINE#         422
  C:0EFEH         LINE#         423
  C:0EFEH         LINE#         425
  C:0F04H         LINE#         426
  C:0F04H         LINE#         427
  C:0F06H         LINE#         428
  C:0F08H         LINE#         429
  C:0F0AH         LINE#         432
  C:0F0AH         LINE#         434
  C:0F10H         LINE#         435
  C:0F10H         LINE#         437
  C:0F18H         LINE#         438
  C:0F18H         LINE#         439
  C:0F1AH         LINE#         440
BL51 BANKED LINKER/LOCATER V6.22                                                      07/20/2016  13:38:28  PAGE 20


  C:0F1CH         LINE#         442
  C:0F21H         LINE#         443
  C:0F27H         LINE#         444
  C:0F27H         LINE#         445
  C:0F29H         LINE#         448
  C:0F29H         LINE#         450
  C:0F33H         LINE#         451
  C:0F33H         LINE#         452
  C:0F35H         LINE#         453
  C:0F37H         LINE#         455
  C:0F3BH         LINE#         456
  C:0F49H         LINE#         457
  C:0F49H         LINE#         458
  C:0F49H         LINE#         459
  C:0F49H         LINE#         460
  C:0F4BH         LINE#         462
  C:0F4BH         LINE#         463
  C:0F4DH         LINE#         464
  C:0F4FH         LINE#         465
  C:0F4FH         LINE#         468
  C:0F57H         LINE#         469
  C:0F57H         LINE#         471
  C:0F5DH         LINE#         472
  C:0F5DH         LINE#         473
  C:0F5FH         LINE#         474
  C:0F61H         LINE#         475
  C:0F63H         LINE#         478
  C:0F63H         LINE#         480
  C:0F69H         LINE#         481
  C:0F69H         LINE#         483
  C:0F71H         LINE#         484
  C:0F71H         LINE#         485
  C:0F73H         LINE#         486
  C:0F75H         LINE#         488
  C:0F7AH         LINE#         489
  C:0F81H         LINE#         490
  C:0F81H         LINE#         491
  C:0F83H         LINE#         494
  C:0F83H         LINE#         496
  C:0F8DH         LINE#         497
  C:0F8DH         LINE#         498
  C:0F8FH         LINE#         499
  C:0F91H         LINE#         501
  C:0F95H         LINE#         502
  C:0FA3H         LINE#         503
  C:0FA3H         LINE#         504
  C:0FA3H         LINE#         505
  C:0FA3H         LINE#         506
  C:0FA5H         LINE#         508
  C:0FA5H         LINE#         509
  C:0FA7H         LINE#         510
  C:0FA9H         LINE#         511
  C:0FA9H         LINE#         514
  C:0FB1H         LINE#         515
  C:0FB1H         LINE#         517
  C:0FB7H         LINE#         518
  C:0FB7H         LINE#         519
BL51 BANKED LINKER/LOCATER V6.22                                                      07/20/2016  13:38:28  PAGE 21


  C:0FB9H         LINE#         520
  C:0FBBH         LINE#         521
  C:0FBDH         LINE#         524
  C:0FBDH         LINE#         526
  C:0FC3H         LINE#         527
  C:0FC3H         LINE#         529
  C:0FCBH         LINE#         530
  C:0FCBH         LINE#         531
  C:0FCDH         LINE#         532
  C:0FCFH         LINE#         534
  C:0FD4H         LINE#         535
  C:0FDBH         LINE#         536
  C:0FDBH         LINE#         537
  C:0FDDH         LINE#         540
  C:0FDDH         LINE#         542
  C:0FE7H         LINE#         543
  C:0FE7H         LINE#         544
  C:0FE9H         LINE#         545
  C:0FEBH         LINE#         547
  C:0FEFH         LINE#         548
  C:0FFDH         LINE#         549
  C:0FFDH         LINE#         550
  C:0FFDH         LINE#         551
  C:0FFDH         LINE#         552
  C:0FFFH         LINE#         554
  C:0FFFH         LINE#         555
  C:1001H         LINE#         556
  C:1003H         LINE#         557
  C:1003H         LINE#         560
  C:100BH         LINE#         561
  C:100BH         LINE#         563
  C:1011H         LINE#         564
  C:1011H         LINE#         565
  C:1013H         LINE#         566
  C:1015H         LINE#         567
  C:1017H         LINE#         570
  C:1017H         LINE#         572
  C:101DH         LINE#         573
  C:101DH         LINE#         575
  C:1025H         LINE#         576
  C:1025H         LINE#         577
  C:1027H         LINE#         578
  C:1029H         LINE#         580
  C:102EH         LINE#         581
  C:1035H         LINE#         582
  C:1035H         LINE#         583
  C:1037H         LINE#         586
  C:1037H         LINE#         588
  C:1041H         LINE#         589
  C:1041H         LINE#         590
  C:1043H         LINE#         591
  C:1045H         LINE#         593
  C:1049H         LINE#         594
  C:1057H         LINE#         595
  C:1057H         LINE#         596
  C:1057H         LINE#         597
  C:1057H         LINE#         598
BL51 BANKED LINKER/LOCATER V6.22                                                      07/20/2016  13:38:28  PAGE 22


  C:1059H         LINE#         600
  C:1059H         LINE#         601
  C:105BH         LINE#         602
  C:105DH         LINE#         603
  C:105DH         LINE#         606
  C:1065H         LINE#         607
  C:1065H         LINE#         609
  C:106BH         LINE#         610
  C:106BH         LINE#         611
  C:106DH         LINE#         612
  C:106FH         LINE#         613
  C:1070H         LINE#         616
  C:1070H         LINE#         618
  C:1076H         LINE#         619
  C:1076H         LINE#         621
  C:107EH         LINE#         622
  C:107EH         LINE#         623
  C:1080H         LINE#         624
  C:1082H         LINE#         626
  C:1087H         LINE#         627
  C:108EH         LINE#         628
  C:108EH         LINE#         629
  C:1090H         LINE#         632
  C:1090H         LINE#         634
  C:109AH         LINE#         635
  C:109AH         LINE#         636
  C:109CH         LINE#         637
  C:109EH         LINE#         639
  C:10A2H         LINE#         640
  C:10B0H         LINE#         641
  C:10B0H         LINE#         642
  C:10B0H         LINE#         643
  C:10B0H         LINE#         644
  C:10B1H         LINE#         646
  C:10B1H         LINE#         647
  C:10B3H         LINE#         648
  C:10B5H         LINE#         649
  C:10B5H         LINE#         650
  -------         ENDPROC       CMD_LIGHETOWER_FLASH
  -------         PROC          _LED_LIGHT_CTRL
  D:0007H         SYMBOL        ucValue
  C:2A0AH         LINE#         691
  C:2A0AH         LINE#         692
  C:2A0AH         LINE#         693
  C:2A34H         LINE#         694
  C:2A34H         LINE#         695
  C:2A3BH         LINE#         696
  C:2A42H         LINE#         697
  C:2A49H         LINE#         699
  C:2A50H         LINE#         700
  C:2A57H         LINE#         701
  C:2A5BH         LINE#         702
  C:2A62H         LINE#         703
  C:2A68H         LINE#         704
  C:2A68H         LINE#         705
  -------         ENDPROC       _LED_LIGHT_CTRL
  -------         PROC          DISPLAY_CLEAR
BL51 BANKED LINKER/LOCATER V6.22                                                      07/20/2016  13:38:28  PAGE 23


  -------         DO            
  D:0007H         SYMBOL        i
  -------         ENDDO         
  C:30E8H         LINE#         709
  C:30E8H         LINE#         710
  C:30E8H         LINE#         713
  C:30EDH         LINE#         714
  C:30EEH         LINE#         715
  C:30EEH         LINE#         716
  C:30F6H         LINE#         717
  C:30FEH         LINE#         718
  C:3103H         LINE#         720
  C:3108H         LINE#         722
  -------         ENDPROC       DISPLAY_CLEAR
  -------         PROC          DIGITAL_LED_DISP
  -------         DO            
  D:0006H         SYMBOL        i
  D:0004H         SYMBOL        j
  -------         ENDDO         
  C:0A3BH         LINE#         731
  C:0A3BH         LINE#         732
  C:0A3BH         LINE#         733
  C:0A40H         LINE#         735
  C:0A40H         LINE#         736
  C:0A40H         LINE#         737
  C:0A48H         LINE#         738
  C:0A53H         LINE#         740
  C:0A5EH         LINE#         741
  C:0A5EH         LINE#         742
  C:0A61H         LINE#         743
  C:0A81H         LINE#         744
  C:0A81H         LINE#         745
  C:0AA1H         LINE#         746
  C:0AA1H         LINE#         747
  C:0AAEH         LINE#         748
  C:0AAEH         LINE#         749
  C:0AB0H         LINE#         750
  C:0AD0H         LINE#         751
  C:0AD0H         LINE#         752
  C:0ADDH         LINE#         753
  C:0ADDH         LINE#         754
  C:0ADFH         LINE#         755
  C:0AFFH         LINE#         756
  C:0AFFH         LINE#         757
  C:0B17H         LINE#         758
  C:0B18H         LINE#         759
  C:0B1AH         LINE#         760
  C:0B28H         LINE#         761
  C:0B28H         LINE#         762
  C:0B32H         LINE#         763
  C:0B3AH         LINE#         764
  C:0B3AH         LINE#         765
  C:0B58H         LINE#         766
  C:0B5DH         LINE#         767
  C:0B65H         LINE#         768
  C:0B65H         LINE#         770
  C:0B71H         LINE#         771
BL51 BANKED LINKER/LOCATER V6.22                                                      07/20/2016  13:38:28  PAGE 24


  C:0B71H         LINE#         772
  C:0B75H         LINE#         773
  C:0B92H         LINE#         774
  C:0B92H         LINE#         775
  C:0BB2H         LINE#         776
  C:0BB2H         LINE#         777
  C:0BBFH         LINE#         778
  C:0BBFH         LINE#         779
  C:0BC1H         LINE#         780
  C:0BE1H         LINE#         781
  C:0BE1H         LINE#         782
  C:0BEEH         LINE#         783
  C:0BEEH         LINE#         784
  C:0BF0H         LINE#         785
  C:0C10H         LINE#         786
  C:0C10H         LINE#         787
  C:0C28H         LINE#         788
  C:0C29H         LINE#         789
  C:0C2BH         LINE#         790
  C:0C39H         LINE#         791
  C:0C39H         LINE#         792
  C:0C43H         LINE#         793
  C:0C4BH         LINE#         794
  C:0C4BH         LINE#         795
  C:0C69H         LINE#         796
  C:0C6EH         LINE#         797
  C:0C76H         LINE#         798
  C:0C76H         LINE#         799
  -------         ENDPROC       DIGITAL_LED_DISP
  -------         PROC          DIGITAL_LED_DISPADDR
  C:3109H         LINE#         805
  C:3109H         LINE#         806
  C:3109H         LINE#         808
  C:3110H         LINE#         809
  C:3115H         LINE#         810
  C:311AH         LINE#         812
  C:311EH         LINE#         813
  C:3122H         LINE#         814
  C:3126H         LINE#         815
  -------         ENDPROC       DIGITAL_LED_DISPADDR
  -------         PROC          LED_ON
  C:323BH         LINE#         816
  C:323BH         LINE#         817
  C:323BH         LINE#         820
  C:323DH         LINE#         821
  -------         ENDPROC       LED_ON
  -------         PROC          LED_OFF
  C:323EH         LINE#         828
  C:323EH         LINE#         829
  C:323EH         LINE#         832
  C:3240H         LINE#         833
  -------         ENDPROC       LED_OFF
  -------         PROC          LED_BLINK
  C:2E71H         LINE#         840
  C:2E71H         LINE#         841
  C:2E71H         LINE#         842
  C:2E74H         LINE#         843
BL51 BANKED LINKER/LOCATER V6.22                                                      07/20/2016  13:38:28  PAGE 25


  C:2E7BH         LINE#         844
  C:2E7EH         LINE#         845
  C:2E85H         LINE#         846
  C:2E88H         LINE#         847
  C:2E8FH         LINE#         848
  C:2E92H         LINE#         849
  C:2E99H         LINE#         850
  C:2E9CH         LINE#         851
  C:2EA3H         LINE#         852
  C:2EA6H         LINE#         853
  -------         ENDPROC       LED_BLINK
  -------         ENDMOD        LED

  -------         MODULE        MAIN
  C:0000H         SYMBOL        _ICE_DUMMY_
  D:0080H         PUBLIC        P0
  D:0090H         PUBLIC        P1
  C:20D9H         PUBLIC        timer0_int
  D:00A0H         PUBLIC        P2
  D:00B0H         PUBLIC        P3
  D:00C0H         PUBLIC        P4
  B:00A8H.7       PUBLIC        EA
  X:018AH         PUBLIC        timerc
  D:00A8H         PUBLIC        IE
  X:018CH         PUBLIC        led_flash_period
  X:018EH         PUBLIC        led_flash_NO_BK
  X:018FH         PUBLIC        task_finished_num
  B:00A8H.4       PUBLIC        ES
  D:00B8H         PUBLIC        IP
  B:0098H.0       PUBLIC        RI
  B:0098H.1       PUBLIC        TI
  C:2F1DH         PUBLIC        InitializeSystem
  B:0080H.4       PUBLIC        p_led_red
  D:00D8H         PUBLIC        CCON
  X:0190H         PUBLIC        led_flash_NO
  C:31EBH         PUBLIC        main
  X:0191H         PUBLIC        beSettingAddr
  X:0192H         PUBLIC        digital_led_loading_static
  X:0194H         PUBLIC        led_flash_mode
  X:0195H         PUBLIC        led_flash_status
  X:0196H         PUBLIC        task_unfinish_num
  X:0197H         PUBLIC        task_unupdate_num
  D:0098H         PUBLIC        SCON
  D:0089H         PUBLIC        TMOD
  D:0088H         PUBLIC        TCON
  X:0198H         PUBLIC        digital_led_loading
  X:0199H         PUBLIC        led_static_warn
  D:008EH         PUBLIC        AUXR
  B:00A8H.1       PUBLIC        ET0
  B:0088H.5       PUBLIC        TF0
  D:008CH         PUBLIC        TH0
  X:019AH         PUBLIC        DispInfoCur
  D:008DH         PUBLIC        TH1
  X:01AFH         PUBLIC        digital_led_refresh
  X:01B0H         PUBLIC        toSettedAddr
  D:008AH         PUBLIC        TL0
  D:008BH         PUBLIC        TL1
BL51 BANKED LINKER/LOCATER V6.22                                                      07/20/2016  13:38:28  PAGE 26


  C:31BDH         PUBLIC        rc_data
  B:0088H.4       PUBLIC        TR0
  B:0088H.6       PUBLIC        TR1
  X:01B3H         PUBLIC        task_ed_goods_numH
  X:01B5H         PUBLIC        task_ed_goods_numL
  X:01B7H         PUBLIC        SystemLocked
  X:01B8H         PUBLIC        sys
  X:01BBH         PUBLIC        task_finished_NO
  X:01BDH         PUBLIC        task_un_goods_numH
  X:01BFH         PUBLIC        DefaultKey
  X:01C5H         PUBLIC        task_un_goods_numL
  X:01C7H         PUBLIC        g_ucTempbuf
  D:00D0H         PUBLIC        PSW
  X:01DBH         PUBLIC        task_unfinish_NO
  -------         PROC          MAIN
  C:31EBH         LINE#         63
  C:31EBH         LINE#         64
  C:31EBH         LINE#         125
  C:31EEH         LINE#         126
  C:31F1H         LINE#         127
  C:31F4H         LINE#         128
  C:31F7H         LINE#         129
  C:31F7H         LINE#         130
  C:31F7H         LINE#         177
  -------         ENDPROC       MAIN
  -------         PROC          INITIALIZESYSTEM
  C:2F1DH         LINE#         186
  C:2F1DH         LINE#         187
  C:2F1DH         LINE#         191
  C:2F29H         LINE#         192
  C:2F2CH         LINE#         193
  C:2F2FH         LINE#         194
  C:2F32H         LINE#         195
  C:2F35H         LINE#         196
  C:2F38H         LINE#         197
  C:2F3BH         LINE#         198
  C:2F3EH         LINE#         199
  C:2F40H         LINE#         200
  C:2F42H         LINE#         201
  C:2F44H         LINE#         202
  C:2F46H         LINE#         203
  C:2F48H         LINE#         204
  C:2F4AH         LINE#         205
  C:2F4CH         LINE#         206
  C:2F4EH         LINE#         209
  -------         ENDPROC       INITIALIZESYSTEM
  -------         PROC          TIMER0_INT
  C:20D9H         LINE#         216
  C:20F6H         LINE#         218
  C:20F9H         LINE#         219
  C:20FCH         LINE#         220
  C:210AH         LINE#         221
  C:2119H         LINE#         222
  C:2119H         LINE#         223
  C:2130H         LINE#         224
  C:2130H         LINE#         225
  C:213FH         LINE#         226
BL51 BANKED LINKER/LOCATER V6.22                                                      07/20/2016  13:38:28  PAGE 27


  C:213FH         LINE#         227
  C:214BH         LINE#         228
  C:214EH         LINE#         229
  C:2150H         LINE#         231
  C:2150H         LINE#         232
  C:2153H         LINE#         233
  C:2153H         LINE#         266
  C:2161H         LINE#         267
  C:2171H         LINE#         268
  C:2171H         LINE#         269
  C:2173H         LINE#         271
  C:2175H         LINE#         273
  C:2177H         LINE#         274
  C:2180H         LINE#         275
  C:2187H         LINE#         276
  -------         ENDPROC       TIMER0_INT
  -------         ENDMOD        MAIN

  -------         MODULE        PROCESS
  C:0000H         SYMBOL        _ICE_DUMMY_
  D:0080H         PUBLIC        P0
  D:0090H         PUBLIC        P1
  D:00A0H         PUBLIC        P2
  D:00B0H         PUBLIC        P3
  C:3153H         PUBLIC        ResetAddr
  D:00C0H         PUBLIC        P4
  C:31CDH         PUBLIC        ACK_Single_Write
  D:00A8H         PUBLIC        IE
  C:0046H         PUBLIC        DiscodeProtocalV1
  D:00B8H         PUBLIC        IP
  C:1FF7H         PUBLIC        ACK_Multi_Read
  D:00D8H         PUBLIC        CCON
  C:2B76H         PUBLIC        ACK_Multi_Write
  D:0098H         PUBLIC        SCON
  D:0088H         PUBLIC        TCON
  C:2D56H         PUBLIC        ACK_Multi_ReadTestAddr
  B:00C0H.1       PUBLIC        LED_RXD485
  B:00C0H.6       PUBLIC        LED_TXD485
  C:313FH         PUBLIC        Cmd_Process
  D:00D0H         PUBLIC        PSW
  -------         PROC          ACK_MULTI_READ
  -------         DO            
  D:0007H         SYMBOL        tIndex
  D:0006H         SYMBOL        addr
  D:0006H         SYMBOL        usCRC
  -------         ENDDO         
  C:1FF7H         LINE#         10
  C:1FF7H         LINE#         11
  C:1FF7H         LINE#         12
  C:1FF9H         LINE#         16
  C:2012H         LINE#         18
  C:2016H         LINE#         19
  C:201AH         LINE#         21
  C:2026H         LINE#         22
  C:2026H         LINE#         23
  C:2026H         LINE#         24
  C:2026H         LINE#         25
BL51 BANKED LINKER/LOCATER V6.22                                                      07/20/2016  13:38:28  PAGE 28


  C:202CH         LINE#         26
  C:2032H         LINE#         27
  C:203AH         LINE#         29
  C:203FH         LINE#         30
  C:2045H         LINE#         31
  C:2047H         LINE#         32
  C:2047H         LINE#         33
  C:2047H         LINE#         34
  C:2047H         LINE#         35
  C:204FH         LINE#         36
  C:204FH         LINE#         37
  C:2057H         LINE#         38
  C:2063H         LINE#         39
  C:207EH         LINE#         40
  C:2088H         LINE#         41
  C:208AH         LINE#         43
  C:208AH         LINE#         44
  C:208FH         LINE#         45
  C:2095H         LINE#         46
  C:2095H         LINE#         47
  C:2095H         LINE#         48
  C:2095H         LINE#         49
  C:2095H         LINE#         50
  C:2095H         LINE#         51
  C:2095H         LINE#         52
  C:2095H         LINE#         53
  C:2095H         LINE#         54
  C:20A5H         LINE#         55
  C:20B4H         LINE#         56
  C:20C5H         LINE#         57
  C:20CCH         LINE#         59
  -------         ENDPROC       ACK_MULTI_READ
  -------         PROC          ACK_MULTI_READTESTADDR
  -------         DO            
  D:0007H         SYMBOL        addr
  D:0006H         SYMBOL        usCRC
  -------         ENDDO         
  C:2D56H         LINE#         61
  C:2D56H         LINE#         62
  C:2D56H         LINE#         66
  C:2D6FH         LINE#         68
  C:2D73H         LINE#         69
  C:2D77H         LINE#         70
  C:2D7AH         LINE#         71
  C:2D86H         LINE#         72
  C:2D8BH         LINE#         73
  C:2D8EH         LINE#         74
  C:2D94H         LINE#         75
  -------         ENDPROC       ACK_MULTI_READTESTADDR
  -------         PROC          ACK_SINGLE_WRITE
  C:31CDH         LINE#         82
  C:31CDH         LINE#         83
  C:31CDH         LINE#         84
  -------         ENDPROC       ACK_SINGLE_WRITE
  -------         PROC          ACK_MULTI_WRITE
  -------         DO            
  D:0007H         SYMBOL        addr
BL51 BANKED LINKER/LOCATER V6.22                                                      07/20/2016  13:38:28  PAGE 29


  D:0006H         SYMBOL        usCRC
  -------         ENDDO         
  C:2B76H         LINE#         91
  C:2B76H         LINE#         92
  C:2B76H         LINE#         93
  C:2B8FH         LINE#         96
  C:2B93H         LINE#         97
  C:2B97H         LINE#         98
  C:2B9AH         LINE#         99
  C:2B9CH         LINE#         100
  C:2B9EH         LINE#         101
  C:2BA2H         LINE#         103
  C:2BAFH         LINE#         105
  C:2BB4H         LINE#         106
  C:2BB7H         LINE#         108
  C:2BBDH         LINE#         109
  -------         ENDPROC       ACK_MULTI_WRITE
  -------         PROC          RESETADDR
  C:3153H         LINE#         115
  C:3153H         LINE#         116
  C:3153H         LINE#         118
  C:3156H         LINE#         119
  C:315BH         LINE#         121
  C:3163H         LINE#         122
  -------         ENDPROC       RESETADDR
  -------         PROC          DISCODEPROTOCALV1
  -------         DO            
  X:026BH         SYMBOL        addr
  X:026CH         SYMBOL        usCRC
  X:026EH         SYMBOL        retCRC
  X:0270H         SYMBOL        lightTowerIndex
  X:0271H         SYMBOL        tempValue
  X:0272H         SYMBOL        index
  X:0273H         SYMBOL        i
  X:0274H         SYMBOL        usValue
  -------         ENDDO         
  C:0046H         LINE#         148
  C:0046H         LINE#         149
  C:0046H         LINE#         150
  C:0062H         LINE#         152
  C:0067H         LINE#         153
  C:0069H         LINE#         154
  C:006DH         LINE#         155
  C:0071H         LINE#         157
  C:008EH         LINE#         158
  C:008EH         LINE#         159
  C:0090H         LINE#         160
  C:0092H         LINE#         162
  C:00ABH         LINE#         163
  C:00B2H         LINE#         168
  C:00C9H         LINE#         169
  C:00E5H         LINE#         170
  C:00F7H         LINE#         171
  C:00F7H         LINE#         173
  C:00FDH         LINE#         174
  C:00FDH         LINE#         175
  C:0100H         LINE#         176
BL51 BANKED LINKER/LOCATER V6.22                                                      07/20/2016  13:38:28  PAGE 30


  C:0103H         LINE#         178
  C:010BH         LINE#         179
  C:010BH         LINE#         180
  C:0116H         LINE#         181
  C:0116H         LINE#         182
  C:0119H         LINE#         183
  C:0125H         LINE#         184
  C:0137H         LINE#         185
  C:0145H         LINE#         187
  C:014AH         LINE#         188
  C:0150H         LINE#         189
  C:0155H         LINE#         190
  C:0155H         LINE#         191
  C:0158H         LINE#         194
  C:0163H         LINE#         195
  C:0163H         LINE#         196
  C:0176H         LINE#         197
  C:0181H         LINE#         198
  C:0181H         LINE#         199
  C:018EH         LINE#         200
  C:0190H         LINE#         201
  C:0196H         LINE#         202
  C:0196H         LINE#         203
  C:01A1H         LINE#         204
  C:01A3H         LINE#         205
  C:01B1H         LINE#         206
  C:01B1H         LINE#         207
  C:01BCH         LINE#         208
  C:01BEH         LINE#         209
  C:01C4H         LINE#         210
  C:01C4H         LINE#         211
  C:01CFH         LINE#         212
  C:01D1H         LINE#         213
  C:01DDH         LINE#         214
  C:01DDH         LINE#         215
  C:01ECH         LINE#         216
  C:01EEH         LINE#         218
  C:01EEH         LINE#         219
  C:0211H         LINE#         220
  C:022DH         LINE#         221
  C:0240H         LINE#         222
  C:0240H         LINE#         223
  C:024CH         LINE#         226
  C:0251H         LINE#         227
  C:0258H         LINE#         228
  C:025DH         LINE#         230
  C:026EH         LINE#         231
  C:026EH         LINE#         232
  C:027FH         LINE#         234
  C:0294H         LINE#         236
  C:02A5H         LINE#         238
  C:02B5H         LINE#         239
  C:02C7H         LINE#         240
  C:02CFH         LINE#         241
  C:02CFH         LINE#         243
  C:02D6H         LINE#         244
  C:02D6H         LINE#         245
BL51 BANKED LINKER/LOCATER V6.22                                                      07/20/2016  13:38:28  PAGE 31


  C:02D9H         LINE#         246
  C:02DEH         LINE#         247
  C:02E1H         LINE#         250
  C:02E9H         LINE#         251
  C:02E9H         LINE#         253
  C:02F8H         LINE#         254
  C:0304H         LINE#         256
  C:0309H         LINE#         257
  C:030EH         LINE#         258
  C:0316H         LINE#         259
  C:031BH         LINE#         260
  C:031DH         LINE#         261
  C:031DH         LINE#         262
  C:0320H         LINE#         264
  C:0328H         LINE#         265
  C:0328H         LINE#         267
  C:0337H         LINE#         268
  C:0343H         LINE#         270
  C:0348H         LINE#         271
  C:034EH         LINE#         272
  C:0351H         LINE#         273
  C:0351H         LINE#         274
  C:0353H         LINE#         276
  C:035BH         LINE#         277
  C:035BH         LINE#         279
  C:036AH         LINE#         280
  C:0376H         LINE#         282
  C:037BH         LINE#         283
  C:0381H         LINE#         284
  C:0383H         LINE#         285
  C:0383H         LINE#         286
  C:0385H         LINE#         288
  C:038DH         LINE#         289
  C:038DH         LINE#         291
  C:039CH         LINE#         292
  C:03A8H         LINE#         294
  C:03ADH         LINE#         295
  C:03B3H         LINE#         296
  C:03B5H         LINE#         297
  C:03B8H         LINE#         298
  C:03B8H         LINE#         299
  C:03B8H         LINE#         300
  C:03B8H         LINE#         301
  C:03B8H         LINE#         302
  C:03BBH         LINE#         304
  C:03CAH         LINE#         305
  C:03CAH         LINE#         306
  C:03CCH         LINE#         307
  C:03CEH         LINE#         309
  C:03EAH         LINE#         310
  C:0401H         LINE#         311
  C:041DH         LINE#         313
  C:042FH         LINE#         314
  C:042FH         LINE#         315
  C:0445H         LINE#         316
  C:0445H         LINE#         317
  C:0445H         LINE#         318
BL51 BANKED LINKER/LOCATER V6.22                                                      07/20/2016  13:38:28  PAGE 32


  C:0445H         LINE#         319
  C:0450H         LINE#         320
  C:0450H         LINE#         321
  C:0453H         LINE#         322
  C:0456H         LINE#         323
  C:0461H         LINE#         324
  C:0461H         LINE#         325
  C:0461H         LINE#         326
  C:0463H         LINE#         327
  C:0475H         LINE#         328
  C:0475H         LINE#         329
  C:0478H         LINE#         330
  C:0478H         LINE#         331
  C:047BH         LINE#         332
  C:047BH         LINE#         333
  C:047BH         LINE#         334
  C:047BH         LINE#         335
  C:0486H         LINE#         336
  C:0486H         LINE#         337
  C:0489H         LINE#         339
  C:048FH         LINE#         340
  C:048FH         LINE#         341
  C:0492H         LINE#         342
  C:0494H         LINE#         344
  C:04A0H         LINE#         345
  C:04A0H         LINE#         346
  C:04A3H         LINE#         347
  C:04A5H         LINE#         349
  C:04ACH         LINE#         350
  C:04ACH         LINE#         351
  C:04B1H         LINE#         352
  C:04B5H         LINE#         353
  C:04BAH         LINE#         354
  C:04BCH         LINE#         356
  C:04C3H         LINE#         357
  C:04C3H         LINE#         358
  C:04C8H         LINE#         359
  C:04C8H         LINE#         361
  C:04CFH         LINE#         362
  C:04CFH         LINE#         363
  C:04D5H         LINE#         364
  C:04D5H         LINE#         365
  C:04D9H         LINE#         366
  C:04DCH         LINE#         367
  C:04E7H         LINE#         368
  C:04E7H         LINE#         369
  C:04ECH         LINE#         370
  C:04ECH         LINE#         371
  C:04EFH         LINE#         372
  C:0504H         LINE#         373
  C:0504H         LINE#         374
  C:050BH         LINE#         375
  C:0517H         LINE#         377
  C:0534H         LINE#         379
  C:054AH         LINE#         380
  C:054AH         LINE#         381
  C:0560H         LINE#         382
BL51 BANKED LINKER/LOCATER V6.22                                                      07/20/2016  13:38:28  PAGE 33


  C:0576H         LINE#         383
  C:058DH         LINE#         384
  C:05A2H         LINE#         385
  C:05A2H         LINE#         387
  C:05BDH         LINE#         389
  C:05CDH         LINE#         390
  C:05DFH         LINE#         391
  C:05DFH         LINE#         392
  C:05DFH         LINE#         393
  C:05E2H         LINE#         394
  C:05E2H         LINE#         395
  C:05E2H         LINE#         396
  C:05E2H         LINE#         397
  C:05FCH         LINE#         398
  C:05FCH         LINE#         399
  C:05FFH         LINE#         404
  C:060BH         LINE#         406
  C:0621H         LINE#         407
  C:0621H         LINE#         408
  C:062CH         LINE#         409
  C:0637H         LINE#         410
  C:0643H         LINE#         411
  C:0643H         LINE#         412
  C:064DH         LINE#         413
  C:064DH         LINE#         415
  C:0657H         LINE#         417
  C:065CH         LINE#         418
  C:0662H         LINE#         420
  C:066AH         LINE#         421
  C:067DH         LINE#         422
  C:069DH         LINE#         423
  C:06A3H         LINE#         424
  C:06A3H         LINE#         425
  C:06A3H         LINE#         426
  C:06A3H         LINE#         427
  C:06A3H         LINE#         428
  C:06A3H         LINE#         429
  C:06A3H         LINE#         430
  C:06A3H         LINE#         431
  C:06A3H         LINE#         432
  C:06A3H         LINE#         433
  C:06A5H         LINE#         434
  C:06A7H         LINE#         435
  C:06A7H         LINE#         436
  C:06B6H         LINE#         437
  C:06B6H         LINE#         438
  C:06C2H         LINE#         439
  C:06CAH         LINE#         440
  C:06CFH         LINE#         441
  C:06D3H         LINE#         443
  C:06D5H         LINE#         444
  -------         ENDPROC       DISCODEPROTOCALV1
  -------         PROC          CMD_PROCESS
  -------         DO            
  X:02B8H         SYMBOL        lightTowerIndex
  X:02B9H         SYMBOL        tempDiscodeValue
  -------         ENDDO         
BL51 BANKED LINKER/LOCATER V6.22                                                      07/20/2016  13:38:28  PAGE 34


  C:313FH         LINE#         460
  C:313FH         LINE#         461
  C:313FH         LINE#         463
  C:3144H         LINE#         464
  C:3146H         LINE#         465
  C:314FH         LINE#         470
  C:3152H         LINE#         471
  -------         ENDPROC       CMD_PROCESS
  -------         ENDMOD        PROCESS

  -------         MODULE        UART
  C:0000H         SYMBOL        _ICE_DUMMY_
  D:0080H         PUBLIC        P0
  D:0090H         PUBLIC        P1
  D:00A0H         PUBLIC        P2
  C:2F80H         PUBLIC        InitT232
  D:00B0H         PUBLIC        P3
  C:2DA1H         PUBLIC        SCON485_int
  D:00C0H         PUBLIC        P4
  B:00A0H.4       PUBLIC        M485_CTRL
  C:0026H         PUBLIC        InitT485
  D:00A8H         PUBLIC        IE
  B:00A8H.4       PUBLIC        ES
  D:00B8H         PUBLIC        IP
  B:0098H.0       PUBLIC        RI
  B:0098H.1       PUBLIC        TI
  D:00D8H         PUBLIC        CCON
  C:3008H         PUBLIC        _Send485SerialByte
  D:0099H         PUBLIC        SBUF
  D:0087H         PUBLIC        PCON
  D:0098H         PUBLIC        SCON
  D:0089H         PUBLIC        TMOD
  D:0088H         PUBLIC        TCON
  X:0000H         PUBLIC        uart
  D:00AFH         PUBLIC        IE2
  D:008EH         PUBLIC        AUXR
  B:0021H.1       PUBLIC        busy
  B:00C0H.6       PUBLIC        LED_TXD485
  B:00A8H.3       PUBLIC        ET1
  C:319CH         PUBLIC        UART232_Init
  D:008DH         PUBLIC        TH1
  X:0069H         PUBLIC        InTemp
  D:008BH         PUBLIC        TL1
[...]
  C:1F07H         LINE#         366
  C:1F07H         LINE#         371
  C:1F0DH         LINE#         372
  C:1F10H         LINE#         373
  C:1F29H         LINE#         375
  C:1F52H         LINE#         377
  C:1F6BH         LINE#         378
  C:1F6DH         LINE#         380
  C:1F73H         LINE#         381
  C:1F73H         LINE#         383
BL51 BANKED LINKER/LOCATER V6.22                                                      07/20/2016  13:38:28  PAGE 47


  C:1F74H         LINE#         384
  C:1F99H         LINE#         385
  C:1FB2H         LINE#         387
  C:1FDBH         LINE#         388
  C:1FF4H         LINE#         389
  C:1FF6H         LINE#         390
  C:1FF6H         LINE#         392
  C:1FF6H         LINE#         393
  -------         ENDPROC       _PCDWRITE
  -------         PROC          _PCDVALUE
  D:0007H         SYMBOL        dd_mode
  X:0217H         SYMBOL        addr
  X:0218H         SYMBOL        pValue
  -------         DO            
  D:0007H         SYMBOL        status
  X:021BH         SYMBOL        unLen
  D:0006H         SYMBOL        i
  X:021DH         SYMBOL        ucComMF522Buf
  -------         ENDDO         
  C:23E4H         LINE#         404
  C:23F4H         LINE#         405
  C:23F4H         LINE#         410
  C:23F9H         LINE#         411
  C:23FBH         LINE#         412
  C:23FEH         LINE#         414
  C:2401H         LINE#         416
  C:241AH         LINE#         417
  C:241CH         LINE#         419
  C:241FH         LINE#         420
  C:241FH         LINE#         422
  C:2420H         LINE#         423
  C:2445H         LINE#         424
  C:245EH         LINE#         425
  C:2465H         LINE#         426
  C:246AH         LINE#         427
  C:246FH         LINE#         428
  C:2471H         LINE#         429
  C:2471H         LINE#         431
  C:2474H         LINE#         432
  C:2474H         LINE#         433
  C:247AH         LINE#         434
  C:2481H         LINE#         435
  C:2484H         LINE#         437
  C:2487H         LINE#         439
  C:24A0H         LINE#         440
  C:24A2H         LINE#         441
  C:24A2H         LINE#         442
  C:24A2H         LINE#         443
  -------         ENDPROC       _PCDVALUE
  -------         PROC          _PCDBAKVALUE
  D:0007H         SYMBOL        sourceaddr
  X:0246H         SYMBOL        goaladdr
  -------         DO            
  D:0007H         SYMBOL        status
  X:0247H         SYMBOL        unLen
  X:0249H         SYMBOL        ucComMF522Buf
  -------         ENDDO         
BL51 BANKED LINKER/LOCATER V6.22                                                      07/20/2016  13:38:28  PAGE 48


  C:1BB6H         LINE#         450
  C:1BBBH         LINE#         451
  C:1BBBH         LINE#         456
  C:1BC1H         LINE#         457
  C:1BC4H         LINE#         458
  C:1BDDH         LINE#         460
  C:1C06H         LINE#         462
  C:1C1FH         LINE#         463
  C:1C21H         LINE#         465
  C:1C24H         LINE#         466
  C:1C24H         LINE#         467
  C:1C28H         LINE#         468
  C:1C2AH         LINE#         469
  C:1C2CH         LINE#         470
  C:1C2EH         LINE#         471
  C:1C46H         LINE#         473
  C:1C6FH         LINE#         474
  C:1C74H         LINE#         475
  C:1C76H         LINE#         476
  C:1C76H         LINE#         478
  C:1C79H         LINE#         479
  C:1C7CH         LINE#         481
  C:1C82H         LINE#         482
  C:1C8AH         LINE#         484
  C:1CA3H         LINE#         486
  C:1CCCH         LINE#         488
  C:1CE5H         LINE#         489
  C:1CE7H         LINE#         491
  C:1CE7H         LINE#         492
  -------         ENDPROC       _PCDBAKVALUE
  -------         PROC          PCDHALT
  -------         DO            
  X:01E9H         SYMBOL        status
  X:01EAH         SYMBOL        unLen
  X:01ECH         SYMBOL        ucComMF522Buf
  -------         ENDDO         
  C:2BCAH         LINE#         499
  C:2BCAH         LINE#         500
  C:2BCAH         LINE#         505
  C:2BD0H         LINE#         506
  C:2BD3H         LINE#         507
  C:2BEBH         LINE#         509
  C:2C19H         LINE#         511
  C:2C1BH         LINE#         512
  -------         ENDPROC       PCDHALT
  C:256EH         SYMBOL        L?0153
  -------         PROC          L?0152
  -------         ENDPROC       L?0152
  C:256EH         SYMBOL        L?0153
  -------         PROC          _CALULATECRC
  X:0200H         SYMBOL        pIndata
  X:0203H         SYMBOL        len
  X:0204H         SYMBOL        pOutData
  -------         DO            
  X:0207H         SYMBOL        i
  D:0007H         SYMBOL        n
  -------         ENDDO         
BL51 BANKED LINKER/LOCATER V6.22                                                      07/20/2016  13:38:28  PAGE 49


  C:2572H         LINE#         519
  C:2580H         LINE#         520
  C:2580H         LINE#         522
  C:2587H         LINE#         523
  C:258EH         LINE#         524
  C:2595H         LINE#         525
  C:25A8H         LINE#         526
  C:25C9H         LINE#         527
  C:25D0H         LINE#         528
  C:25D6H         LINE#         530
  C:25D6H         LINE#         531
  C:25DBH         LINE#         532
  C:25E1H         LINE#         533
  C:25E1H         LINE#         534
  C:25E8H         LINE#         535
  C:25FCH         LINE#         536
  -------         ENDPROC       _CALULATECRC
  -------         PROC          PCDRESET
  -------         DO            
  X:01E9H         SYMBOL        i
  -------         ENDDO         
  C:2CBBH         LINE#         544
  C:2CBBH         LINE#         545
  C:2CBBH         LINE#         547
  C:2CBDH         LINE#         549
  C:2CBEH         LINE#         551
  C:2CC0H         LINE#         553
  C:2CC1H         LINE#         555
  C:2CC3H         LINE#         557
  C:2CCAH         LINE#         559
  C:2CD1H         LINE#         561
  C:2CD2H         LINE#         564
  C:2CD9H         LINE#         565
  C:2CE0H         LINE#         566
  C:2CE7H         LINE#         567
  C:2CEEH         LINE#         568
  C:2CF5H         LINE#         569
  C:2CFCH         LINE#         570
  C:2D06H         LINE#         572
  C:2D08H         LINE#         573
  -------         ENDPROC       PCDRESET
  C:0C79H         SYMBOL        L?0150
  C:0C99H         SYMBOL        L?0151
  -------         PROC          L?0149
  -------         ENDPROC       L?0149
  C:0C79H         SYMBOL        L?0150
  C:0C99H         SYMBOL        L?0151
  -------         PROC          _PCDCOMMF522
  X:0206H         SYMBOL        Command
  X:0207H         SYMBOL        pInData
  X:020AH         SYMBOL        InLenByte
  X:020BH         SYMBOL        pOutData
  X:020EH         SYMBOL        pOutLenBit
  -------         DO            
  X:0211H         SYMBOL        status
  X:0212H         SYMBOL        irqEn
  X:0213H         SYMBOL        waitFor
BL51 BANKED LINKER/LOCATER V6.22                                                      07/20/2016  13:38:28  PAGE 50


  D:0005H         SYMBOL        lastBits
  X:0214H         SYMBOL        n
  X:0215H         SYMBOL        i
  -------         ENDDO         
  C:0C9DH         LINE#         584
  C:0CADH         LINE#         589
  C:0CADH         LINE#         590
  C:0CB3H         LINE#         591
  C:0CB6H         LINE#         592
  C:0CB8H         LINE#         596
  C:0CC1H         LINE#         597
  C:0CC1H         LINE#         598
  C:0CC1H         LINE#         599
  C:0CC7H         LINE#         600
  C:0CCBH         LINE#         601
  C:0CCDH         LINE#         602
  C:0CCDH         LINE#         603
  C:0CD3H         LINE#         604
  C:0CD7H         LINE#         605
  C:0CD7H         LINE#         606
  C:0CD7H         LINE#         607
  C:0CD7H         LINE#         608
  C:0CD7H         LINE#         610
  C:0CE3H         LINE#         611
  C:0CEAH         LINE#         612
  C:0CF1H         LINE#         613
  C:0CF8H         LINE#         615
  C:0D13H         LINE#         616
  C:0D3BH         LINE#         617
  C:0D45H         LINE#         620
  C:0D4CH         LINE#         621
  C:0D53H         LINE#         623
  C:0D5DH         LINE#         625
  C:0D5DH         LINE#         626
  C:0D67H         LINE#         627
  C:0D75H         LINE#         628
  C:0D75H         LINE#         629
  C:0D8DH         LINE#         630
  C:0D94H         LINE#         632
  C:0DA1H         LINE#         633
  C:0DA1H         LINE#         634
  C:0DAEH         LINE#         635
  C:0DAEH         LINE#         636
  C:0DB2H         LINE#         637
  C:0DBDH         LINE#         638
  C:0DC3H         LINE#         639
  C:0DCEH         LINE#         640
  C:0DCEH         LINE#         641
  C:0DD8H         LINE#         642
  C:0DE1H         LINE#         643
  C:0DE3H         LINE#         644
  C:0E0CH         LINE#         646
  C:0E27H         LINE#         647
  C:0E2DH         LINE#         648
  C:0E2FH         LINE#         649
  C:0E38H         LINE#         650
  C:0E3BH         LINE#         651
BL51 BANKED LINKER/LOCATER V6.22                                                      07/20/2016  13:38:28  PAGE 51


  C:0E55H         LINE#         652
  C:0E84H         LINE#         653
  C:0E84H         LINE#         654
  C:0E84H         LINE#         656
  C:0E8AH         LINE#         658
  C:0E8AH         LINE#         661
  C:0E91H         LINE#         662
  C:0E98H         LINE#         663
  C:0E9DH         LINE#         664
  -------         ENDPROC       _PCDCOMMF522
  -------         PROC          PCDANTENNAON
  -------         DO            
  D:0007H         SYMBOL        i
  -------         ENDDO         
  C:3179H         LINE#         671
  C:3179H         LINE#         672
  C:3179H         LINE#         674
  C:317EH         LINE#         675
  C:3183H         LINE#         676
  C:3183H         LINE#         677
  C:318AH         LINE#         678
  C:318AH         LINE#         679
  -------         ENDPROC       PCDANTENNAON
  -------         PROC          PCDANTENNAOFF
  C:3234H         LINE#         686
  C:3234H         LINE#         687
  C:3234H         LINE#         688
  -------         ENDPROC       PCDANTENNAOFF
  -------         ENDMOD        MRC522_API

  -------         MODULE        MRC522_HAL
  C:0000H         SYMBOL        _ICE_DUMMY_
  D:0080H         PUBLIC        P0
  D:0090H         PUBLIC        P1
  D:00A0H         PUBLIC        P2
  D:00B0H         PUBLIC        P3
  D:00C0H         PUBLIC        P4
  D:00A8H         PUBLIC        IE
  D:00B8H         PUBLIC        IP
  C:31F9H         PUBLIC        _ClearBitMask
  D:00D8H         PUBLIC        CCON
  D:0098H         PUBLIC        SCON
  D:0088H         PUBLIC        TCON
  C:2E34H         PUBLIC        _ReadRawRC
  B:00A0H.3       PUBLIC        MF522_MISO
  B:00B0H.7       PUBLIC        MF522_MOSI
  C:2EADH         PUBLIC        _WriteRawRC
  C:3207H         PUBLIC        _SetBitMask
  B:00A0H.2       PUBLIC        MF522_SDA
  B:00A0H.1       PUBLIC        MF522_SCK
  D:00D0H         PUBLIC        PSW
  -------         PROC          _WRITERAWRC
  D:0007H         SYMBOL        Address
  D:0005H         SYMBOL        value
  -------         DO            
  D:0006H         SYMBOL        i
  D:0007H         SYMBOL        ucAddr
BL51 BANKED LINKER/LOCATER V6.22                                                      07/20/2016  13:38:28  PAGE 52


  -------         ENDDO         
  C:2EADH         LINE#         8
  C:2EADH         LINE#         9
  C:2EADH         LINE#         12
  C:2EAFH         LINE#         13
  C:2EB1H         LINE#         14
  C:2EB7H         LINE#         16
  C:2EB9H         LINE#         17
  C:2EB9H         LINE#         18
  C:2EC3H         LINE#         19
  C:2EC5H         LINE#         20
  C:2EC9H         LINE#         21
  C:2ECBH         LINE#         22
  C:2ECDH         LINE#         24
  C:2ECFH         LINE#         25
  C:2ECFH         LINE#         26
  C:2ED9H         LINE#         27
  C:2EDBH         LINE#         28
  C:2EDFH         LINE#         29
  C:2EE1H         LINE#         30
  C:2EE3H         LINE#         31
  C:2EE5H         LINE#         32
  C:2EE7H         LINE#         33
  -------         ENDPROC       _WRITERAWRC
  -------         PROC          L?0023
  -------         ENDPROC       L?0023
  -------         PROC          _READRAWRC
  D:0007H         SYMBOL        Address
  -------         DO            
  D:0005H         SYMBOL        i
  D:0007H         SYMBOL        ucAddr
  D:0006H         SYMBOL        ucResult
  -------         ENDDO         
  C:2E34H         LINE#         40
  C:2E34H         LINE#         41
  C:2E34H         LINE#         43
  C:2E36H         LINE#         45
  C:2E38H         LINE#         46
  C:2E3AH         LINE#         47
  C:2E42H         LINE#         49
  C:2E44H         LINE#         50
  C:2E44H         LINE#         51
  C:2E4EH         LINE#         52
  C:2E50H         LINE#         53
  C:2E54H         LINE#         54
  C:2E56H         LINE#         55
  C:2E58H         LINE#         57
  C:2E5AH         LINE#         58
  C:2E5AH         LINE#         59
  C:2E5CH         LINE#         60
  C:2E60H         LINE#         61
  C:2E66H         LINE#         62
  C:2E68H         LINE#         63
  C:2E6AH         LINE#         65
  C:2E6CH         LINE#         66
  C:2E6EH         LINE#         67
  C:2E70H         LINE#         68
BL51 BANKED LINKER/LOCATER V6.22                                                      07/20/2016  13:38:28  PAGE 53


  -------         ENDPROC       _READRAWRC
  -------         PROC          _SETBITMASK
  D:0004H         SYMBOL        reg
  D:0003H         SYMBOL        mask
  -------         DO            
  D:0006H         SYMBOL        tmp
  -------         ENDDO         
  C:3207H         LINE#         75
  C:3207H         LINE#         76
  C:3207H         LINE#         77
  C:3207H         LINE#         78
  C:320CH         LINE#         79
  -------         ENDPROC       _SETBITMASK
  -------         PROC          _CLEARBITMASK
  D:0004H         SYMBOL        reg
  D:0003H         SYMBOL        mask
  -------         DO            
  D:0006H         SYMBOL        tmp
  -------         ENDDO         
  C:31F9H         LINE#         87
  C:31F9H         LINE#         88
  C:31F9H         LINE#         89
  C:31F9H         LINE#         90
  C:31FEH         LINE#         91
  -------         ENDPROC       _CLEARBITMASK
  -------         ENDMOD        MRC522_HAL

  -------         MODULE        LED_DISPLAY
  C:0000H         SYMBOL        _ICE_DUMMY_
  D:0080H         PUBLIC        P0
  D:0090H         PUBLIC        P1
  D:00A0H         PUBLIC        P2
  D:00B0H         PUBLIC        P3
  D:00C0H         PUBLIC        P4
  D:00A8H         PUBLIC        IE
  D:00B8H         PUBLIC        IP
  D:00D8H         PUBLIC        CCON
  D:0098H         PUBLIC        SCON
  D:0088H         PUBLIC        TCON
  D:00D0H         PUBLIC        PSW
  -------         ENDMOD        LED_DISPLAY

  -------         MODULE        ?C?CLDPTR
  C:18E4H         PUBLIC        ?C?CLDPTR
  -------         ENDMOD        ?C?CLDPTR

  -------         MODULE        ?C?CLDOPTR
  C:18FDH         PUBLIC        ?C?CLDOPTR
  -------         ENDMOD        ?C?CLDOPTR

  -------         MODULE        ?C?CSTPTR
  C:192AH         PUBLIC        ?C?CSTPTR
  -------         ENDMOD        ?C?CSTPTR

  -------         MODULE        ?C?CSTOPTR
  C:193CH         PUBLIC        ?C?CSTOPTR
  -------         ENDMOD        ?C?CSTOPTR
BL51 BANKED LINKER/LOCATER V6.22                                                      07/20/2016  13:38:28  PAGE 54



  -------         MODULE        ?C?IMUL
  C:195EH         PUBLIC        ?C?IMUL
  -------         ENDMOD        ?C?IMUL

  -------         MODULE        ?C?UIDIV
  C:1970H         PUBLIC        ?C?UIDIV
  -------         ENDMOD        ?C?UIDIV

  -------         MODULE        ?C?IILDX
  C:19C5H         PUBLIC        ?C?IILDX
  -------         ENDMOD        ?C?IILDX

  -------         MODULE        ?C?ILDIX
  C:19DBH         PUBLIC        ?C?ILDIX
  -------         ENDMOD        ?C?ILDIX

  -------         MODULE        ?C?ISTPTR
  C:19F1H         PUBLIC        ?C?ISTPTR
  -------         ENDMOD        ?C?ISTPTR

  -------         MODULE        ?C?OFFXADD
  C:1A10H         PUBLIC        ?C?OFFXADD
  -------         ENDMOD        ?C?OFFXADD

  -------         MODULE        PRINTF
  X:01E9H         PUBLIC        ?_PRINTF517?BYTE
  X:01E9H         PUBLIC        ?_PRINTF?BYTE
  X:01E9H         PUBLIC        ?_SPRINTF517?BYTE
  X:01E9H         PUBLIC        ?_SPRINTF?BYTE
  C:0741H         PUBLIC        _PRINTF
  C:0741H         PUBLIC        _PRINTF517
  C:073BH         PUBLIC        _SPRINTF
  C:073BH         PUBLIC        _SPRINTF517
  -------         ENDMOD        PRINTF

  -------         MODULE        ?C?PLDIXDATA
  C:1A1CH         PUBLIC        ?C?PLDIXDATA
  -------         ENDMOD        ?C?PLDIXDATA

  -------         MODULE        ?C?PSTXDATA
  C:1A33H         PUBLIC        ?C?PSTXDATA
  -------         ENDMOD        ?C?PSTXDATA

  -------         MODULE        ?C?CCASE
  C:1A3CH         PUBLIC        ?C?CCASE
  -------         ENDMOD        ?C?CCASE

  -------         MODULE        PUTCHAR
  C:305AH         PUBLIC        _PUTCHAR
  -------         ENDMOD        PUTCHAR

*** WARNING L16: UNCALLED SEGMENT, IGNORED FOR OVERLAY PROCESS
    SEGMENT: ?PR?LOADPARAINEEPROM?EEPROM

*** WARNING L16: UNCALLED SEGMENT, IGNORED FOR OVERLAY PROCESS
    SEGMENT: ?PR?SCAN_KEYBOARD?KEY
BL51 BANKED LINKER/LOCATER V6.22                                                      07/20/2016  13:38:28  PAGE 55



*** WARNING L16: UNCALLED SEGMENT, IGNORED FOR OVERLAY PROCESS
    SEGMENT: ?PR?PROCESS_KEYBOARD?KEY

*** WARNING L16: UNCALLED SEGMENT, IGNORED FOR OVERLAY PROCESS
    SEGMENT: ?PR?DIGITAL_LED_CNTRL_INIT?LED

*** WARNING L16: UNCALLED SEGMENT, IGNORED FOR OVERLAY PROCESS
    SEGMENT: ?PR?LED_SCAN?LED

*** WARNING L16: UNCALLED SEGMENT, IGNORED FOR OVERLAY PROCESS
    SEGMENT: ?PR?CMD_LED_FLASH?LED

*** WARNING L16: UNCALLED SEGMENT, IGNORED FOR OVERLAY PROCESS
    SEGMENT: ?PR?CMD_LIGHETOWER_FLASH?LED

*** WARNING L16: UNCALLED SEGMENT, IGNORED FOR OVERLAY PROCESS
    SEGMENT: ?PR?DIGITAL_LED_DISP?LED

*** WARNING L16: UNCALLED SEGMENT, IGNORED FOR OVERLAY PROCESS
    SEGMENT: ?PR?DIGITAL_LED_DISPADDR?LED

*** WARNING L16: UNCALLED SEGMENT, IGNORED FOR OVERLAY PROCESS
    SEGMENT: ?PR?LED_BLINK?LED

*** WARNING L16: UNCALLED SEGMENT, IGNORED FOR OVERLAY PROCESS
    SEGMENT: ?PR?CMD_PROCESS?PROCESS

*** WARNING L16: UNCALLED SEGMENT, IGNORED FOR OVERLAY PROCESS
    SEGMENT: ?PR?UART485_INIT?UART

*** WARNING L16: UNCALLED SEGMENT, IGNORED FOR OVERLAY PROCESS
    SEGMENT: ?PR?UART232_INIT?UART

*** WARNING L16: UNCALLED SEGMENT, IGNORED FOR OVERLAY PROCESS
    SEGMENT: ?PR?INITT0?TIMER

*** WARNING L16: UNCALLED SEGMENT, IGNORED FOR OVERLAY PROCESS
    SEGMENT: ?PR?IO_INIT?INIT

*** WARNING L16: UNCALLED SEGMENT, IGNORED FOR OVERLAY PROCESS
    SEGMENT: ?PR?START_INIT?INIT

*** WARNING L16: UNCALLED SEGMENT, IGNORED FOR OVERLAY PROCESS
    SEGMENT: ?PR?_M1_WRITE?MRC522_API

*** WARNING L16: UNCALLED SEGMENT, IGNORED FOR OVERLAY PROCESS
    SEGMENT: ?PR?_PCDVALUE?MRC522_API

*** WARNING L16: UNCALLED SEGMENT, IGNORED FOR OVERLAY PROCESS
    SEGMENT: ?PR?_PCDBAKVALUE?MRC522_API

*** WARNING L15: MULTIPLE CALL TO SEGMENT
    SEGMENT: ?PR?PCDRESET?MRC522_API
    CALLER1: ?C_C51STARTUP
    CALLER2: ?PR?TIMER0_INT?MAIN

BL51 BANKED LINKER/LOCATER V6.22                                                      07/20/2016  13:38:28  PAGE 56


Program Size: data=27.2 xdata=700 code=12863
LINK/LOCATE RUN COMPLETE.  20 WARNING(S),  0 ERROR(S)
