C51 COMPILER V9.52.0.0   COMMOM                                                            08/17/2016 10:12:56 PAGE 1   


C51 COMPILER V9.52.0.0, COMPILATION OF MODULE COMMOM
OBJECT MODULE PLACED IN ..\OUT\commom.obj
COMPILER INVOKED BY: C:\Program Files\kile\C51\BIN\C51.EXE ..\SRC\commom.c LARGE OMF2 BROWSE INCDIR(..\INC;..\PRO;..\SRC
                    -) DEBUG PRINT(.\commom.lst) TABS(2) OBJECT(..\OUT\commom.obj)

line level    source

   1          #define COMMON_GLOBAL
   2          #include "include.h"
   3          
   4          ////////////////////////////////////////////////////////////////////////////////
   5          // 功能描述 : 清除命令(地址清除时、广播清除时、显示清除时)
   6          // 输入参数 : 
   7          // 返回参数 : 
   8          // 说明     :  
   9          ////////////////////////////////////////////////////////////////////////////////
  10          void ClearAll(void)
  11          {
  12   1        led_flash_NO = LED_NONE;
  13   1        //蜂鸣器清除
  14   1        BEEP_OFF; 
  15   1        //OK信息清除
  16   1        IsOkPressed = FALSE;
  17   1        //扫描信息清除
  18   1        RC522_rFlag   = OFF;
  19   1      }


MODULE INFORMATION:   STATIC OVERLAYABLE
   CODE SIZE        =     16    ----
   CONSTANT SIZE    =   ----    ----
   XDATA SIZE       =   ----    ----
   PDATA SIZE       =   ----    ----
   DATA SIZE        =   ----    ----
   IDATA SIZE       =   ----    ----
   BIT SIZE         =   ----    ----
   EDATA SIZE       =   ----    ----
   HDATA SIZE       =   ----    ----
   XDATA CONST SIZE =   ----    ----
   FAR CONST SIZE   =   ----    ----
END OF MODULE INFORMATION.


C51 COMPILATION COMPLETE.  0 WARNING(S),  0 ERROR(S)
