BL51 BANKED LINKER/LOCATER V6.22                                                        07/18/2016  14:16:52  PAGE 1


BL51 BANKED LINKER/LOCATER V6.22, INVOKED BY:
C:\\C51\BIN\BL51.EXE ..\OUT\STARTUP.obj, ..\OUT\crc.obj, ..\OUT\eeprom.obj, ..\OUT\key.obj, ..\OUT\led.obj, ..\OUT\main.
>> obj, ..\OUT\process.obj, ..\OUT\uart.obj, ..\OUT\timer.obj, ..\OUT\delay.obj, ..\OUT\init.obj, ..\OUT\commom.obj, ..\
>> OUT\mrc522_api.obj, ..\OUT\mrc522_hal.obj, ..\OUT\led_display.obj TO ..\OUT\X-DI10-RFID07.11 PRINT (.\X-DI10-RFID07.m
>> 51) RAMSIZE (256)


MEMORY MODEL: LARGE


INPUT MODULES INCLUDED:
  ..\OUT\STARTUP.obj (?C_STARTUP)
  ..\OUT\crc.obj (CRC)
  ..\OUT\eeprom.obj (EEPROM)
  ..\OUT\key.obj (KEY)
  ..\OUT\led.obj (LED)
  ..\OUT\main.obj (MAIN)
  ..\OUT\process.obj (PROCESS)
  ..\OUT\uart.obj (UART)
  ..\OUT\timer.obj (TIMER)
  ..\OUT\delay.obj (DELAY)
  ..\OUT\init.obj (INIT)
  ..\OUT\commom.obj (COMMOM)
  ..\OUT\mrc522_api.obj (MRC522_API)
  ..\OUT\mrc522_hal.obj (MRC522_HAL)
  ..\OUT\led_display.obj (LED_DISPLAY)
  C:\\C51\LIB\C51L.LIB (?C_INIT)
  C:\\C51\LIB\C51L.LIB (?C?CLDPTR)
  C:\\C51\LIB\C51L.LIB (?C?CLDOPTR)
  C:\\C51\LIB\C51L.LIB (?C?CSTPTR)
  C:\\C51\LIB\C51L.LIB (?C?CSTOPTR)
  C:\\C51\LIB\C51L.LIB (?C?IMUL)
  C:\\C51\LIB\C51L.LIB (?C?UIDIV)
  C:\\C51\LIB\C51L.LIB (?C?IILDX)
  C:\\C51\LIB\C51L.LIB (?C?ILDIX)
  C:\\C51\LIB\C51L.LIB (?C?ISTPTR)
  C:\\C51\LIB\C51L.LIB (?C?OFFXADD)
  C:\\C51\LIB\C51L.LIB (PRINTF)
  C:\\C51\LIB\C51L.LIB (?C?PLDIXDATA)
  C:\\C51\LIB\C51L.LIB (?C?PSTXDATA)
  C:\\C51\LIB\C51L.LIB (?C?CCASE)
  C:\\C51\LIB\C51L.LIB (PUTCHAR)


LINK MAP OF MODULE:  ..\OUT\X-DI10-RFID07.11 (?C_STARTUP)


            TYPE    BASE      LENGTH    RELOCATION   SEGMENT NAME
            -----------------------------------------------------

            * * * * * * *   D A T A   M E M O R Y   * * * * * * *
            REG     0000H     0008H     ABSOLUTE     "REG BANK 0"
            DATA    0008H     0005H     UNIT         ?DT?PRINTF?PRINTF
            IDATA   000DH     000CH     UNIT         ?ID?LED
                    0019H     0007H                  *** GAP ***
            BIT     0020H.0   0001H.1   UNIT         ?BI?PRINTF?PRINTF
            BIT     0021H.1   0000H.1   UNIT         ?BI?UART
                    0021H.2   0000H.6                *** GAP ***
BL51 BANKED LINKER/LOCATER V6.22                                                      07/18/2016  14:16:52  PAGE 2


            IDATA   0022H     0001H     UNIT         ?STACK

            * * * * * * *  X D A T A   M E M O R Y  * * * * * * *
            XDATA   0000H     00D3H     UNIT         ?XD?UART
            XDATA   00D3H     00B7H     UNIT         ?XD?LED
            XDATA   018AH     004EH     UNIT         ?XD?MAIN
            XDATA   01D8H     0037H     UNIT         _XDATA_GROUP_
            XDATA   020FH     0028H     UNIT         ?XD?PRINTF?PRINTF
            XDATA   0237H     0018H     UNIT         ?XD?_PCDVALUE?MRC522_API
            XDATA   024FH     0017H     UNIT         ?XD?_PCDWRITE?MRC522_API
            XDATA   0266H     0015H     UNIT         ?XD?_PCDBAKVALUE?MRC522_API
            XDATA   027BH     0010H     UNIT         ?XD?_READPARAINEEPROM?EEPROM
            XDATA   028BH     000BH     UNIT         ?XD?DISCODEPROTOCALV1?PROCESS
            XDATA   0296H     000AH     UNIT         ?XD?_M1_WRITE?MRC522_API
            XDATA   02A0H     0008H     UNIT         ?XD?_EEPROM_READ_BLOCK?EEPROM
            XDATA   02A8H     0008H     UNIT         ?XD?_EEPROM_WRITE_BLOCK?EEPROM
            XDATA   02B0H     0006H     UNIT         ?XD?SAVEPARATOBLOCK?EEPROM
            XDATA   02B6H     0005H     UNIT         ?XD?_CRC16?CRC
            XDATA   02BBH     0005H     UNIT         ?XD?LOADPARAINEEPROM?EEPROM
            XDATA   02C0H     0005H     UNIT         ?XD?MRC522_API
            XDATA   02C5H     0003H     UNIT         ?XD?PROCESS_KEYBOARD?KEY
            XDATA   02C8H     0003H     UNIT         ?XD?KEY
            XDATA   02CBH     0002H     UNIT         ?XD?_BYTE_READ?EEPROM
            XDATA   02CDH     0002H     UNIT         ?XD?_BYTE_PROGRAM?EEPROM
            XDATA   02CFH     0002H     UNIT         ?XD?_SECTOR_ERASE?EEPROM
            XDATA   02D1H     0002H     UNIT         ?XD?_GETLIGHTTOWERONTIME?LED
            XDATA   02D3H     0002H     UNIT         ?XD?_GETLIGHTTOWEROFFTIME?LED
            XDATA   02D5H     0002H     UNIT         ?XD?CMD_PROCESS?PROCESS
            XDATA   02D7H     0001H     UNIT         ?XD?DELAY?KEY
            XDATA   02D8H     0001H     UNIT         ?XD?START_INIT?INIT

            * * * * * * *   C O D E   M E M O R Y   * * * * * * *
            CODE    0000H     0003H     ABSOLUTE     
            CODE    0003H     0008H     UNIT         ?PR?_USART1_SENDBYTE?UART
            CODE    000BH     0003H     ABSOLUTE     
            CODE    000EH     0015H     UNIT         ?PR?DELAY?KEY
            CODE    0023H     0003H     ABSOLUTE     
            CODE    0026H     001BH     UNIT         ?PR?INITT485?UART
                    0041H     0002H                  *** GAP ***
            CODE    0043H     0003H     ABSOLUTE     
            CODE    0046H     0690H     UNIT         ?PR?DISCODEPROTOCALV1?PROCESS
            CODE    06D6H     0365H     UNIT         ?PR?PRINTF?PRINTF
            CODE    0A3BH     023CH     UNIT         ?PR?DIGITAL_LED_DISP?LED
            CODE    0C77H     0227H     UNIT         ?PR?_PCDCOMMF522?MRC522_API
            CODE    0E9EH     0218H     UNIT         ?PR?CMD_LIGHETOWER_FLASH?LED
            CODE    10B6H     0200H     UNIT         ?CO?CRC
            CODE    12B6H     01A3H     UNIT         ?PR?START_INIT?INIT
            CODE    1459H     017EH     UNIT         ?C?LIB_CODE
            CODE    15D7H     016CH     UNIT         ?PR?_GETLIGHTTOWERONTIME?LED
            CODE    1743H     016CH     UNIT         ?PR?_GETLIGHTTOWEROFFTIME?LED
            CODE    18AFH     0139H     UNIT         ?PR?_M1_WRITE?MRC522_API
            CODE    19E8H     0132H     UNIT         ?PR?_PCDBAKVALUE?MRC522_API
            CODE    1B1AH     010BH     UNIT         ?PR?_READPARAINEEPROM?EEPROM
            CODE    1C25H     0102H     UNIT         ?PR?_PCDWRITE?MRC522_API
            CODE    1D27H     00F9H     UNIT         ?C_INITSEG
            CODE    1E20H     00E2H     UNIT         ?PR?ACK_MULTI_READ?PROCESS
            CODE    1F02H     00C8H     UNIT         ?PR?_PCDANTICOLL?MRC522_API
BL51 BANKED LINKER/LOCATER V6.22                                                      07/18/2016  14:16:52  PAGE 3


            CODE    1FCAH     00C0H     UNIT         ?PR?GETLEDONTIME?LED
            CODE    208AH     00C0H     UNIT         ?PR?GETLEDOFFTIME?LED
            CODE    214AH     00BFH     UNIT         ?PR?_PCDVALUE?MRC522_API
            CODE    2209H     00BAH     UNIT         ?PR?_PCDSELECT?MRC522_API
            CODE    22C3H     00B8H     UNIT         ?PR?LOADPARAINEEPROM?EEPROM
            CODE    237BH     00B8H     UNIT         ?PR?_CALULATECRC?MRC522_API
            CODE    2433H     00AEH     UNIT         ?PR?_PCDAUTHSTATE?MRC522_API
            CODE    24E1H     009DH     UNIT         ?PR?_M1_READ?MRC522_API
            CODE    257EH     0097H     UNIT         ?PR?TIMER0_INT?MAIN
            CODE    2615H     0095H     UNIT         ?PR?_PCDREQUEST?MRC522_API
            CODE    26AAH     008EH     UNIT         ?PR?SAVEPARATOBLOCK?EEPROM
            CODE    2738H     008CH     UNIT         ?C_C51STARTUP
            CODE    27C4H     008CH     UNIT         ?PR?_PCDREAD?MRC522_API
            CODE    2850H     0062H     UNIT         ?PR?CMD_LED_FLASH?LED
            CODE    28B2H     005FH     UNIT         ?PR?_LED_LIGHT_CTRL?LED
            CODE    2911H     005EH     UNIT         ?PR?SCON232_INT?UART
            CODE    296FH     005BH     UNIT         ?PR?LED_SCAN?LED
            CODE    29CAH     0054H     UNIT         ?PR?_EEPROM_READ_BLOCK?EEPROM
            CODE    2A1EH     0054H     UNIT         ?PR?ACK_MULTI_WRITE?PROCESS
            CODE    2A72H     0052H     UNIT         ?PR?PCDHALT?MRC522_API
            CODE    2AC4H     0051H     UNIT         ?PR?_EEPROM_WRITE_BLOCK?EEPROM
            CODE    2B15H     004EH     UNIT         ?PR?PROCESS_KEYBOARD?KEY
            CODE    2B63H     004EH     UNIT         ?PR?PCDRESET?MRC522_API
            CODE    2BB1H     004DH     UNIT         ?PR?_CRC16?CRC
            CODE    2BFEH     004BH     UNIT         ?PR?ACK_MULTI_READTESTADDR?PROCESS
            CODE    2C49H     0048H     UNIT         ?PR?_SEND485SERIALBYTE?UART
            CODE    2C91H     0045H     UNIT         ?PR?CLEARALL?COMMOM
            CODE    2CD6H     0043H     UNIT         ?PR?_READRAWRC?MRC522_HAL
            CODE    2D19H     003CH     UNIT         ?PR?LED_BLINK?LED
            CODE    2D55H     003BH     UNIT         ?PR?_WRITERAWRC?MRC522_HAL
            CODE    2D90H     0035H     UNIT         ?PR?IO_INIT?INIT
            CODE    2DC5H     0031H     UNIT         ?PR?SCAN_KEYBOARD?KEY
            CODE    2DF6H     0030H     UNIT         ?PR?INITT232?UART
            CODE    2E26H     002AH     UNIT         ?PR?_BYTE_READ?EEPROM
            CODE    2E50H     0028H     UNIT         ?PR?_BYTE_PROGRAM?EEPROM
            CODE    2E78H     0028H     UNIT         ?PR?MAIN?MAIN
            CODE    2EA0H     0027H     UNIT         ?PR?PUTCHAR?PUTCHAR
            CODE    2EC7H     0024H     UNIT         ?PR?LED_SUPPLYPOWER?LED
            CODE    2EEBH     0022H     UNIT         ?PR?_SECTOR_ERASE?EEPROM
            CODE    2F0DH     0021H     UNIT         ?PR?_LED_SHOW?LED
            CODE    2F2EH     0021H     UNIT         ?PR?DISPLAY_CLEAR?LED
            CODE    2F4FH     001EH     UNIT         ?PR?DIGITAL_LED_DISPADDR?LED
            CODE    2F6DH     001BH     UNIT         ?CO?MRC522_API
            CODE    2F88H     0018H     UNIT         ?PR?_DELAYMS?DELAY
            CODE    2FA0H     0016H     UNIT         ?CO?MAIN
            CODE    2FB6H     0016H     UNIT         ?PR?INITT0?TIMER
            CODE    2FCCH     0014H     UNIT         ?PR?CMD_PROCESS?PROCESS
            CODE    2FE0H     0013H     UNIT         ?PR?RESETADDR?PROCESS
            CODE    2FF3H     0012H     UNIT         ?PR?PCDANTENNAON?MRC522_API
            CODE    3005H     0011H     UNIT         ?PR?UART485_INIT?UART
            CODE    3016H     0011H     UNIT         ?PR?UART232_INIT?UART
            CODE    3027H     0010H     UNIT         ?CO?EEPROM
            CODE    3037H     0010H     UNIT         ?PR?ACK_SINGLE_WRITE?PROCESS
            CODE    3047H     000EH     UNIT         ?PR?DIGITAL_LED_CNTRL_INIT?LED
            CODE    3055H     000EH     UNIT         ?PR?_CLEARBITMASK?MRC522_HAL
            CODE    3063H     000DH     UNIT         ?PR?_SETBITMASK?MRC522_HAL
            CODE    3070H     000CH     UNIT         ?PR?IAP_DISABLE?EEPROM
BL51 BANKED LINKER/LOCATER V6.22                                                      07/18/2016  14:16:52  PAGE 4


            CODE    307CH     000AH     UNIT         ?PR?DELAY1MS?DELAY
            CODE    3086H     000AH     UNIT         ?CO?INIT
            CODE    3090H     0009H     UNIT         ?PR?SCON485_INT?UART
            CODE    3099H     0007H     UNIT         ?PR?KEYPROCESSOK?KEY
            CODE    30A0H     0007H     UNIT         ?PR?PCDANTENNAOFF?MRC522_API
            CODE    30A7H     0004H     UNIT         ?PR?_EEPROM_ERASE_SECTOR?EEPROM
            CODE    30ABH     0003H     UNIT         ?PR?LED_ON?LED
            CODE    30AEH     0003H     UNIT         ?PR?LED_OFF?LED



OVERLAY MAP OF MODULE:   ..\OUT\X-DI10-RFID07.11 (?C_STARTUP)


SEGMENT                                      XDATA_GROUP
  +--> CALLED SEGMENT                      START    LENGTH
----------------------------------------------------------
?C_C51STARTUP                              -----    -----
  +--> ?PR?MAIN?MAIN
  +--> ?C_INITSEG

?PR?MAIN?MAIN                              -----    -----
  +--> ?PR?UART485_INIT?UART
  +--> ?PR?INITT0?TIMER
  +--> ?PR?PCDRESET?MRC522_API
  +--> ?PR?PCDANTENNAOFF?MRC522_API
  +--> ?PR?PCDANTENNAON?MRC522_API
  +--> ?CO?MAIN
  +--> ?PR?_M1_READ?MRC522_API

?PR?UART485_INIT?UART                      -----    -----
  +--> ?PR?INITT485?UART

?PR?PCDRESET?MRC522_API                    01E1H    0001H
  +--> ?PR?_DELAYMS?DELAY
  +--> ?PR?_WRITERAWRC?MRC522_HAL
  +--> ?PR?_READRAWRC?MRC522_HAL

?PR?_DELAYMS?DELAY                         -----    -----
  +--> ?PR?DELAY1MS?DELAY

?PR?PCDANTENNAOFF?MRC522_API               -----    -----
  +--> ?PR?_CLEARBITMASK?MRC522_HAL

?PR?_CLEARBITMASK?MRC522_HAL               -----    -----
  +--> ?PR?_READRAWRC?MRC522_HAL
  +--> ?PR?_WRITERAWRC?MRC522_HAL

?PR?PCDANTENNAON?MRC522_API                -----    -----
  +--> ?PR?_READRAWRC?MRC522_HAL
  +--> ?PR?_SETBITMASK?MRC522_HAL

?PR?_SETBITMASK?MRC522_HAL                 -----    -----
  +--> ?PR?_READRAWRC?MRC522_HAL
  +--> ?PR?_WRITERAWRC?MRC522_HAL

?PR?_M1_READ?MRC522_API                    01D8H    0009H
BL51 BANKED LINKER/LOCATER V6.22                                                      07/18/2016  14:16:52  PAGE 5


  +--> ?PR?_PCDREQUEST?MRC522_API
  +--> ?PR?_PCDANTICOLL?MRC522_API
  +--> ?PR?_PCDSELECT?MRC522_API
  +--> ?PR?_PCDAUTHSTATE?MRC522_API
  +--> ?PR?_PCDREAD?MRC522_API
  +--> ?PR?PCDHALT?MRC522_API
  +--> ?PR?_SEND485SERIALBYTE?UART
  +--> ?PR?PCDRESET?MRC522_API
  +--> ?PR?PCDANTENNAOFF?MRC522_API
  +--> ?PR?PCDANTENNAON?MRC522_API

?PR?_PCDREQUEST?MRC522_API                 01E1H    0018H
  +--> ?PR?_CLEARBITMASK?MRC522_HAL
  +--> ?PR?_WRITERAWRC?MRC522_HAL
  +--> ?PR?_SETBITMASK?MRC522_HAL
  +--> ?PR?_PCDCOMMF522?MRC522_API

?PR?_PCDCOMMF522?MRC522_API                01FEH    0011H
  +--> ?PR?_WRITERAWRC?MRC522_HAL
  +--> ?PR?_CLEARBITMASK?MRC522_HAL
  +--> ?PR?_SETBITMASK?MRC522_HAL
  +--> ?PR?_READRAWRC?MRC522_HAL

?PR?_PCDANTICOLL?MRC522_API                01E1H    0019H
  +--> ?PR?_CLEARBITMASK?MRC522_HAL
  +--> ?PR?_WRITERAWRC?MRC522_HAL
  +--> ?PR?_PCDCOMMF522?MRC522_API
  +--> ?PR?_SETBITMASK?MRC522_HAL

?PR?_PCDSELECT?MRC522_API                  01E1H    0017H
  +--> ?PR?_CALULATECRC?MRC522_API
  +--> ?PR?_CLEARBITMASK?MRC522_HAL
  +--> ?PR?_PCDCOMMF522?MRC522_API

?PR?_CALULATECRC?MRC522_API                01F8H    0008H
  +--> ?PR?_CLEARBITMASK?MRC522_HAL
  +--> ?PR?_WRITERAWRC?MRC522_HAL
  +--> ?PR?_SETBITMASK?MRC522_HAL
  +--> ?PR?_READRAWRC?MRC522_HAL

?PR?_PCDAUTHSTATE?MRC522_API               01E1H    001DH
  +--> ?PR?_PCDCOMMF522?MRC522_API
  +--> ?PR?_READRAWRC?MRC522_HAL

?PR?_PCDREAD?MRC522_API                    01E1H    0017H
  +--> ?PR?_CALULATECRC?MRC522_API
  +--> ?PR?_PCDCOMMF522?MRC522_API

?PR?PCDHALT?MRC522_API                     01E1H    0015H
  +--> ?PR?_CALULATECRC?MRC522_API
  +--> ?PR?_PCDCOMMF522?MRC522_API

?PR?_SEND485SERIALBYTE?UART                01E1H    0004H
  +--> ?PR?_USART1_SENDBYTE?UART

*** NEW ROOT ***************************************************

BL51 BANKED LINKER/LOCATER V6.22                                                      07/18/2016  14:16:52  PAGE 6


?PR?TIMER0_INT?MAIN                        -----    -----
  +--> ?PR?LED_ON?LED
  +--> ?PR?LED_OFF?LED



SYMBOL TABLE OF MODULE:  ..\OUT\X-DI10-RFID07.11 (?C_STARTUP)

  VALUE           TYPE          NAME
  ----------------------------------

  -------         MODULE        ?C_STARTUP
  C:2738H         SEGMENT       ?C_C51STARTUP
  I:0022H         SEGMENT       ?STACK
  C:0000H         PUBLIC        ?C_STARTUP
  D:00E0H         SYMBOL        ACC
  D:00F0H         SYMBOL        B
  D:0083H         SYMBOL        DPH
  D:0082H         SYMBOL        DPL
  N:0000H         SYMBOL        IBPSTACK
  N:0100H         SYMBOL        IBPSTACKTOP
  N:0080H         SYMBOL        IDATALEN
  C:273BH         SYMBOL        IDATALOOP
  N:0000H         SYMBOL        PBPSTACK
  N:0100H         SYMBOL        PBPSTACKTOP
  N:0000H         SYMBOL        PDATALEN
  N:0000H         SYMBOL        PDATASTART
  N:0000H         SYMBOL        PPAGE
  N:0000H         SYMBOL        PPAGEENABLE
  D:00A0H         SYMBOL        PPAGE_SFR
  D:0081H         SYMBOL        SP
  C:2738H         SYMBOL        STARTUP1
  N:0000H         SYMBOL        XBPSTACK
  N:0000H         SYMBOL        XBPSTACKTOP
  N:0000H         SYMBOL        XDATALEN
  N:0000H         SYMBOL        XDATASTART
  C:0000H         LINE#         126
  C:2738H         LINE#         133
  C:273AH         LINE#         134
  C:273BH         LINE#         135
  C:273CH         LINE#         136
  C:273EH         LINE#         185
  C:2741H         LINE#         196
  -------         ENDMOD        ?C_STARTUP

  -------         MODULE        CRC
  C:0000H         SYMBOL        _ICE_DUMMY_
  D:0080H         PUBLIC        P0
  D:0090H         PUBLIC        P1
  D:00A0H         PUBLIC        P2
  D:00B0H         PUBLIC        P3
  D:00C0H         PUBLIC        P4
  D:00C8H         PUBLIC        P5
  D:00A8H         PUBLIC        IE
  D:00B8H         PUBLIC        IP
  D:00D8H         PUBLIC        CCON
  C:10B6H         PUBLIC        auchCRCHi
BL51 BANKED LINKER/LOCATER V6.22                                                      07/18/2016  14:16:52  PAGE 7


  D:0098H         PUBLIC        SCON
  D:0088H         PUBLIC        TCON
  C:11B6H         PUBLIC        auchCRCLo
  C:2BB1H         PUBLIC        _CRC16
  D:00D0H         PUBLIC        PSW
  -------         PROC          _CRC16
  X:02B6H         SYMBOL        puchMsg
  X:02B9H         SYMBOL        usDataLen
  -------         DO            
  D:0007H         SYMBOL        uchCRCHi
  D:0005H         SYMBOL        uchCRCLo
  D:0002H         SYMBOL        uIndex
  -------         ENDDO         
  C:2BB1H         LINE#         89
  C:2BC2H         LINE#         90
  C:2BC2H         LINE#         91
  C:2BC4H         LINE#         92
  C:2BC6H         LINE#         95
  C:2BD4H         LINE#         96
  C:2BD4H         LINE#         97
  C:2BEBH         LINE#         98
  C:2BF1H         LINE#         99
  C:2BF7H         LINE#         100
  C:2BF9H         LINE#         101
  C:2BFDH         LINE#         102
  -------         ENDPROC       _CRC16
  -------         ENDMOD        CRC

  -------         MODULE        EEPROM
  C:0000H         SYMBOL        _ICE_DUMMY_
  D:0080H         PUBLIC        P0
  D:0090H         PUBLIC        P1
  D:00A0H         PUBLIC        P2
  D:00B0H         PUBLIC        P3
  D:00C0H         PUBLIC        P4
  D:00C8H         PUBLIC        P5
  C:2AC4H         PUBLIC        _eeprom_write_block
  D:00A8H         PUBLIC        IE
  D:00C5H         PUBLIC        IAP_CMD
  D:00B8H         PUBLIC        IP
  D:00C3H         PUBLIC        IAP_ADDRH
  D:00C4H         PUBLIC        IAP_ADDRL
  D:00D8H         PUBLIC        CCON
  C:1B1AH         PUBLIC        _ReadParaInEeprom
  C:22C3H         PUBLIC        LoadParaInEeprom
  D:0098H         PUBLIC        SCON
  D:0088H         PUBLIC        TCON
  D:00C7H         PUBLIC        IAP_CONTR
  C:2EEBH         PUBLIC        _Sector_Erase
  C:26AAH         PUBLIC        SaveParaToBlock
  C:3027H         PUBLIC        SECTOR_PAGE
  C:2E50H         PUBLIC        _Byte_Program
  D:00C2H         PUBLIC        IAP_DATA
  D:00C6H         PUBLIC        IAP_TRIG
  C:3070H         PUBLIC        IAP_Disable
  C:2E26H         PUBLIC        _Byte_Read
  C:30A7H         PUBLIC        _eeprom_erase_sector
BL51 BANKED LINKER/LOCATER V6.22                                                      07/18/2016  14:16:52  PAGE 8


  C:29CAH         PUBLIC        _eeprom_read_block
  D:00D0H         PUBLIC        PSW
  -------         PROC          _BYTE_READ
  D:0001H         SYMBOL        add
  -------         DO            
  X:02CBH         SYMBOL        my_unTemp16
  -------         ENDDO         
  C:2E26H         LINE#         19
  C:2E26H         LINE#         20
  C:2E26H         LINE#         23
  C:2E29H         LINE#         24
  C:2E2CH         LINE#         25
  C:2E2FH         LINE#         27
  C:2E39H         LINE#         28
  C:2E3FH         LINE#         29
  C:2E43H         LINE#         32
  C:2E46H         LINE#         33
  C:2E49H         LINE#         34
  C:2E4AH         LINE#         36
  C:2E4DH         LINE#         38
  C:2E4FH         LINE#         39
  -------         ENDPROC       _BYTE_READ
  -------         PROC          _BYTE_PROGRAM
  D:0001H         SYMBOL        add
  D:0005H         SYMBOL        ch
  -------         DO            
  X:02CDH         SYMBOL        my_unTemp16
  -------         ENDDO         
  C:2E50H         LINE#         42
  C:2E50H         LINE#         43
  C:2E50H         LINE#         46
  C:2E53H         LINE#         47
  C:2E56H         LINE#         49
  C:2E60H         LINE#         50
  C:2E66H         LINE#         51
  C:2E6AH         LINE#         53
  C:2E6EH         LINE#         55
  C:2E71H         LINE#         56
  C:2E74H         LINE#         57
  C:2E75H         LINE#         59
  -------         ENDPROC       _BYTE_PROGRAM
  -------         PROC          _SECTOR_ERASE
  D:0006H         SYMBOL        add
  -------         DO            
  X:02CFH         SYMBOL        my_unTemp16
  -------         ENDDO         
  C:2EEBH         LINE#         64
  C:2EEBH         LINE#         65
  C:2EEBH         LINE#         68
  C:2EEEH         LINE#         69
  C:2EF1H         LINE#         71
  C:2EF9H         LINE#         72
  C:2EFFH         LINE#         73
  C:2F03H         LINE#         76
  C:2F06H         LINE#         77
  C:2F09H         LINE#         78
  C:2F0AH         LINE#         80
BL51 BANKED LINKER/LOCATER V6.22                                                      07/18/2016  14:16:52  PAGE 9


  -------         ENDPROC       _SECTOR_ERASE
  -------         PROC          IAP_DISABLE
  C:3070H         LINE#         84
  C:3070H         LINE#         85
  C:3070H         LINE#         88
  C:3073H         LINE#         89
  C:3075H         LINE#         90
  C:3077H         LINE#         91
  C:3079H         LINE#         92
  C:307BH         LINE#         93
  -------         ENDPROC       IAP_DISABLE
  -------         PROC          _EEPROM_READ_BLOCK
  X:02A0H         SYMBOL        Buffer
  X:02A3H         SYMBOL        beginAddr
  X:02A6H         SYMBOL        len
  -------         DO            
  X:02A7H         SYMBOL        i
  -------         ENDDO         
  C:29CAH         LINE#         100
  C:29D5H         LINE#         101
  C:29D5H         LINE#         104
  C:29E5H         LINE#         105
  C:29E5H         LINE#         106
  C:2A0BH         LINE#         107
  C:2A15H         LINE#         108
  C:2A1DH         LINE#         111
  -------         ENDPROC       _EEPROM_READ_BLOCK
  -------         PROC          _EEPROM_WRITE_BLOCK
  X:02A8H         SYMBOL        Buffer
  X:02ABH         SYMBOL        beginAddr
  X:02AEH         SYMBOL        len
  -------         DO            
  X:02AFH         SYMBOL        i
  -------         ENDDO         
  C:2AC4H         LINE#         116
  C:2ACFH         LINE#         117
  C:2ACFH         LINE#         120
  C:2AE0H         LINE#         121
  C:2AE0H         LINE#         122
  C:2B02H         LINE#         123
  C:2B0CH         LINE#         124
  C:2B14H         LINE#         127
  -------         ENDPROC       _EEPROM_WRITE_BLOCK
  -------         PROC          _EEPROM_ERASE_SECTOR
  D:0006H         SYMBOL        pageAddr
  C:30A7H         LINE#         142
  C:30A7H         LINE#         143
  C:30A7H         LINE#         144
  C:30AAH         LINE#         147
  -------         ENDPROC       _EEPROM_ERASE_SECTOR
  -------         PROC          _READPARAINEEPROM
  D:0007H         SYMBOL        offset
  -------         DO            
  X:027BH         SYMBOL        i
  X:027CH         SYMBOL        para_page_0
  X:0281H         SYMBOL        para_page_1
  X:0286H         SYMBOL        para_page_2
BL51 BANKED LINKER/LOCATER V6.22                                                      07/18/2016  14:16:52  PAGE 10


  -------         ENDDO         
  C:1B1AH         LINE#         154
  C:1B1AH         LINE#         155
  C:1B1AH         LINE#         156
  C:1B1FH         LINE#         161
  C:1B27H         LINE#         163
  C:1B4BH         LINE#         164
  C:1B6FH         LINE#         165
  C:1B93H         LINE#         167
  C:1BB2H         LINE#         168
  C:1BB2H         LINE#         171
  C:1BC1H         LINE#         176
  C:1BCEH         LINE#         177
  C:1BCEH         LINE#         178
  C:1BF0H         LINE#         179
  C:1BF0H         LINE#         180
  C:1BFCH         LINE#         184
  C:1C09H         LINE#         185
  C:1C09H         LINE#         187
  C:1C09H         LINE#         188
  C:1C15H         LINE#         191
  C:1C24H         LINE#         192
  C:1C24H         LINE#         193
  -------         ENDPROC       _READPARAINEEPROM
  -------         PROC          SAVEPARATOBLOCK
  -------         DO            
  X:02B0H         SYMBOL        i
  X:02B1H         SYMBOL        buffer
  -------         ENDDO         
  C:26AAH         LINE#         199
  C:26AAH         LINE#         200
  C:26AAH         LINE#         203
  C:26C6H         LINE#         204
  C:26CEH         LINE#         205
  C:26D6H         LINE#         206
  C:26DEH         LINE#         207
  C:26E6H         LINE#         208
  C:26F3H         LINE#         209
  C:2702H         LINE#         210
  C:2702H         LINE#         212
  C:272FH         LINE#         213
  C:2737H         LINE#         214
  -------         ENDPROC       SAVEPARATOBLOCK
  -------         PROC          LOADPARAINEEPROM
  -------         DO            
  X:02BBH         SYMBOL        buffer
  -------         ENDDO         
  C:22C3H         LINE#         220
  C:22C3H         LINE#         221
  C:22C3H         LINE#         224
  C:22CDH         LINE#         225
  C:22D7H         LINE#         226
  C:22E1H         LINE#         227
  C:22EBH         LINE#         228
  C:22F5H         LINE#         230
  C:2302H         LINE#         231
  C:2302H         LINE#         232
BL51 BANKED LINKER/LOCATER V6.22                                                      07/18/2016  14:16:52  PAGE 11


  C:2305H         LINE#         233
  C:2305H         LINE#         234
  C:230EH         LINE#         235
  C:230EH         LINE#         236
  C:2310H         LINE#         237
  C:2310H         LINE#         238
  C:2319H         LINE#         239
  C:2319H         LINE#         240
  C:231CH         LINE#         241
  C:231CH         LINE#         242
  C:2325H         LINE#         243
  C:2325H         LINE#         244
  C:2327H         LINE#         245
  C:2327H         LINE#         246
  C:2330H         LINE#         247
  C:2330H         LINE#         248
  C:2332H         LINE#         249
  C:2332H         LINE#         251
  C:233FH         LINE#         252
  C:234CH         LINE#         253
  C:235AH         LINE#         255
  C:2362H         LINE#         256
  C:236AH         LINE#         257
  C:2372H         LINE#         258
  C:237AH         LINE#         259
  -------         ENDPROC       LOADPARAINEEPROM
  -------         ENDMOD        EEPROM

  -------         MODULE        KEY
  C:0000H         SYMBOL        _ICE_DUMMY_
  D:0080H         PUBLIC        P0
  D:0090H         PUBLIC        P1
  D:00A0H         PUBLIC        P2
  D:00B0H         PUBLIC        P3
  D:00C0H         PUBLIC        P4
  D:00C8H         PUBLIC        P5
  D:00A8H         PUBLIC        IE
  D:00B8H         PUBLIC        IP
  C:2DC5H         PUBLIC        Scan_Keyboard
  D:00D8H         PUBLIC        CCON
  C:3099H         PUBLIC        KeyProcessOK
  D:0098H         PUBLIC        SCON
  D:0088H         PUBLIC        TCON
  X:02C8H         PUBLIC        IsOkPressed
  X:02C9H         PUBLIC        keyStatus
  B:00A0H.0       PUBLIC        KEY_OK
  C:000EH         PUBLIC        Delay
  C:2B15H         PUBLIC        Process_Keyboard
  D:00D0H         PUBLIC        PSW
  X:02CAH         PUBLIC        keyLastDown
  -------         PROC          DELAY
  -------         DO            
  X:02D7H         SYMBOL        i
  -------         ENDDO         
  C:000EH         LINE#         14
  C:000EH         LINE#         15
  C:000EH         LINE#         18
BL51 BANKED LINKER/LOCATER V6.22                                                      07/18/2016  14:16:52  PAGE 12


  C:0013H         LINE#         19
  C:0013H         LINE#         20
  C:0016H         LINE#         21
  C:0022H         LINE#         22
  -------         ENDPROC       DELAY
  -------         PROC          SCAN_KEYBOARD
  C:2DC5H         LINE#         28
  C:2DC5H         LINE#         29
  C:2DC5H         LINE#         30
  C:2DCAH         LINE#         32
  C:2DCFH         LINE#         33
  C:2DCFH         LINE#         34
  C:2DD9H         LINE#         35
  C:2DD9H         LINE#         36
  C:2DDEH         LINE#         37
  C:2DDEH         LINE#         38
  C:2DDEH         LINE#         40
  C:2DE4H         LINE#         41
  C:2DE4H         LINE#         42
  C:2DE7H         LINE#         43
  C:2DE7H         LINE#         44
  C:2DEAH         LINE#         45
  C:2DEDH         LINE#         46
  C:2DEDH         LINE#         47
  C:2DF3H         LINE#         48
  C:2DF5H         LINE#         49
  C:2DF5H         LINE#         50
  C:2DF5H         LINE#         51
  C:2DF5H         LINE#         52
  -------         ENDPROC       SCAN_KEYBOARD
  -------         PROC          KEYPROCESSOK
  C:3099H         LINE#         58
  C:3099H         LINE#         59
  C:3099H         LINE#         60
  C:309FH         LINE#         61
  -------         ENDPROC       KEYPROCESSOK
  -------         PROC          PROCESS_KEYBOARD
  -------         DO            
  X:02C5H         SYMBOL        updata_num
  X:02C7H         SYMBOL        i
  -------         ENDDO         
  C:2B15H         LINE#         67
  C:2B15H         LINE#         68
  C:2B15H         LINE#         69
  C:2B1CH         LINE#         70
  C:2B1EH         LINE#         72
  C:2B24H         LINE#         73
  C:2B24H         LINE#         74
  C:2B2AH         LINE#         76
  C:2B2AH         LINE#         78
  C:2B31H         LINE#         79
  C:2B31H         LINE#         81
  C:2B49H         LINE#         82
  C:2B4CH         LINE#         83
  C:2B52H         LINE#         84
  C:2B57H         LINE#         85
  C:2B58H         LINE#         87
BL51 BANKED LINKER/LOCATER V6.22                                                      07/18/2016  14:16:52  PAGE 13


  C:2B58H         LINE#         88
  C:2B5FH         LINE#         89
  C:2B5FH         LINE#         90
  C:2B5FH         LINE#         91
  C:2B62H         LINE#         92
  C:2B62H         LINE#         93
  C:2B62H         LINE#         94
  C:2B62H         LINE#         95
  C:2B62H         LINE#         96
  C:2B62H         LINE#         97
  -------         ENDPROC       PROCESS_KEYBOARD
  -------         ENDMOD        KEY

  -------         MODULE        LED
  C:0000H         SYMBOL        _ICE_DUMMY_
  D:0080H         PUBLIC        P0
  D:0090H         PUBLIC        P1
  D:00A0H         PUBLIC        P2
  C:15D7H         PUBLIC        _GetLightTowerOnTime
  D:00B0H         PUBLIC        P3
  X:00D3H         PUBLIC        FnDefine
  D:00C0H         PUBLIC        P4
  D:00C8H         PUBLIC        P5
  X:00D4H         PUBLIC        FinishedLED
  C:1FCAH         PUBLIC        GetLedOnTime
  B:00C8H.5       PUBLIC        LED5
  C:0A3BH         PUBLIC        digital_led_disp
  D:00A8H         PUBLIC        IE
  B:0080H.6       PUBLIC        p_led_blue
  X:00D5H         PUBLIC        LED_TBL
  I:000DH         PUBLIC        bled
  D:00B8H         PUBLIC        IP
  X:0155H         PUBLIC        DispMode
  C:296FH         PUBLIC        led_Scan
  B:0080H.4       PUBLIC        p_led_red
  D:00D8H         PUBLIC        CCON
  C:2F2EH         PUBLIC        Display_Clear
  B:00A0H.7       PUBLIC        p_oe
  C:0E9EH         PUBLIC        CMD_LigheTower_flash
  C:2D19H         PUBLIC        led_blink
  C:2F4FH         PUBLIC        digital_led_dispaddr
  D:0098H         PUBLIC        SCON
  X:0156H         PUBLIC        LightTowerCtl
  D:0088H         PUBLIC        TCON
  I:0013H         PUBLIC        led
  B:0080H.2       PUBLIC        CNTRL1
  B:0080H.0       PUBLIC        CNTRL2
  B:0080H.1       PUBLIC        CNTRL3
  C:2EC7H         PUBLIC        led_SupplyPower
  B:0080H.3       PUBLIC        CNTRL4
  C:2F0DH         PUBLIC        _led_Show
  B:0090H.0       PUBLIC        CNTRL5
  B:0090H.1       PUBLIC        CNTRL6
  B:00A0H.5       PUBLIC        p_sh_clk
  C:28B2H         PUBLIC        _led_light_ctrl
  X:0180H         PUBLIC        baudrate
  C:30AEH         PUBLIC        led_off
BL51 BANKED LINKER/LOCATER V6.22                                                      07/18/2016  14:16:52  PAGE 14


  B:0090H.6       PUBLIC        digital_led1_port
  B:00B0H.4       PUBLIC        digital_led2_port
  B:00A0H.6       PUBLIC        p_st_clk
  B:0090H.4       PUBLIC        digital_led3_port
  X:0181H         PUBLIC        ucAddr
  X:0184H         PUBLIC        ucBaud
  X:0185H         PUBLIC        ucShift
  C:2850H         PUBLIC        CMD_led_flash
  X:0186H         PUBLIC        WtTime
  B:00C0H.4       PUBLIC        p_sdata
  C:1743H         PUBLIC        _GetLightTowerOffTime
  C:208AH         PUBLIC        GetLedOffTime
  X:0187H         PUBLIC        address
  B:00A0H.2       PUBLIC        LED_CNTRL1
  B:00B0H.6       PUBLIC        LED_CNTRL2
  B:00A0H.3       PUBLIC        LED_CNTRL3
  B:00B0H.7       PUBLIC        LED_CNTRL4
  B:00A0H.1       PUBLIC        LED_CNTRL5
  B:0090H.7       PUBLIC        LED_CNTRL6
  C:30ABH         PUBLIC        led_on
  C:3047H         PUBLIC        digital_led_cntrl_Init
  D:00D0H         PUBLIC        PSW
  B:0080H.5       PUBLIC        p_led_green
  -------         PROC          DIGITAL_LED_CNTRL_INIT
  C:3047H         LINE#         69
  C:3047H         LINE#         70
  C:3047H         LINE#         71
  C:3049H         LINE#         72
  C:304BH         LINE#         73
  C:304DH         LINE#         74
  C:304FH         LINE#         76
  C:3054H         LINE#         77
  -------         ENDPROC       DIGITAL_LED_CNTRL_INIT
  -------         PROC          LED_SUPPLYPOWER
  -------         DO            
  D:0007H         SYMBOL        led_pwr_no
  -------         ENDDO         
  C:2EC7H         LINE#         83
  C:2EC7H         LINE#         84
  C:2EC7H         LINE#         87
  C:2ECCH         LINE#         89
  C:2ECEH         LINE#         90
  C:2ECEH         LINE#         92
  C:2ED0H         LINE#         93
  C:2ED2H         LINE#         94
  C:2ED4H         LINE#         95
  C:2ED5H         LINE#         96
  C:2ED9H         LINE#         97
  C:2ED9H         LINE#         99
  C:2EDBH         LINE#         100
  C:2EDDH         LINE#         101
  C:2EDFH         LINE#         102
  C:2EE0H         LINE#         103
  C:2EE4H         LINE#         104
  C:2EE4H         LINE#         106
  C:2EE6H         LINE#         107
  C:2EE8H         LINE#         108
BL51 BANKED LINKER/LOCATER V6.22                                                      07/18/2016  14:16:52  PAGE 15


  C:2EEAH         LINE#         109
  C:2EEAH         LINE#         110
  -------         ENDPROC       LED_SUPPLYPOWER
  -------         PROC          _LED_SHOW
  D:0007H         SYMBOL        ucValue
  -------         DO            
  D:0006H         SYMBOL        i
  -------         ENDDO         
  C:2F0DH         LINE#         117
  C:2F0DH         LINE#         118
  C:2F0DH         LINE#         121
  C:2F0FH         LINE#         122
  C:2F11H         LINE#         123
  C:2F11H         LINE#         124
  C:2F15H         LINE#         125
  C:2F19H         LINE#         127
  C:2F1BH         LINE#         128
  C:2F1DH         LINE#         129
  C:2F1EH         LINE#         130
  C:2F20H         LINE#         131
  C:2F24H         LINE#         132
  C:2F29H         LINE#         134
  C:2F2BH         LINE#         135
  -------         ENDPROC       _LED_SHOW
  -------         PROC          LED_SCAN
  -------         DO            
  D:0005H         SYMBOL        ucValue
  -------         ENDDO         
  C:296FH         LINE#         145
  C:296FH         LINE#         146
  C:296FH         LINE#         149
  C:2975H         LINE#         150
  C:297AH         LINE#         153
  C:2989H         LINE#         154
  C:2989H         LINE#         155
  C:2995H         LINE#         156
  C:2995H         LINE#         157
  C:299DH         LINE#         158
  C:299DH         LINE#         159
  C:29B2H         LINE#         160
  C:29B4H         LINE#         162
  C:29B4H         LINE#         163
  C:29B6H         LINE#         164
  C:29B6H         LINE#         165
  C:29BBH         LINE#         167
  C:29C1H         LINE#         168
  C:29C7H         LINE#         169
  C:29C7H         LINE#         170
  C:29C9H         LINE#         171
  C:29C9H         LINE#         172
  -------         ENDPROC       LED_SCAN
  -------         PROC          GETLEDONTIME
  -------         DO            
  D:0004H         SYMBOL        unRet
  -------         ENDDO         
  C:1FCAH         LINE#         175
  C:1FCAH         LINE#         176
BL51 BANKED LINKER/LOCATER V6.22                                                      07/18/2016  14:16:52  PAGE 16


  C:1FCAH         LINE#         177
  C:1FD5H         LINE#         178
  C:2005H         LINE#         179
  C:2005H         LINE#         180
  C:2005H         LINE#         181
  C:2005H         LINE#         182
  C:2005H         LINE#         183
  C:200CH         LINE#         184
  C:200EH         LINE#         185
  C:200EH         LINE#         186
  C:201AH         LINE#         187
  C:201CH         LINE#         188
  C:201CH         LINE#         189
  C:2028H         LINE#         190
  C:202AH         LINE#         191
  C:202AH         LINE#         192
  C:2039H         LINE#         193
  C:203BH         LINE#         194
  C:203BH         LINE#         195
  C:2051H         LINE#         196
  C:2053H         LINE#         197
  C:2053H         LINE#         198
  C:2069H         LINE#         199
  C:206BH         LINE#         200
  C:206BH         LINE#         201
  C:2085H         LINE#         202
  C:2085H         LINE#         203
  C:2085H         LINE#         204
  C:2085H         LINE#         205
  C:2085H         LINE#         206
  C:2089H         LINE#         207
  -------         ENDPROC       GETLEDONTIME
  -------         PROC          GETLEDOFFTIME
  -------         DO            
  D:0004H         SYMBOL        unRet
  -------         ENDDO         
  C:208AH         LINE#         209
  C:208AH         LINE#         210
  C:208AH         LINE#         211
  C:2095H         LINE#         212
  C:20C5H         LINE#         213
  C:20C5H         LINE#         214
  C:20C5H         LINE#         215
  C:20C5H         LINE#         216
  C:20C5H         LINE#         217
  C:20CCH         LINE#         218
  C:20CEH         LINE#         219
  C:20CEH         LINE#         220
  C:20DAH         LINE#         221
  C:20DCH         LINE#         222
  C:20DCH         LINE#         223
  C:20E8H         LINE#         224
  C:20EAH         LINE#         225
  C:20EAH         LINE#         226
  C:20F9H         LINE#         227
  C:20FBH         LINE#         228
  C:20FBH         LINE#         229
BL51 BANKED LINKER/LOCATER V6.22                                                      07/18/2016  14:16:52  PAGE 17


  C:2111H         LINE#         230
  C:2113H         LINE#         231
  C:2113H         LINE#         232
  C:2129H         LINE#         233
  C:212BH         LINE#         234
  C:212BH         LINE#         235
  C:2145H         LINE#         236
  C:2145H         LINE#         237
  C:2145H         LINE#         238
  C:2145H         LINE#         239
  C:2145H         LINE#         240
  C:2149H         LINE#         241
  -------         ENDPROC       GETLEDOFFTIME
  -------         PROC          _GETLIGHTTOWERONTIME
  D:0006H         SYMBOL        LightTowIndex
  -------         DO            
  X:02D1H         SYMBOL        unRet
  -------         ENDDO         
  C:15D7H         LINE#         243
  C:15D7H         LINE#         244
  C:15D7H         LINE#         245
  C:15F7H         LINE#         246
  C:1637H         LINE#         247
  C:1637H         LINE#         248
  C:1637H         LINE#         249
  C:1637H         LINE#         250
  C:1637H         LINE#         251
  C:1641H         LINE#         252
  C:1644H         LINE#         253
  C:1644H         LINE#         254
  C:1667H         LINE#         255
  C:166AH         LINE#         256
  C:166AH         LINE#         257
  C:168DH         LINE#         258
  C:1690H         LINE#         259
  C:1690H         LINE#         260
  C:16B3H         LINE#         261
  C:16B6H         LINE#         262
  C:16B6H         LINE#         263
  C:16DEH         LINE#         264
  C:16E0H         LINE#         265
  C:16E0H         LINE#         266
  C:170AH         LINE#         267
  C:170CH         LINE#         268
  C:170CH         LINE#         269
  C:173AH         LINE#         270
  C:173AH         LINE#         271
  C:173AH         LINE#         272
  C:173AH         LINE#         273
  C:173AH         LINE#         274
  C:1742H         LINE#         275
  -------         ENDPROC       _GETLIGHTTOWERONTIME
  -------         PROC          _GETLIGHTTOWEROFFTIME
  D:0006H         SYMBOL        LightTowIndex
  -------         DO            
  X:02D3H         SYMBOL        unRet
  -------         ENDDO         
BL51 BANKED LINKER/LOCATER V6.22                                                      07/18/2016  14:16:52  PAGE 18


  C:1743H         LINE#         277
  C:1743H         LINE#         278
  C:1743H         LINE#         279
  C:1763H         LINE#         280
  C:17A3H         LINE#         281
  C:17A3H         LINE#         282
  C:17A3H         LINE#         283
  C:17A3H         LINE#         284
  C:17A3H         LINE#         285
  C:17ADH         LINE#         286
  C:17B0H         LINE#         287
  C:17B0H         LINE#         288
  C:17D3H         LINE#         289
  C:17D6H         LINE#         290
  C:17D6H         LINE#         291
  C:17F9H         LINE#         292
  C:17FCH         LINE#         293
  C:17FCH         LINE#         294
  C:181FH         LINE#         295
  C:1822H         LINE#         296
  C:1822H         LINE#         297
  C:184AH         LINE#         298
  C:184CH         LINE#         299
  C:184CH         LINE#         300
  C:1876H         LINE#         301
  C:1878H         LINE#         302
  C:1878H         LINE#         303
  C:18A6H         LINE#         304
  C:18A6H         LINE#         305
  C:18A6H         LINE#         306
  C:18A6H         LINE#         307
  C:18A6H         LINE#         308
  C:18AEH         LINE#         309
  -------         ENDPROC       _GETLIGHTTOWEROFFTIME
  -------         PROC          CMD_LED_FLASH
  C:2850H         LINE#         310
  C:2850H         LINE#         311
  C:2850H         LINE#         312
  C:2857H         LINE#         313
  C:2857H         LINE#         317
  C:285BH         LINE#         319
  C:285BH         LINE#         322
  C:2862H         LINE#         323
  C:2862H         LINE#         330
  C:2868H         LINE#         331
  C:2868H         LINE#         333
  C:2868H         LINE#         334
  C:286AH         LINE#         336
  C:286AH         LINE#         338
  C:2870H         LINE#         339
  C:2870H         LINE#         341
  C:287AH         LINE#         342
  C:287AH         LINE#         344
  C:2882H         LINE#         345
  C:2888H         LINE#         346
  C:288BH         LINE#         347
  C:288BH         LINE#         348
BL51 BANKED LINKER/LOCATER V6.22                                                      07/18/2016  14:16:52  PAGE 19


  C:288DH         LINE#         351
  C:288DH         LINE#         353
  C:2897H         LINE#         354
  C:2897H         LINE#         356
  C:289BH         LINE#         357
  C:28A0H         LINE#         358
  C:28ABH         LINE#         359
  C:28ABH         LINE#         360
  C:28ABH         LINE#         361
  C:28ABH         LINE#         362
  C:28ACH         LINE#         364
  C:28ACH         LINE#         368
  C:28B1H         LINE#         369
  C:28B1H         LINE#         370
  -------         ENDPROC       CMD_LED_FLASH
  -------         PROC          CMD_LIGHETOWER_FLASH
  C:0E9EH         LINE#         372
  C:0E9EH         LINE#         373
  C:0E9EH         LINE#         376
  C:0EA6H         LINE#         377
  C:0EA6H         LINE#         379
  C:0EACH         LINE#         380
  C:0EACH         LINE#         381
  C:0EAEH         LINE#         382
  C:0EB0H         LINE#         383
  C:0EB2H         LINE#         386
  C:0EB2H         LINE#         388
  C:0EB8H         LINE#         389
  C:0EB8H         LINE#         391
  C:0EC0H         LINE#         392
  C:0EC0H         LINE#         393
  C:0EC2H         LINE#         394
  C:0EC4H         LINE#         396
  C:0EC9H         LINE#         397
  C:0ECFH         LINE#         398
  C:0ECFH         LINE#         399
  C:0ED1H         LINE#         402
  C:0ED1H         LINE#         404
  C:0EDBH         LINE#         405
  C:0EDBH         LINE#         406
  C:0EDDH         LINE#         407
  C:0EDFH         LINE#         409
  C:0EE3H         LINE#         410
  C:0EF0H         LINE#         411
  C:0EF0H         LINE#         412
  C:0EF0H         LINE#         413
  C:0EF0H         LINE#         414
  C:0EF2H         LINE#         416
  C:0EF2H         LINE#         417
  C:0EF4H         LINE#         418
  C:0EF6H         LINE#         419
  C:0EF6H         LINE#         422
  C:0EFEH         LINE#         423
  C:0EFEH         LINE#         425
  C:0F04H         LINE#         426
  C:0F04H         LINE#         427
  C:0F06H         LINE#         428
BL51 BANKED LINKER/LOCATER V6.22                                                      07/18/2016  14:16:52  PAGE 20


  C:0F08H         LINE#         429
  C:0F0AH         LINE#         432
  C:0F0AH         LINE#         434
  C:0F10H         LINE#         435
  C:0F10H         LINE#         437
  C:0F18H         LINE#         438
  C:0F18H         LINE#         439
  C:0F1AH         LINE#         440
  C:0F1CH         LINE#         442
  C:0F21H         LINE#         443
  C:0F27H         LINE#         444
  C:0F27H         LINE#         445
  C:0F29H         LINE#         448
  C:0F29H         LINE#         450
  C:0F33H         LINE#         451
  C:0F33H         LINE#         452
  C:0F35H         LINE#         453
  C:0F37H         LINE#         455
  C:0F3BH         LINE#         456
  C:0F49H         LINE#         457
  C:0F49H         LINE#         458
  C:0F49H         LINE#         459
  C:0F49H         LINE#         460
  C:0F4BH         LINE#         462
  C:0F4BH         LINE#         463
  C:0F4DH         LINE#         464
  C:0F4FH         LINE#         465
  C:0F4FH         LINE#         468
  C:0F57H         LINE#         469
  C:0F57H         LINE#         471
  C:0F5DH         LINE#         472
  C:0F5DH         LINE#         473
  C:0F5FH         LINE#         474
  C:0F61H         LINE#         475
  C:0F63H         LINE#         478
  C:0F63H         LINE#         480
  C:0F69H         LINE#         481
  C:0F69H         LINE#         483
  C:0F71H         LINE#         484
  C:0F71H         LINE#         485
  C:0F73H         LINE#         486
  C:0F75H         LINE#         488
  C:0F7AH         LINE#         489
  C:0F81H         LINE#         490
  C:0F81H         LINE#         491
  C:0F83H         LINE#         494
  C:0F83H         LINE#         496
  C:0F8DH         LINE#         497
  C:0F8DH         LINE#         498
  C:0F8FH         LINE#         499
  C:0F91H         LINE#         501
  C:0F95H         LINE#         502
  C:0FA3H         LINE#         503
  C:0FA3H         LINE#         504
  C:0FA3H         LINE#         505
  C:0FA3H         LINE#         506
  C:0FA5H         LINE#         508
BL51 BANKED LINKER/LOCATER V6.22                                                      07/18/2016  14:16:52  PAGE 21


  C:0FA5H         LINE#         509
  C:0FA7H         LINE#         510
  C:0FA9H         LINE#         511
  C:0FA9H         LINE#         514
  C:0FB1H         LINE#         515
  C:0FB1H         LINE#         517
  C:0FB7H         LINE#         518
  C:0FB7H         LINE#         519
  C:0FB9H         LINE#         520
  C:0FBBH         LINE#         521
  C:0FBDH         LINE#         524
  C:0FBDH         LINE#         526
  C:0FC3H         LINE#         527
  C:0FC3H         LINE#         529
  C:0FCBH         LINE#         530
  C:0FCBH         LINE#         531
  C:0FCDH         LINE#         532
  C:0FCFH         LINE#         534
  C:0FD4H         LINE#         535
  C:0FDBH         LINE#         536
  C:0FDBH         LINE#         537
  C:0FDDH         LINE#         540
  C:0FDDH         LINE#         542
  C:0FE7H         LINE#         543
  C:0FE7H         LINE#         544
  C:0FE9H         LINE#         545
  C:0FEBH         LINE#         547
  C:0FEFH         LINE#         548
  C:0FFDH         LINE#         549
  C:0FFDH         LINE#         550
  C:0FFDH         LINE#         551
  C:0FFDH         LINE#         552
  C:0FFFH         LINE#         554
  C:0FFFH         LINE#         555
  C:1001H         LINE#         556
  C:1003H         LINE#         557
  C:1003H         LINE#         560
  C:100BH         LINE#         561
  C:100BH         LINE#         563
  C:1011H         LINE#         564
  C:1011H         LINE#         565
  C:1013H         LINE#         566
  C:1015H         LINE#         567
  C:1017H         LINE#         570
  C:1017H         LINE#         572
  C:101DH         LINE#         573
  C:101DH         LINE#         575
  C:1025H         LINE#         576
  C:1025H         LINE#         577
  C:1027H         LINE#         578
  C:1029H         LINE#         580
  C:102EH         LINE#         581
  C:1035H         LINE#         582
  C:1035H         LINE#         583
  C:1037H         LINE#         586
  C:1037H         LINE#         588
  C:1041H         LINE#         589
BL51 BANKED LINKER/LOCATER V6.22                                                      07/18/2016  14:16:52  PAGE 22


  C:1041H         LINE#         590
  C:1043H         LINE#         591
  C:1045H         LINE#         593
  C:1049H         LINE#         594
  C:1057H         LINE#         595
  C:1057H         LINE#         596
  C:1057H         LINE#         597
  C:1057H         LINE#         598
  C:1059H         LINE#         600
  C:1059H         LINE#         601
  C:105BH         LINE#         602
  C:105DH         LINE#         603
  C:105DH         LINE#         606
  C:1065H         LINE#         607
  C:1065H         LINE#         609
  C:106BH         LINE#         610
  C:106BH         LINE#         611
  C:106DH         LINE#         612
  C:106FH         LINE#         613
  C:1070H         LINE#         616
  C:1070H         LINE#         618
  C:1076H         LINE#         619
  C:1076H         LINE#         621
  C:107EH         LINE#         622
  C:107EH         LINE#         623
  C:1080H         LINE#         624
  C:1082H         LINE#         626
  C:1087H         LINE#         627
  C:108EH         LINE#         628
  C:108EH         LINE#         629
  C:1090H         LINE#         632
  C:1090H         LINE#         634
  C:109AH         LINE#         635
  C:109AH         LINE#         636
  C:109CH         LINE#         637
  C:109EH         LINE#         639
  C:10A2H         LINE#         640
  C:10B0H         LINE#         641
  C:10B0H         LINE#         642
  C:10B0H         LINE#         643
  C:10B0H         LINE#         644
  C:10B1H         LINE#         646
  C:10B1H         LINE#         647
  C:10B3H         LINE#         648
  C:10B5H         LINE#         649
  C:10B5H         LINE#         650
  -------         ENDPROC       CMD_LIGHETOWER_FLASH
  -------         PROC          _LED_LIGHT_CTRL
  D:0007H         SYMBOL        ucValue
  C:28B2H         LINE#         691
  C:28B2H         LINE#         692
  C:28B2H         LINE#         693
  C:28DCH         LINE#         694
  C:28DCH         LINE#         695
  C:28E3H         LINE#         696
  C:28EAH         LINE#         697
  C:28F1H         LINE#         699
BL51 BANKED LINKER/LOCATER V6.22                                                      07/18/2016  14:16:52  PAGE 23


  C:28F8H         LINE#         700
  C:28FFH         LINE#         701
  C:2903H         LINE#         702
  C:290AH         LINE#         703
  C:2910H         LINE#         704
  C:2910H         LINE#         705
  -------         ENDPROC       _LED_LIGHT_CTRL
  -------         PROC          DISPLAY_CLEAR
  -------         DO            
  D:0007H         SYMBOL        i
  -------         ENDDO         
  C:2F2EH         LINE#         709
  C:2F2EH         LINE#         710
  C:2F2EH         LINE#         713
  C:2F33H         LINE#         714
  C:2F34H         LINE#         715
  C:2F34H         LINE#         716
  C:2F3CH         LINE#         717
  C:2F44H         LINE#         718
  C:2F49H         LINE#         720
  C:2F4EH         LINE#         722
  -------         ENDPROC       DISPLAY_CLEAR
  -------         PROC          DIGITAL_LED_DISP
  -------         DO            
  D:0006H         SYMBOL        i
  D:0004H         SYMBOL        j
  -------         ENDDO         
  C:0A3BH         LINE#         731
  C:0A3BH         LINE#         732
  C:0A3BH         LINE#         733
  C:0A40H         LINE#         735
  C:0A40H         LINE#         736
  C:0A40H         LINE#         737
  C:0A48H         LINE#         738
  C:0A53H         LINE#         740
  C:0A5EH         LINE#         741
  C:0A5EH         LINE#         742
  C:0A61H         LINE#         743
  C:0A81H         LINE#         744
  C:0A81H         LINE#         745
  C:0AA1H         LINE#         746
  C:0AA1H         LINE#         747
  C:0AAEH         LINE#         748
  C:0AAEH         LINE#         749
  C:0AB0H         LINE#         750
  C:0AD0H         LINE#         751
  C:0AD0H         LINE#         752
  C:0ADDH         LINE#         753
  C:0ADDH         LINE#         754
  C:0ADFH         LINE#         755
  C:0AFFH         LINE#         756
  C:0AFFH         LINE#         757
  C:0B17H         LINE#         758
  C:0B18H         LINE#         759
  C:0B1AH         LINE#         760
  C:0B28H         LINE#         761
  C:0B28H         LINE#         762
BL51 BANKED LINKER/LOCATER V6.22                                                      07/18/2016  14:16:52  PAGE 24


  C:0B32H         LINE#         763
  C:0B3AH         LINE#         764
  C:0B3AH         LINE#         765
  C:0B58H         LINE#         766
  C:0B5DH         LINE#         767
  C:0B65H         LINE#         768
  C:0B65H         LINE#         770
  C:0B71H         LINE#         771
  C:0B71H         LINE#         772
  C:0B75H         LINE#         773
  C:0B92H         LINE#         774
  C:0B92H         LINE#         775
  C:0BB2H         LINE#         776
  C:0BB2H         LINE#         777
  C:0BBFH         LINE#         778
  C:0BBFH         LINE#         779
  C:0BC1H         LINE#         780
  C:0BE1H         LINE#         781
  C:0BE1H         LINE#         782
  C:0BEEH         LINE#         783
  C:0BEEH         LINE#         784
  C:0BF0H         LINE#         785
  C:0C10H         LINE#         786
  C:0C10H         LINE#         787
  C:0C28H         LINE#         788
  C:0C29H         LINE#         789
  C:0C2BH         LINE#         790
  C:0C39H         LINE#         791
  C:0C39H         LINE#         792
  C:0C43H         LINE#         793
  C:0C4BH         LINE#         794
  C:0C4BH         LINE#         795
  C:0C69H         LINE#         796
  C:0C6EH         LINE#         797
  C:0C76H         LINE#         798
  C:0C76H         LINE#         799
  -------         ENDPROC       DIGITAL_LED_DISP
  -------         PROC          DIGITAL_LED_DISPADDR
  C:2F4FH         LINE#         805
  C:2F4FH         LINE#         806
  C:2F4FH         LINE#         808
  C:2F56H         LINE#         809
  C:2F5BH         LINE#         810
  C:2F60H         LINE#         812
  C:2F64H         LINE#         813
  C:2F68H         LINE#         814
  C:2F6CH         LINE#         815
  -------         ENDPROC       DIGITAL_LED_DISPADDR
  -------         PROC          LED_ON
  C:30ABH         LINE#         816
  C:30ABH         LINE#         817
  C:30ABH         LINE#         820
  C:30ADH         LINE#         821
  -------         ENDPROC       LED_ON
  -------         PROC          LED_OFF
  C:30AEH         LINE#         828
  C:30AEH         LINE#         829
BL51 BANKED LINKER/LOCATER V6.22                                                      07/18/2016  14:16:52  PAGE 25


  C:30AEH         LINE#         832
  C:30B0H         LINE#         833
  -------         ENDPROC       LED_OFF
  -------         PROC          LED_BLINK
  C:2D19H         LINE#         840
  C:2D19H         LINE#         841
  C:2D19H         LINE#         842
  C:2D1CH         LINE#         843
  C:2D23H         LINE#         844
  C:2D26H         LINE#         845
  C:2D2DH         LINE#         846
  C:2D30H         LINE#         847
  C:2D37H         LINE#         848
  C:2D3AH         LINE#         849
  C:2D41H         LINE#         850
  C:2D44H         LINE#         851
  C:2D4BH         LINE#         852
  C:2D4EH         LINE#         853
  -------         ENDPROC       LED_BLINK
  -------         ENDMOD        LED

  -------         MODULE        MAIN
  C:0000H         SYMBOL        _ICE_DUMMY_
  D:0080H         PUBLIC        P0
  D:0090H         PUBLIC        P1
  C:257EH         PUBLIC        timer0_int
  D:00A0H         PUBLIC        P2
  D:00B0H         PUBLIC        P3
  D:00C0H         PUBLIC        P4
  D:00C8H         PUBLIC        P5
  X:018AH         PUBLIC        timerc
  B:00B0H.3       PUBLIC        LED4
  D:00A8H         PUBLIC        IE
  X:018CH         PUBLIC        led_flash_period
  X:018EH         PUBLIC        led_flash_NO_BK
  X:018FH         PUBLIC        task_finished_num
  D:00B8H         PUBLIC        IP
  D:00D8H         PUBLIC        CCON
  X:0190H         PUBLIC        led_flash_NO
  C:2E78H         PUBLIC        main
  X:0191H         PUBLIC        beSettingAddr
  X:0192H         PUBLIC        digital_led_loading_static
  X:0194H         PUBLIC        led_flash_mode
  X:0195H         PUBLIC        led_flash_status
  X:0196H         PUBLIC        task_unfinish_num
  X:0197H         PUBLIC        task_unupdate_num
  D:0098H         PUBLIC        SCON
  D:0088H         PUBLIC        TCON
  X:0198H         PUBLIC        digital_led_loading
  X:0199H         PUBLIC        led_static_warn
  X:019AH         PUBLIC        con_flag
  D:008CH         PUBLIC        TH0
  X:019BH         PUBLIC        DispInfoCur
  X:01B0H         PUBLIC        digital_led_refresh
  X:01B1H         PUBLIC        toSettedAddr
  D:008AH         PUBLIC        TL0
  C:2FA0H         PUBLIC        rc_data
BL51 BANKED LINKER/LOCATER V6.22                                                      07/18/2016  14:16:52  PAGE 26


  X:01B4H         PUBLIC        task_ed_goods_numH
  X:01B6H         PUBLIC        task_ed_goods_numL
  X:01B8H         PUBLIC        SystemLocked
  X:01B9H         PUBLIC        sys
  X:01BCH         PUBLIC        task_finished_NO
  C:2FB0H         PUBLIC        DefaultKey
  X:01BEH         PUBLIC        task_un_goods_numH
  X:01C0H         PUBLIC        task_un_goods_numL
  X:01C2H         PUBLIC        g_ucTempbuf
  D:00D0H         PUBLIC        PSW
  X:01D6H         PUBLIC        task_unfinish_NO
  -------         PROC          MAIN
  C:2E78H         LINE#         69
  C:2E78H         LINE#         70
  C:2E78H         LINE#         131
  C:2E7BH         LINE#         132
  C:2E7EH         LINE#         133
  C:2E81H         LINE#         134
  C:2E84H         LINE#         135
  C:2E87H         LINE#         136
  C:2E87H         LINE#         137
  C:2E87H         LINE#         138
  C:2E9EH         LINE#         192
  -------         ENDPROC       MAIN
  -------         PROC          TIMER0_INT
  C:257EH         LINE#         200
  C:259BH         LINE#         202
  C:259EH         LINE#         203
  C:25A1H         LINE#         210
  C:25AFH         LINE#         211
  C:25BEH         LINE#         212
  C:25BEH         LINE#         213
  C:25C0H         LINE#         215
  C:25C2H         LINE#         217
  C:25C4H         LINE#         218
  C:25D3H         LINE#         219
  C:25D7H         LINE#         221
  C:25E6H         LINE#         222
  C:25E6H         LINE#         223
  C:25F2H         LINE#         224
  C:25F5H         LINE#         225
  C:25F7H         LINE#         227
  C:25F7H         LINE#         228
  C:25FAH         LINE#         229
  C:25FAH         LINE#         262
  -------         ENDPROC       TIMER0_INT
  -------         ENDMOD        MAIN

  -------         MODULE        PROCESS
  C:0000H         SYMBOL        _ICE_DUMMY_
  D:0080H         PUBLIC        P0
  D:0090H         PUBLIC        P1
  D:00A0H         PUBLIC        P2
  D:00B0H         PUBLIC        P3
  C:2FE0H         PUBLIC        ResetAddr
  D:00C0H         PUBLIC        P4
  C:3037H         PUBLIC        ACK_Single_Write
BL51 BANKED LINKER/LOCATER V6.22                                                      07/18/2016  14:16:52  PAGE 27


  D:00C8H         PUBLIC        P5
  D:00A8H         PUBLIC        IE
  C:0046H         PUBLIC        DiscodeProtocalV1
  D:00B8H         PUBLIC        IP
  C:1E20H         PUBLIC        ACK_Multi_Read
  D:00D8H         PUBLIC        CCON
  C:2A1EH         PUBLIC        ACK_Multi_Write
  D:0098H         PUBLIC        SCON
  D:0088H         PUBLIC        TCON
  C:2BFEH         PUBLIC        ACK_Multi_ReadTestAddr
  B:00C0H.1       PUBLIC        LED_RXD485
  B:00C0H.6       PUBLIC        LED_TXD485
  C:2FCCH         PUBLIC        Cmd_Process
  D:00D0H         PUBLIC        PSW
  -------         PROC          ACK_MULTI_READ
  -------         DO            
  D:0007H         SYMBOL        tIndex
  D:0006H         SYMBOL        addr
  D:0006H         SYMBOL        usCRC
  -------         ENDDO         
  C:1E20H         LINE#         10
  C:1E20H         LINE#         11
  C:1E20H         LINE#         12
  C:1E22H         LINE#         16
  C:1E3BH         LINE#         18
  C:1E3FH         LINE#         19
  C:1E43H         LINE#         21
  C:1E4FH         LINE#         22
  C:1E4FH         LINE#         23
  C:1E4FH         LINE#         24
  C:1E4FH         LINE#         25
  C:1E55H         LINE#         26
  C:1E5BH         LINE#         27
  C:1E63H         LINE#         29
  C:1E68H         LINE#         30
  C:1E6EH         LINE#         31
  C:1E70H         LINE#         32
  C:1E70H         LINE#         33
  C:1E70H         LINE#         34
  C:1E70H         LINE#         35
  C:1E78H         LINE#         36
  C:1E78H         LINE#         37
  C:1E80H         LINE#         38
  C:1E8CH         LINE#         39
  C:1EA7H         LINE#         40
  C:1EB1H         LINE#         41
  C:1EB3H         LINE#         43
  C:1EB3H         LINE#         44
  C:1EB8H         LINE#         45
  C:1EBEH         LINE#         46
  C:1EBEH         LINE#         47
  C:1EBEH         LINE#         48
  C:1EBEH         LINE#         49
  C:1EBEH         LINE#         50
  C:1EBEH         LINE#         51
  C:1EBEH         LINE#         52
  C:1EBEH         LINE#         53
BL51 BANKED LINKER/LOCATER V6.22                                                      07/18/2016  14:16:52  PAGE 28


  C:1EBEH         LINE#         54
  C:1ECEH         LINE#         55
  C:1EDDH         LINE#         56
  C:1EEEH         LINE#         57
  C:1EF5H         LINE#         59
  -------         ENDPROC       ACK_MULTI_READ
  -------         PROC          ACK_MULTI_READTESTADDR
  -------         DO            
  D:0007H         SYMBOL        addr
  D:0006H         SYMBOL        usCRC
  -------         ENDDO         
  C:2BFEH         LINE#         61
  C:2BFEH         LINE#         62
  C:2BFEH         LINE#         66
  C:2C17H         LINE#         68
  C:2C1BH         LINE#         69
  C:2C1FH         LINE#         70
  C:2C22H         LINE#         71
  C:2C2EH         LINE#         72
  C:2C33H         LINE#         73
  C:2C36H         LINE#         74
  C:2C3CH         LINE#         75
  -------         ENDPROC       ACK_MULTI_READTESTADDR
  -------         PROC          ACK_SINGLE_WRITE
  C:3037H         LINE#         82
  C:3037H         LINE#         83
  C:3037H         LINE#         84
  -------         ENDPROC       ACK_SINGLE_WRITE
  -------         PROC          ACK_MULTI_WRITE
  -------         DO            
  D:0007H         SYMBOL        addr
  D:0006H         SYMBOL        usCRC
  -------         ENDDO         
  C:2A1EH         LINE#         91
  C:2A1EH         LINE#         92
  C:2A1EH         LINE#         93
  C:2A37H         LINE#         96
  C:2A3BH         LINE#         97
  C:2A3FH         LINE#         98
  C:2A42H         LINE#         99
  C:2A44H         LINE#         100
  C:2A46H         LINE#         101
  C:2A4AH         LINE#         103
  C:2A57H         LINE#         105
  C:2A5CH         LINE#         106
  C:2A5FH         LINE#         108
  C:2A65H         LINE#         109
  -------         ENDPROC       ACK_MULTI_WRITE
  -------         PROC          RESETADDR
  C:2FE0H         LINE#         115
  C:2FE0H         LINE#         116
  C:2FE0H         LINE#         118
  C:2FE3H         LINE#         119
  C:2FE8H         LINE#         121
  C:2FF0H         LINE#         122
  -------         ENDPROC       RESETADDR
  -------         PROC          DISCODEPROTOCALV1
BL51 BANKED LINKER/LOCATER V6.22                                                      07/18/2016  14:16:52  PAGE 29


  -------         DO            
  X:028BH         SYMBOL        addr
  X:028CH         SYMBOL        usCRC
  X:028EH         SYMBOL        retCRC
  X:0290H         SYMBOL        lightTowerIndex
  X:0291H         SYMBOL        tempValue
  X:0292H         SYMBOL        index
  X:0293H         SYMBOL        i
  X:0294H         SYMBOL        usValue
  -------         ENDDO         
  C:0046H         LINE#         148
  C:0046H         LINE#         149
  C:0046H         LINE#         150
  C:0062H         LINE#         152
  C:0067H         LINE#         153
  C:0069H         LINE#         154
  C:006DH         LINE#         155
  C:0071H         LINE#         157
  C:008EH         LINE#         158
  C:008EH         LINE#         159
  C:0090H         LINE#         160
  C:0092H         LINE#         162
  C:00ABH         LINE#         163
  C:00B2H         LINE#         168
  C:00C9H         LINE#         169
  C:00E5H         LINE#         170
  C:00F7H         LINE#         171
  C:00F7H         LINE#         173
  C:00FDH         LINE#         174
  C:00FDH         LINE#         175
  C:0100H         LINE#         176
  C:0103H         LINE#         178
  C:010BH         LINE#         179
  C:010BH         LINE#         180
  C:0116H         LINE#         181
  C:0116H         LINE#         182
  C:0119H         LINE#         183
  C:0125H         LINE#         184
  C:0137H         LINE#         185
  C:0145H         LINE#         187
  C:014AH         LINE#         188
  C:0150H         LINE#         189
  C:0155H         LINE#         190
  C:0155H         LINE#         191
  C:0158H         LINE#         194
  C:0163H         LINE#         195
  C:0163H         LINE#         196
  C:0176H         LINE#         197
  C:0181H         LINE#         198
  C:0181H         LINE#         199
  C:018EH         LINE#         200
  C:0190H         LINE#         201
  C:0196H         LINE#         202
  C:0196H         LINE#         203
  C:01A1H         LINE#         204
  C:01A3H         LINE#         205
  C:01B1H         LINE#         206
BL51 BANKED LINKER/LOCATER V6.22                                                      07/18/2016  14:16:52  PAGE 30


  C:01B1H         LINE#         207
  C:01BCH         LINE#         208
  C:01BEH         LINE#         209
  C:01C4H         LINE#         210
  C:01C4H         LINE#         211
  C:01CFH         LINE#         212
  C:01D1H         LINE#         213
  C:01DDH         LINE#         214
  C:01DDH         LINE#         215
  C:01ECH         LINE#         216
  C:01EEH         LINE#         218
  C:01EEH         LINE#         219
  C:0211H         LINE#         220
  C:022DH         LINE#         221
  C:0240H         LINE#         222
  C:0240H         LINE#         223
  C:024CH         LINE#         226
  C:0251H         LINE#         227
  C:0258H         LINE#         228
  C:025DH         LINE#         230
  C:026EH         LINE#         231
  C:026EH         LINE#         232
  C:027FH         LINE#         234
  C:0294H         LINE#         236
  C:02A5H         LINE#         238
  C:02B5H         LINE#         239
  C:02C7H         LINE#         240
  C:02CFH         LINE#         241
  C:02CFH         LINE#         243
  C:02D6H         LINE#         244
  C:02D6H         LINE#         245
  C:02D9H         LINE#         246
  C:02DEH         LINE#         247
  C:02E1H         LINE#         250
  C:02E9H         LINE#         251
  C:02E9H         LINE#         253
  C:02F8H         LINE#         254
  C:0304H         LINE#         256
  C:0309H         LINE#         257
  C:030EH         LINE#         258
  C:0316H         LINE#         259
  C:031BH         LINE#         260
  C:031DH         LINE#         261
  C:031DH         LINE#         262
  C:0320H         LINE#         264
  C:0328H         LINE#         265
  C:0328H         LINE#         267
  C:0337H         LINE#         268
  C:0343H         LINE#         270
  C:0348H         LINE#         271
  C:034EH         LINE#         272
  C:0351H         LINE#         273
  C:0351H         LINE#         274
  C:0353H         LINE#         276
  C:035BH         LINE#         277
  C:035BH         LINE#         279
  C:036AH         LINE#         280
BL51 BANKED LINKER/LOCATER V6.22                                                      07/18/2016  14:16:52  PAGE 31


  C:0376H         LINE#         282
  C:037BH         LINE#         283
  C:0381H         LINE#         284
  C:0383H         LINE#         285
  C:0383H         LINE#         286
  C:0385H         LINE#         288
  C:038DH         LINE#         289
  C:038DH         LINE#         291
  C:039CH         LINE#         292
  C:03A8H         LINE#         294
  C:03ADH         LINE#         295
  C:03B3H         LINE#         296
  C:03B5H         LINE#         297
  C:03B8H         LINE#         298
  C:03B8H         LINE#         299
  C:03B8H         LINE#         300
  C:03B8H         LINE#         301
  C:03B8H         LINE#         302
  C:03BBH         LINE#         304
  C:03CAH         LINE#         305
  C:03CAH         LINE#         306
  C:03CCH         LINE#         307
  C:03CEH         LINE#         309
  C:03EAH         LINE#         310
  C:0401H         LINE#         311
  C:041DH         LINE#         313
  C:042FH         LINE#         314
  C:042FH         LINE#         315
  C:0445H         LINE#         316
  C:0445H         LINE#         317
  C:0445H         LINE#         318
  C:0445H         LINE#         319
  C:0450H         LINE#         320
  C:0450H         LINE#         321
  C:0453H         LINE#         322
  C:0456H         LINE#         323
  C:0461H         LINE#         324
  C:0461H         LINE#         325
  C:0461H         LINE#         326
  C:0463H         LINE#         327
  C:0475H         LINE#         328
  C:0475H         LINE#         329
  C:0478H         LINE#         330
  C:0478H         LINE#         331
  C:047BH         LINE#         332
  C:047BH         LINE#         333
  C:047BH         LINE#         334
  C:047BH         LINE#         335
  C:0486H         LINE#         336
  C:0486H         LINE#         337
  C:0489H         LINE#         339
  C:048FH         LINE#         340
  C:048FH         LINE#         341
  C:0492H         LINE#         342
  C:0494H         LINE#         344
  C:04A0H         LINE#         345
  C:04A0H         LINE#         346
BL51 BANKED LINKER/LOCATER V6.22                                                      07/18/2016  14:16:52  PAGE 32


  C:04A3H         LINE#         347
  C:04A5H         LINE#         349
  C:04ACH         LINE#         350
  C:04ACH         LINE#         351
  C:04B1H         LINE#         352
  C:04B5H         LINE#         353
  C:04BAH         LINE#         354
  C:04BCH         LINE#         356
  C:04C3H         LINE#         357
  C:04C3H         LINE#         358
  C:04C8H         LINE#         359
  C:04C8H         LINE#         361
  C:04CFH         LINE#         362
  C:04CFH         LINE#         363
  C:04D5H         LINE#         364
  C:04D5H         LINE#         365
  C:04D9H         LINE#         366
  C:04DCH         LINE#         367
  C:04E7H         LINE#         368
  C:04E7H         LINE#         369
  C:04ECH         LINE#         370
  C:04ECH         LINE#         371
  C:04EFH         LINE#         372
  C:0504H         LINE#         373
  C:0504H         LINE#         374
  C:050BH         LINE#         375
  C:0517H         LINE#         377
  C:0534H         LINE#         379
  C:054AH         LINE#         380
  C:054AH         LINE#         381
  C:0560H         LINE#         382
  C:0576H         LINE#         383
  C:058DH         LINE#         384
  C:05A2H         LINE#         385
  C:05A2H         LINE#         387
  C:05BDH         LINE#         389
  C:05CDH         LINE#         390
  C:05DFH         LINE#         391
  C:05DFH         LINE#         392
  C:05DFH         LINE#         393
  C:05E2H         LINE#         394
  C:05E2H         LINE#         395
  C:05E2H         LINE#         396
  C:05E2H         LINE#         397
  C:05FCH         LINE#         398
  C:05FCH         LINE#         399
  C:05FFH         LINE#         404
  C:060BH         LINE#         406
  C:0621H         LINE#         407
  C:0621H         LINE#         408
  C:062CH         LINE#         409
  C:0637H         LINE#         410
  C:0643H         LINE#         411
  C:0643H         LINE#         412
  C:064DH         LINE#         413
  C:064DH         LINE#         415
  C:0657H         LINE#         417
BL51 BANKED LINKER/LOCATER V6.22                                                      07/18/2016  14:16:52  PAGE 33


  C:065CH         LINE#         418
  C:0662H         LINE#         420
  C:066AH         LINE#         421
  C:067DH         LINE#         422
  C:069DH         LINE#         423
  C:06A3H         LINE#         424
  C:06A3H         LINE#         425
  C:06A3H         LINE#         426
  C:06A3H         LINE#         427
  C:06A3H         LINE#         428
  C:06A3H         LINE#         429
  C:06A3H         LINE#         430
  C:06A3H         LINE#         431
  C:06A3H         LINE#         432
  C:06A3H         LINE#         433
  C:06A5H         LINE#         434
  C:06A7H         LINE#         435
  C:06A7H         LINE#         436
  C:06B6H         LINE#         437
  C:06B6H         LINE#         438
  C:06C2H         LINE#         439
  C:06CAH         LINE#         440
  C:06CFH         LINE#         441
  C:06D3H         LINE#         443
  C:06D5H         LINE#         444
  -------         ENDPROC       DISCODEPROTOCALV1
  -------         PROC          CMD_PROCESS
  -------         DO            
  X:02D5H         SYMBOL        lightTowerIndex
  X:02D6H         SYMBOL        tempDiscodeValue
  -------         ENDDO         
  C:2FCCH         LINE#         460
  C:2FCCH         LINE#         461
  C:2FCCH         LINE#         463
  C:2FD1H         LINE#         464
  C:2FD3H         LINE#         465
  C:2FDCH         LINE#         470
  C:2FDFH         LINE#         471
  -------         ENDPROC       CMD_PROCESS
  -------         ENDMOD        PROCESS

  -------         MODULE        UART
  C:0000H         SYMBOL        _ICE_DUMMY_
  D:0080H         PUBLIC        P0
  D:0090H         PUBLIC        P1
  D:00A0H         PUBLIC        P2
  C:2DF6H         PUBLIC        InitT232
  D:00B0H         PUBLIC        P3
  C:3090H         PUBLIC        SCON485_int
  D:00C0H         PUBLIC        P4
  D:00C8H         PUBLIC        P5
  B:00A8H.7       PUBLIC        EA
  C:0026H         PUBLIC        InitT485
  D:00A8H         PUBLIC        IE
  B:00A8H.4       PUBLIC        ES
  D:00B8H         PUBLIC        IP
  B:0098H.0       PUBLIC        RI
BL51 BANKED LINKER/LOCATER V6.22                                                      07/18/2016  14:16:52  PAGE 34


  B:0098H.1       PUBLIC        TI
  D:00D8H         PUBLIC        CCON
  C:2C49H         PUBLIC        _Send485SerialByte
  D:0099H         PUBLIC        SBUF
  D:0087H         PUBLIC        PCON
  D:0098H         PUBLIC        SCON
  D:0089H         PUBLIC        TMOD
  D:0088H         PUBLIC        TCON
  X:0000H         PUBLIC        uart
  D:00AFH         PUBLIC        IE2
  D:008EH         PUBLIC        AUXR
  B:0021H.1       PUBLIC        busy
  C:0003H         PUBLIC        _Usart1_SendByte
  D:00E0H         PUBLIC        ACC
  B:00A8H.3       PUBLIC        ET1
  C:3016H         PUBLIC        UART232_Init
  D:008DH         PUBLIC        TH1
  B:0098H.3       PUBLIC        TB8
  B:00D0H.0       PUBLIC        P
  X:0069H         PUBLIC        InTemp
  D:008BH         PUBLIC        TL1
  C:3005H         PUBLIC        UART485_Init
  X:006AH         PUBLIC        uart232
  B:0088H.6       PUBLIC        TR1
  D:009BH         PUBLIC        S2BUF
  D:009AH         PUBLIC        S2CON
  D:009CH         PUBLIC        BRT
  C:2911H         PUBLIC        SCON232_int
  D:00D0H         PUBLIC        PSW
  -------         PROC          INITT485
  C:0026H         LINE#         25
  C:0026H         LINE#         26
  C:0026H         LINE#         27
  C:0029H         LINE#         28
  C:002CH         LINE#         29
  C:002FH         LINE#         30
  C:0032H         LINE#         31
  C:0035H         LINE#         32
  C:0038H         LINE#         33
  C:003AH         LINE#         34
  C:003CH         LINE#         51
  C:003EH         LINE#         52
  C:0040H         LINE#         54
  -------         ENDPROC       INITT485
  -------         PROC          UART485_INIT
  C:3005H         LINE#         64
  C:3005H         LINE#         65
  C:3005H         LINE#         66
  C:3008H         LINE#         67
  C:300DH         LINE#         68
  C:3011H         LINE#         69
  C:3015H         LINE#         70
  -------         ENDPROC       UART485_INIT
  -------         PROC          SCON485_INT
  C:3090H         LINE#         75
  C:3090H         LINE#         77
  C:3093H         LINE#         78
BL51 BANKED LINKER/LOCATER V6.22                                                      07/18/2016  14:16:52  PAGE 35


  C:3093H         LINE#         79
  C:3095H         LINE#         80
  C:3098H         LINE#         87
  C:3098H         LINE#         88
  -------         ENDPROC       SCON485_INT
  -------         PROC          _USART1_SENDBYTE
  D:0007H         SYMBOL        byte
[...]
  C:1C25H         SYMBOL        L?0146
  -------         PROC          _PCDWRITE
  D:0007H         SYMBOL        addr
  X:024FH         SYMBOL        pData
  -------         DO            
  D:0007H         SYMBOL        status
  X:0252H         SYMBOL        unLen
  D:0006H         SYMBOL        i
  X:0254H         SYMBOL        ucComMF522Buf
  -------         ENDDO         
  C:1C2CH         LINE#         355
  C:1C37H         LINE#         356
  C:1C37H         LINE#         361
  C:1C3DH         LINE#         362
  C:1C40H         LINE#         363
  C:1C59H         LINE#         365
  C:1C82H         LINE#         367
  C:1C9BH         LINE#         368
  C:1C9DH         LINE#         370
  C:1CA3H         LINE#         371
  C:1CA3H         LINE#         373
  C:1CA4H         LINE#         374
  C:1CC9H         LINE#         375
  C:1CE2H         LINE#         377
  C:1D0BH         LINE#         378
  C:1D24H         LINE#         379
  C:1D26H         LINE#         380
  C:1D26H         LINE#         382
  C:1D26H         LINE#         383
  -------         ENDPROC       _PCDWRITE
  -------         PROC          _PCDVALUE
  D:0007H         SYMBOL        dd_mode
  X:0237H         SYMBOL        addr
  X:0238H         SYMBOL        pValue
  -------         DO            
  D:0007H         SYMBOL        status
BL51 BANKED LINKER/LOCATER V6.22                                                      07/18/2016  14:16:52  PAGE 47


  X:023BH         SYMBOL        unLen
  D:0006H         SYMBOL        i
  X:023DH         SYMBOL        ucComMF522Buf
  -------         ENDDO         
  C:214AH         LINE#         394
  C:215AH         LINE#         395
  C:215AH         LINE#         400
  C:215FH         LINE#         401
  C:2161H         LINE#         402
  C:2164H         LINE#         404
  C:2167H         LINE#         406
  C:2180H         LINE#         407
  C:2182H         LINE#         409
  C:2185H         LINE#         410
  C:2185H         LINE#         412
  C:2186H         LINE#         413
  C:21ABH         LINE#         414
  C:21C4H         LINE#         415
  C:21CBH         LINE#         416
  C:21D0H         LINE#         417
  C:21D5H         LINE#         418
  C:21D7H         LINE#         419
  C:21D7H         LINE#         421
  C:21DAH         LINE#         422
  C:21DAH         LINE#         423
  C:21E0H         LINE#         424
  C:21E7H         LINE#         425
  C:21EAH         LINE#         427
  C:21EDH         LINE#         429
  C:2206H         LINE#         430
  C:2208H         LINE#         431
  C:2208H         LINE#         432
  C:2208H         LINE#         433
  -------         ENDPROC       _PCDVALUE
  -------         PROC          _PCDBAKVALUE
  D:0007H         SYMBOL        sourceaddr
  X:0266H         SYMBOL        goaladdr
  -------         DO            
  D:0007H         SYMBOL        status
  X:0267H         SYMBOL        unLen
  X:0269H         SYMBOL        ucComMF522Buf
  -------         ENDDO         
  C:19E8H         LINE#         440
  C:19EDH         LINE#         441
  C:19EDH         LINE#         446
  C:19F3H         LINE#         447
  C:19F6H         LINE#         448
  C:1A0FH         LINE#         450
  C:1A38H         LINE#         452
  C:1A51H         LINE#         453
  C:1A53H         LINE#         455
  C:1A56H         LINE#         456
  C:1A56H         LINE#         457
  C:1A5AH         LINE#         458
  C:1A5CH         LINE#         459
  C:1A5EH         LINE#         460
  C:1A60H         LINE#         461
BL51 BANKED LINKER/LOCATER V6.22                                                      07/18/2016  14:16:52  PAGE 48


  C:1A78H         LINE#         463
  C:1AA1H         LINE#         464
  C:1AA6H         LINE#         465
  C:1AA8H         LINE#         466
  C:1AA8H         LINE#         468
  C:1AABH         LINE#         469
  C:1AAEH         LINE#         471
  C:1AB4H         LINE#         472
  C:1ABCH         LINE#         474
  C:1AD5H         LINE#         476
  C:1AFEH         LINE#         478
  C:1B17H         LINE#         479
  C:1B19H         LINE#         481
  C:1B19H         LINE#         482
  -------         ENDPROC       _PCDBAKVALUE
  -------         PROC          PCDHALT
  -------         DO            
  X:01E1H         SYMBOL        status
  X:01E2H         SYMBOL        unLen
  X:01E4H         SYMBOL        ucComMF522Buf
  -------         ENDDO         
  C:2A72H         LINE#         489
  C:2A72H         LINE#         490
  C:2A72H         LINE#         495
  C:2A78H         LINE#         496
  C:2A7BH         LINE#         497
  C:2A93H         LINE#         499
  C:2AC1H         LINE#         501
  C:2AC3H         LINE#         502
  -------         ENDPROC       PCDHALT
  C:238EH         SYMBOL        L?0144
  -------         PROC          L?0143
  -------         ENDPROC       L?0143
  C:238EH         SYMBOL        L?0144
  -------         PROC          _CALULATECRC
  X:01F8H         SYMBOL        pIndata
  X:01FBH         SYMBOL        len
  X:01FCH         SYMBOL        pOutData
  -------         DO            
  X:01FFH         SYMBOL        i
  D:0007H         SYMBOL        n
  -------         ENDDO         
  C:2392H         LINE#         509
  C:23A0H         LINE#         510
  C:23A0H         LINE#         512
  C:23A7H         LINE#         513
  C:23AEH         LINE#         514
  C:23B5H         LINE#         515
  C:23C8H         LINE#         516
  C:23E9H         LINE#         517
  C:23F0H         LINE#         518
  C:23F6H         LINE#         520
  C:23F6H         LINE#         521
  C:23FBH         LINE#         522
  C:2401H         LINE#         523
  C:2401H         LINE#         524
  C:2408H         LINE#         525
BL51 BANKED LINKER/LOCATER V6.22                                                      07/18/2016  14:16:52  PAGE 49


  C:241CH         LINE#         526
  -------         ENDPROC       _CALULATECRC
  -------         PROC          PCDRESET
  -------         DO            
  X:01E1H         SYMBOL        i
  -------         ENDDO         
  C:2B63H         LINE#         534
  C:2B63H         LINE#         535
  C:2B63H         LINE#         537
  C:2B65H         LINE#         539
  C:2B66H         LINE#         541
  C:2B68H         LINE#         543
  C:2B69H         LINE#         545
  C:2B6BH         LINE#         547
  C:2B72H         LINE#         549
  C:2B79H         LINE#         551
  C:2B7AH         LINE#         554
  C:2B81H         LINE#         555
  C:2B88H         LINE#         556
  C:2B8FH         LINE#         557
  C:2B96H         LINE#         558
  C:2B9DH         LINE#         559
  C:2BA4H         LINE#         560
  C:2BAEH         LINE#         562
  C:2BB0H         LINE#         563
  -------         ENDPROC       PCDRESET
  C:0C79H         SYMBOL        L?0141
  C:0C99H         SYMBOL        L?0142
  -------         PROC          L?0140
  -------         ENDPROC       L?0140
  C:0C79H         SYMBOL        L?0141
  C:0C99H         SYMBOL        L?0142
  -------         PROC          _PCDCOMMF522
  X:01FEH         SYMBOL        Command
  X:01FFH         SYMBOL        pInData
  X:0202H         SYMBOL        InLenByte
  X:0203H         SYMBOL        pOutData
  X:0206H         SYMBOL        pOutLenBit
  -------         DO            
  X:0209H         SYMBOL        status
  X:020AH         SYMBOL        irqEn
  X:020BH         SYMBOL        waitFor
  D:0005H         SYMBOL        lastBits
  X:020CH         SYMBOL        n
  X:020DH         SYMBOL        i
  -------         ENDDO         
  C:0C9DH         LINE#         574
  C:0CADH         LINE#         579
  C:0CADH         LINE#         580
  C:0CB3H         LINE#         581
  C:0CB6H         LINE#         582
  C:0CB8H         LINE#         586
  C:0CC1H         LINE#         587
  C:0CC1H         LINE#         588
  C:0CC1H         LINE#         589
  C:0CC7H         LINE#         590
  C:0CCBH         LINE#         591
BL51 BANKED LINKER/LOCATER V6.22                                                      07/18/2016  14:16:52  PAGE 50


  C:0CCDH         LINE#         592
  C:0CCDH         LINE#         593
  C:0CD3H         LINE#         594
  C:0CD7H         LINE#         595
  C:0CD7H         LINE#         596
  C:0CD7H         LINE#         597
  C:0CD7H         LINE#         598
  C:0CD7H         LINE#         600
  C:0CE3H         LINE#         601
  C:0CEAH         LINE#         602
  C:0CF1H         LINE#         603
  C:0CF8H         LINE#         605
  C:0D13H         LINE#         606
  C:0D3BH         LINE#         607
  C:0D45H         LINE#         610
  C:0D4CH         LINE#         611
  C:0D53H         LINE#         613
  C:0D5DH         LINE#         615
  C:0D5DH         LINE#         616
  C:0D67H         LINE#         617
  C:0D75H         LINE#         618
  C:0D75H         LINE#         619
  C:0D8DH         LINE#         620
  C:0D94H         LINE#         622
  C:0DA1H         LINE#         623
  C:0DA1H         LINE#         624
  C:0DAEH         LINE#         625
  C:0DAEH         LINE#         626
  C:0DB2H         LINE#         627
  C:0DBDH         LINE#         628
  C:0DC3H         LINE#         629
  C:0DCEH         LINE#         630
  C:0DCEH         LINE#         631
  C:0DD8H         LINE#         632
  C:0DE1H         LINE#         633
  C:0DE3H         LINE#         634
  C:0E0CH         LINE#         636
  C:0E27H         LINE#         637
  C:0E2DH         LINE#         638
  C:0E2FH         LINE#         639
  C:0E38H         LINE#         640
  C:0E3BH         LINE#         641
  C:0E55H         LINE#         642
  C:0E84H         LINE#         643
  C:0E84H         LINE#         644
  C:0E84H         LINE#         646
  C:0E8AH         LINE#         648
  C:0E8AH         LINE#         651
  C:0E91H         LINE#         652
  C:0E98H         LINE#         653
  C:0E9DH         LINE#         654
  -------         ENDPROC       _PCDCOMMF522
  -------         PROC          PCDANTENNAON
  -------         DO            
  D:0007H         SYMBOL        i
  -------         ENDDO         
  C:2FF3H         LINE#         661
BL51 BANKED LINKER/LOCATER V6.22                                                      07/18/2016  14:16:52  PAGE 51


  C:2FF3H         LINE#         662
  C:2FF3H         LINE#         664
  C:2FF8H         LINE#         665
  C:2FFDH         LINE#         666
  C:2FFDH         LINE#         667
  C:3004H         LINE#         668
  C:3004H         LINE#         669
  -------         ENDPROC       PCDANTENNAON
  -------         PROC          PCDANTENNAOFF
  C:30A0H         LINE#         676
  C:30A0H         LINE#         677
  C:30A0H         LINE#         678
  -------         ENDPROC       PCDANTENNAOFF
  -------         ENDMOD        MRC522_API

  -------         MODULE        MRC522_HAL
  C:0000H         SYMBOL        _ICE_DUMMY_
  D:0080H         PUBLIC        P0
  D:0090H         PUBLIC        P1
  D:00A0H         PUBLIC        P2
  D:00B0H         PUBLIC        P3
  D:00C0H         PUBLIC        P4
  D:00C8H         PUBLIC        P5
  D:00A8H         PUBLIC        IE
  D:00B8H         PUBLIC        IP
  C:3055H         PUBLIC        _ClearBitMask
  D:00D8H         PUBLIC        CCON
  D:0098H         PUBLIC        SCON
  D:0088H         PUBLIC        TCON
  C:2CDCH         PUBLIC        _ReadRawRC
  B:0080H.0       PUBLIC        MF522_MISO
  B:00A0H.7       PUBLIC        MF522_MOSI
  C:2D55H         PUBLIC        _WriteRawRC
  C:3063H         PUBLIC        _SetBitMask
  B:00A0H.4       PUBLIC        MF522_SDA
  B:00A0H.6       PUBLIC        MF522_SCK
  D:00D0H         PUBLIC        PSW
  -------         PROC          _WRITERAWRC
  D:0007H         SYMBOL        Address
  D:0005H         SYMBOL        value
  -------         DO            
  D:0006H         SYMBOL        i
  D:0007H         SYMBOL        ucAddr
  -------         ENDDO         
  C:2D55H         LINE#         8
  C:2D55H         LINE#         9
  C:2D55H         LINE#         12
  C:2D57H         LINE#         13
  C:2D59H         LINE#         14
  C:2D5FH         LINE#         16
  C:2D61H         LINE#         17
  C:2D61H         LINE#         18
  C:2D6BH         LINE#         19
  C:2D6DH         LINE#         20
  C:2D71H         LINE#         21
  C:2D73H         LINE#         22
  C:2D75H         LINE#         24
BL51 BANKED LINKER/LOCATER V6.22                                                      07/18/2016  14:16:52  PAGE 52


  C:2D77H         LINE#         25
  C:2D77H         LINE#         26
  C:2D81H         LINE#         27
  C:2D83H         LINE#         28
  C:2D87H         LINE#         29
  C:2D89H         LINE#         30
  C:2D8BH         LINE#         31
  C:2D8DH         LINE#         32
  C:2D8FH         LINE#         33
  -------         ENDPROC       _WRITERAWRC
  -------         PROC          L?0023
  -------         ENDPROC       L?0023
  -------         PROC          _READRAWRC
  D:0007H         SYMBOL        Address
  -------         DO            
  D:0005H         SYMBOL        i
  D:0007H         SYMBOL        ucAddr
  D:0006H         SYMBOL        ucResult
  -------         ENDDO         
  C:2CDCH         LINE#         40
  C:2CDCH         LINE#         41
  C:2CDCH         LINE#         43
  C:2CDEH         LINE#         45
  C:2CE0H         LINE#         46
  C:2CE2H         LINE#         47
  C:2CEAH         LINE#         49
  C:2CECH         LINE#         50
  C:2CECH         LINE#         51
  C:2CF6H         LINE#         52
  C:2CF8H         LINE#         53
  C:2CFCH         LINE#         54
  C:2CFEH         LINE#         55
  C:2D00H         LINE#         57
  C:2D02H         LINE#         58
  C:2D02H         LINE#         59
  C:2D04H         LINE#         60
  C:2D08H         LINE#         61
  C:2D0EH         LINE#         62
  C:2D10H         LINE#         63
  C:2D12H         LINE#         65
  C:2D14H         LINE#         66
  C:2D16H         LINE#         67
  C:2D18H         LINE#         68
  -------         ENDPROC       _READRAWRC
  -------         PROC          _SETBITMASK
  D:0004H         SYMBOL        reg
  D:0003H         SYMBOL        mask
  -------         DO            
  D:0006H         SYMBOL        tmp
  -------         ENDDO         
  C:3063H         LINE#         75
  C:3063H         LINE#         76
  C:3063H         LINE#         77
  C:3063H         LINE#         78
  C:3068H         LINE#         79
  -------         ENDPROC       _SETBITMASK
  -------         PROC          _CLEARBITMASK
BL51 BANKED LINKER/LOCATER V6.22                                                      07/18/2016  14:16:52  PAGE 53


  D:0004H         SYMBOL        reg
  D:0003H         SYMBOL        mask
  -------         DO            
  D:0006H         SYMBOL        tmp
  -------         ENDDO         
  C:3055H         LINE#         87
  C:3055H         LINE#         88
  C:3055H         LINE#         89
  C:3055H         LINE#         90
  C:305AH         LINE#         91
  -------         ENDPROC       _CLEARBITMASK
  -------         ENDMOD        MRC522_HAL

  -------         MODULE        LED_DISPLAY
  C:0000H         SYMBOL        _ICE_DUMMY_
  D:0080H         PUBLIC        P0
  D:0090H         PUBLIC        P1
  D:00A0H         PUBLIC        P2
  D:00B0H         PUBLIC        P3
  D:00C0H         PUBLIC        P4
  D:00C8H         PUBLIC        P5
  D:00A8H         PUBLIC        IE
  D:00B8H         PUBLIC        IP
  D:00D8H         PUBLIC        CCON
  D:0098H         PUBLIC        SCON
  D:0088H         PUBLIC        TCON
  D:00D0H         PUBLIC        PSW
  -------         ENDMOD        LED_DISPLAY

  -------         MODULE        ?C?CLDPTR
  C:1459H         PUBLIC        ?C?CLDPTR
  -------         ENDMOD        ?C?CLDPTR

  -------         MODULE        ?C?CLDOPTR
  C:1472H         PUBLIC        ?C?CLDOPTR
  -------         ENDMOD        ?C?CLDOPTR

  -------         MODULE        ?C?CSTPTR
  C:149FH         PUBLIC        ?C?CSTPTR
  -------         ENDMOD        ?C?CSTPTR

  -------         MODULE        ?C?CSTOPTR
  C:14B1H         PUBLIC        ?C?CSTOPTR
  -------         ENDMOD        ?C?CSTOPTR

  -------         MODULE        ?C?IMUL
  C:14D3H         PUBLIC        ?C?IMUL
  -------         ENDMOD        ?C?IMUL

  -------         MODULE        ?C?UIDIV
  C:14E5H         PUBLIC        ?C?UIDIV
  -------         ENDMOD        ?C?UIDIV

  -------         MODULE        ?C?IILDX
  C:153AH         PUBLIC        ?C?IILDX
  -------         ENDMOD        ?C?IILDX

BL51 BANKED LINKER/LOCATER V6.22                                                      07/18/2016  14:16:52  PAGE 54


  -------         MODULE        ?C?ILDIX
  C:1550H         PUBLIC        ?C?ILDIX
  -------         ENDMOD        ?C?ILDIX

  -------         MODULE        ?C?ISTPTR
  C:1566H         PUBLIC        ?C?ISTPTR
  -------         ENDMOD        ?C?ISTPTR

  -------         MODULE        ?C?OFFXADD
  C:1585H         PUBLIC        ?C?OFFXADD
  -------         ENDMOD        ?C?OFFXADD

  -------         MODULE        PRINTF
  X:020FH         PUBLIC        ?_PRINTF517?BYTE
  X:020FH         PUBLIC        ?_PRINTF?BYTE
  X:020FH         PUBLIC        ?_SPRINTF517?BYTE
  X:020FH         PUBLIC        ?_SPRINTF?BYTE
  C:0741H         PUBLIC        _PRINTF
  C:0741H         PUBLIC        _PRINTF517
  C:073BH         PUBLIC        _SPRINTF
  C:073BH         PUBLIC        _SPRINTF517
  -------         ENDMOD        PRINTF

  -------         MODULE        ?C?PLDIXDATA
  C:1591H         PUBLIC        ?C?PLDIXDATA
  -------         ENDMOD        ?C?PLDIXDATA

  -------         MODULE        ?C?PSTXDATA
  C:15A8H         PUBLIC        ?C?PSTXDATA
  -------         ENDMOD        ?C?PSTXDATA

  -------         MODULE        ?C?CCASE
  C:15B1H         PUBLIC        ?C?CCASE
  -------         ENDMOD        ?C?CCASE

  -------         MODULE        PUTCHAR
  C:2EA0H         PUBLIC        _PUTCHAR
  -------         ENDMOD        PUTCHAR

*** WARNING L16: UNCALLED SEGMENT, IGNORED FOR OVERLAY PROCESS
    SEGMENT: ?PR?LOADPARAINEEPROM?EEPROM

*** WARNING L16: UNCALLED SEGMENT, IGNORED FOR OVERLAY PROCESS
    SEGMENT: ?PR?SCAN_KEYBOARD?KEY

*** WARNING L16: UNCALLED SEGMENT, IGNORED FOR OVERLAY PROCESS
    SEGMENT: ?PR?PROCESS_KEYBOARD?KEY

*** WARNING L16: UNCALLED SEGMENT, IGNORED FOR OVERLAY PROCESS
    SEGMENT: ?PR?DIGITAL_LED_CNTRL_INIT?LED

*** WARNING L16: UNCALLED SEGMENT, IGNORED FOR OVERLAY PROCESS
    SEGMENT: ?PR?LED_SCAN?LED

*** WARNING L16: UNCALLED SEGMENT, IGNORED FOR OVERLAY PROCESS
    SEGMENT: ?PR?CMD_LED_FLASH?LED

BL51 BANKED LINKER/LOCATER V6.22                                                      07/18/2016  14:16:52  PAGE 55


*** WARNING L16: UNCALLED SEGMENT, IGNORED FOR OVERLAY PROCESS
    SEGMENT: ?PR?CMD_LIGHETOWER_FLASH?LED

*** WARNING L16: UNCALLED SEGMENT, IGNORED FOR OVERLAY PROCESS
    SEGMENT: ?PR?DIGITAL_LED_DISP?LED

*** WARNING L16: UNCALLED SEGMENT, IGNORED FOR OVERLAY PROCESS
    SEGMENT: ?PR?DIGITAL_LED_DISPADDR?LED

*** WARNING L16: UNCALLED SEGMENT, IGNORED FOR OVERLAY PROCESS
    SEGMENT: ?PR?LED_BLINK?LED

*** WARNING L16: UNCALLED SEGMENT, IGNORED FOR OVERLAY PROCESS
    SEGMENT: ?PR?CMD_PROCESS?PROCESS

*** WARNING L16: UNCALLED SEGMENT, IGNORED FOR OVERLAY PROCESS
    SEGMENT: ?PR?UART232_INIT?UART

*** WARNING L16: UNCALLED SEGMENT, IGNORED FOR OVERLAY PROCESS
    SEGMENT: ?PR?IO_INIT?INIT

*** WARNING L16: UNCALLED SEGMENT, IGNORED FOR OVERLAY PROCESS
    SEGMENT: ?PR?START_INIT?INIT

*** WARNING L16: UNCALLED SEGMENT, IGNORED FOR OVERLAY PROCESS
    SEGMENT: ?PR?_M1_WRITE?MRC522_API

*** WARNING L16: UNCALLED SEGMENT, IGNORED FOR OVERLAY PROCESS
    SEGMENT: ?PR?_PCDVALUE?MRC522_API

*** WARNING L16: UNCALLED SEGMENT, IGNORED FOR OVERLAY PROCESS
    SEGMENT: ?PR?_PCDBAKVALUE?MRC522_API

Program Size: data=27.2 xdata=729 code=12463
LINK/LOCATE RUN COMPLETE.  17 WARNING(S),  0 ERROR(S)
